param guiderSettings
    # variable type {label} {default} {Long description}
    exptime entry {Exposure time (s)} {DEFexptime} { }
    gain entry {CCD Gain} {DEFgain} { }
    filter menu {ACAM Filter} {DEFfilter|block|g|r|i|open|clear} { }
    focus entry {Focus} {DEFfocus} { }  ### DELETE THIS 
endparam
param focusParam
    focus entry {TCS Focus (mm)} {DEFfocus} { }
endparam
#############
buttonbar
#############
SHOW SLIT
*
button
$dir/show_tcs_guider.sh # | $text
#############
FOCUS
*
button
$param(focusParam) ; tcs setfocus $focus # | $text
#############
PUT ON SLIT
*
button
$message(yesno,Move slit center to crosshairs?) | $dir/putonslit.sh guider #| $text # FORMERLY get_crosshair_pos.sh
#############
GUIDE
*
button
$message(yesno,Start guiding in this position?) | acam acquire here # | $text
#############
STOP
*
button
$message(yesno,Stop guiding?) | acam acquire stop # | $text
#############
#CALIBRATE
#*
#button
#$message(yesno,Calibrate ACAM? This will send some offsets.) | acam offsetcal | $text
#############
endbuttonbar
buttonbar
#############    $dir macro refers to directory of this file
SYNC DISPLAY
*
button
$dir/sync_display.sh guider # | $text
#############
CAMERA SETTINGS
*
button
$param(guiderSettings) ; acam guideset $exptime $gain $filter $focus # | $text
#############
GRAB FITS
*
button
$dir/grabfits.sh guider # | $text
#############
GUI HELP
*
button
cat $dir/help_guider.txt | $text
#############
endbuttonbar

hmenu Stuff
  startsync
  *
  menu
  $dir/sync_display.sh guider # | $text

  world
  *
  menu
  echo "World" | $text

  hmenu More Stuff
    hello world
    *
    menu
    echo "Hello World" | $text
  endhmenu
endhmenu
# Bind command example
# Show Settings
# *
# bind S
# $param(guiderSettings); ./sync_daemon.sh $exptime $good $filter $gain | $text 
