param guiderSettings
    # variable type {label} {default} {Long description}
    exptime entry {Exposure time} {DEFexptime} {Exptime in seconds}
    gain entry {Gain} {DEFgain} {Camera conversion gain}
    filter menu {Filter} {DEFfilter|block|g|r|i|open|clear} {ACAM Filter}
    focus entry {Focus} {DEFfocus} {Telescope focus position}
endparam
#############
buttonbar
#############    $dir macro refers to directory of this file
SYNC DISPLAY
*
button
$dir/sync_display.sh guider # | $text
#############
CAM SETTINGS
*
button
$param(guiderSettings) ; acam guideset $exptime $gain $filter $focus # | $text
#############
GRAB FITS
*
button
$dir/grabfits.sh guider # | $text
#############
PUT ON SLIT
*
button
$message(yesno,Move slit center to crosshairs?) | $dir/get_crosshair_pos.sh # | $text
#############
GUIDE HERE
*
button
$message(yesno,Start guiding here?) | $dir/guide_here.sh | $text
#############
CALIBRATE
*
button
$message(yesno,Calibrate ACAM? This will send some offsets.) | acam offsetcal | $text
#############
GUI HELP
*
button
cat $dir/help_guider.txt | $text
#############
endbuttonbar
hmenu Stuff
  startsync
  *
  menu
  $dir/sync_display.sh guider # | $text

  world
  *
  menu
  echo "World" | $text

  hmenu More Stuff
    hello world
    *
    menu
    echo "Hello World" | $text
  endhmenu
endhmenu
# Bind command example
# Show Settings
# *
# bind S
# $param(guiderSettings); ./sync_daemon.sh $exptime $good $filter $gain | $text 
