param guiderSettings
    # variable type {label} {default} {Long description}
    exptime entry {Exposure time (s)} {DEFexptime} { }
    gain entry {CCD EMGain (1=off)} {DEFgain} { }
    filter menu {ACAM Filter} {DEFfilter|block|g|r|i|open|clear} { }
    navg entry {Rolling Average (N frames)} {DEFnavg} { }
    reset checkbox {Reset Average} 1 { }
endparam
param focusParam
    focus entry {TCS Focus (mm)} {DEFfocus} { }
endparam
#############
buttonbar
#############
SHOW SLIT
*
button
$dir/show_tcs_guider.sh # | $text
#############
FOCUS
*
button
$param(focusParam) ; tcs setfocus $focus # | $text
#############
PUT ON SLIT
*
button
$message(yesno,Move slit center to crosshairs?  Note: open loop TCS moves are never perfect.) | $dir/putonslit.sh guider #| $text 
#############
GUIDE
*
button
$message(yesno,Start guiding in this position?) | acam acquire here # | $text
#############
STOP GUIDING
*
button
$message(yesno,Stop guiding?) | acam acquire stop # | $text
#############
endbuttonbar
buttonbar
#############    $dir macro refers to directory of this file
SYNC GUI
*
button
$dir/sync_display.sh guider # | $text
#############
CAMERA SETTINGS
*
button
$param(guiderSettings) ; acam guideset $exptime $gain $filter $navg $reset # | $text
#############
GRAB FITS
*
button
$dir/grabfits.sh guider # | $text
#############
GRAB HEADER
*
button
xpaget $xpa fits header | $text
#############
GUI HELP
*
button
cat $dir/help_guider.txt | $text
#############
endbuttonbar

hmenu NGPS Commands
  startsync
  *
  menu
  $dir/sync_display.sh guider # | $text

  CALIBRATE
  *
  menu
  $message(okcancel,STEP 1: Slew to a target.  STEP 2: Offset until it is precisely centered on the slit.  STEP 3: Ask operator to remove offsets with TX command.  STEP 4: Click OK to calibrate ACAM.) | $dir/acam_calibrate.sh | $text

  # hmenu More Stuff
  #   hello world
  #   *
  #   menu
  #   echo "Hello World" | $text
  # endhmenu
  
endhmenu

# Bind command example
Print coordinates
*.fits
bind Double-Button-1
echo "$x $y" | $text
# Bind command example
# Show Settings
# *
# bind S
# $param(guiderSettings); ./sync_daemon.sh $exptime $good $filter $gain | $text 
