HEAP DUMP BEGIN (6918 objects, 1114312 bytes) Thu Feb 13 09:50:04 2003
ROOT 8202ba0 (kind=<thread>, id=6, trace=1)
ROOT 8113408 (kind=<thread>, id=5, trace=1)
ROOT 808b7b0 (kind=<thread>, id=1, trace=475)
ROOT 808b3b8 (kind=<thread>, id=2, trace=476)
ROOT 808b698 (kind=<Java stack>, thread=1, frame=4)
ROOT 808b678 (kind=<Java stack>, thread=1, frame=3)
ROOT 808b698 (kind=<Java stack>, thread=1, frame=3)
ROOT 808b678 (kind=<Java stack>, thread=1, frame=2)
ROOT 808b7b0 (kind=<Java stack>, thread=1, frame=1)
ROOT 808b2f8 (kind=<Java stack>, thread=2, frame=3)
ROOT 808b2f8 (kind=<Java stack>, thread=2, frame=2)
ROOT 808b2f8 (kind=<Java stack>, thread=2, frame=1)
ROOT 808b3b8 (kind=<Java stack>, thread=2, frame=1)
ROOT 0 (kind=<JNI global ref>, id=cc040708, trace=0)
ROOT 0 (kind=<JNI global ref>, id=d0040708, trace=0)
ROOT 808aef8 (kind=<system class>, name=java.lang.Object)
ROOT 809f310 (kind=<system class>, name=java.io.Serializable)
ROOT 809f330 (kind=<system class>, name=java.lang.Comparable)
ROOT 809f350 (kind=<system class>, name=java.lang.CharSequence)
ROOT 808a868 (kind=<system class>, name=java.lang.String)
ROOT 808a758 (kind=<system class>, name=java.lang.Class)
ROOT 809f3b0 (kind=<system class>, name=java.lang.Cloneable)
ROOT 809f570 (kind=<system class>, name=java.lang.ClassLoader)
ROOT 809f650 (kind=<system class>, name=java.lang.System)
ROOT 809f750 (kind=<system class>, name=java.lang.Throwable)
ROOT 809f7d0 (kind=<system class>, name=java.lang.Error)
ROOT 809f850 (kind=<system class>, name=java.lang.ThreadDeath)
ROOT 809f8d0 (kind=<system class>, name=java.lang.Exception)
ROOT 809f950 (kind=<system class>, name=java.lang.RuntimeException)
ROOT 809f9f0 (kind=<system class>, name=java.security.ProtectionDomain)
ROOT 808ac90 (kind=<system class>, name=java.security.AccessControlContext)
ROOT 809fb10 (kind=<system class>, name=java.lang.ClassNotFoundException)
ROOT 809fbb0 (kind=<system class>, name=java.lang.LinkageError)
ROOT 809fc10 (kind=<system class>, name=java.lang.NoClassDefFoundError)
ROOT 809fc90 (kind=<system class>, name=java.lang.ClassCastException)
ROOT 809fd10 (kind=<system class>, name=java.lang.ArrayStoreException)
ROOT 809fdb0 (kind=<system class>, name=java.lang.VirtualMachineError)
ROOT 809fe10 (kind=<system class>, name=java.lang.OutOfMemoryError)
ROOT 809fe90 (kind=<system class>, name=java.lang.StackOverflowError)
ROOT 809ff30 (kind=<system class>, name=java.lang.ref.Reference)
ROOT 808cfa8 (kind=<system class>, name=java.lang.ref.SoftReference)
ROOT 809af10 (kind=<system class>, name=java.lang.ref.WeakReference)
ROOT 80a0090 (kind=<system class>, name=java.lang.ref.FinalReference)
ROOT 80a0110 (kind=<system class>, name=java.lang.ref.PhantomReference)
ROOT 809a710 (kind=<system class>, name=java.lang.ref.Finalizer)
ROOT 80a02b0 (kind=<system class>, name=java.lang.Runnable)
ROOT 808ab90 (kind=<system class>, name=java.lang.Thread)
ROOT 808aa48 (kind=<system class>, name=java.lang.ThreadGroup)
ROOT 80a0610 (kind=<system class>, name=java.util.Dictionary)
ROOT 80a06b0 (kind=<system class>, name=java.util.Map)
ROOT 809b8d0 (kind=<system class>, name=java.util.Hashtable)
ROOT 808b990 (kind=<system class>, name=java.util.Properties)
ROOT 80a0970 (kind=<system class>, name=java.lang.reflect.AccessibleObject)
ROOT 80a0a50 (kind=<system class>, name=java.lang.reflect.Member)
ROOT 80a0ad0 (kind=<system class>, name=java.lang.reflect.Field)
ROOT 80a0b90 (kind=<system class>, name=java.lang.reflect.Method)
ROOT 8098e00 (kind=<system class>, name=java.lang.reflect.Constructor)
ROOT 80a0cb0 (kind=<system class>, name=sun.reflect.MagicAccessorImpl)
ROOT 80a0d70 (kind=<system class>, name=sun.reflect.MethodAccessor)
ROOT 80a0dd0 (kind=<system class>, name=sun.reflect.MethodAccessorImpl)
ROOT 80a0e90 (kind=<system class>, name=sun.reflect.ConstructorAccessor)
ROOT 80a0ef0 (kind=<system class>, name=sun.reflect.ConstructorAccessorImpl)
ROOT 80a0f70 (kind=<system class>, name=sun.reflect.DelegatingClassLoader)
ROOT 80a1070 (kind=<system class>, name=java.util.Collection)
ROOT 80a10d0 (kind=<system class>, name=java.util.AbstractCollection)
ROOT 80a1190 (kind=<system class>, name=java.util.List)
ROOT 80a1230 (kind=<system class>, name=java.util.AbstractList)
ROOT 80a12d0 (kind=<system class>, name=java.util.RandomAccess)
ROOT 808ae38 (kind=<system class>, name=java.util.Vector)
ROOT 8098d20 (kind=<system class>, name=java.lang.StringBuffer)
ROOT 80a14b0 (kind=<system class>, name=java.nio.Buffer)
ROOT 80a1550 (kind=<system class>, name=sun.misc.AtomicLong)
ROOT 80a15b0 (kind=<system class>, name=sun.misc.AtomicLongCSImpl)
ROOT 809d488 (kind=<system class>, name=java.lang.Boolean)
ROOT 80a16f0 (kind=<system class>, name=java.lang.Character)
ROOT 80a1890 (kind=<system class>, name=java.lang.Number)
ROOT 80a1930 (kind=<system class>, name=java.lang.Float)
ROOT 80a19f0 (kind=<system class>, name=java.lang.Double)
ROOT 80a1ad0 (kind=<system class>, name=java.lang.Byte)
ROOT 80a1bb0 (kind=<system class>, name=java.lang.Short)
ROOT 809c228 (kind=<system class>, name=java.lang.Integer)
ROOT 80a1d90 (kind=<system class>, name=java.lang.Long)
ROOT 80a2030 (kind=<system class>, name=java.lang.NullPointerException)
ROOT 80a2150 (kind=<system class>, name=java.lang.ArithmeticException)
ROOT 80a2270 (kind=<system class>, name=java.lang.StrictMath)
ROOT 808a908 (kind=<system class>, name=java.io.ObjectStreamField)
ROOT 80a23f0 (kind=<system class>, name=java.util.Comparator)
ROOT 808a9a8 (kind=<system class>, name=java.lang.String$CaseInsensitiveComparator)
ROOT 80a2530 (kind=<system class>, name=java.security.AccessController)
ROOT 80a2650 (kind=<system class>, name=java.security.Guard)
ROOT 80a26b0 (kind=<system class>, name=java.security.Permission)
ROOT 80a2770 (kind=<system class>, name=java.security.BasicPermission)
ROOT 808ad78 (kind=<system class>, name=java.lang.reflect.ReflectPermission)
ROOT 80a2970 (kind=<system class>, name=java.security.PrivilegedAction)
ROOT 80a29d0 (kind=<system class>, name=sun.reflect.ReflectionFactory$GetReflectionFactoryAction)
ROOT 808aff8 (kind=<system class>, name=java.util.Stack)
ROOT 808b198 (kind=<system class>, name=sun.reflect.ReflectionFactory)
ROOT 808b0d8 (kind=<system class>, name=java.lang.RuntimePermission)
ROOT 808b258 (kind=<system class>, name=java.lang.ref.Reference$Lock)
ROOT 808b318 (kind=<system class>, name=java.lang.ref.Reference$ReferenceHandler)
ROOT 808b5d8 (kind=<system class>, name=java.lang.ref.ReferenceQueue)
ROOT 808b418 (kind=<system class>, name=java.lang.ref.ReferenceQueue$Null)
ROOT 808b4d8 (kind=<system class>, name=java.lang.ref.ReferenceQueue$Lock)
ROOT 808b710 (kind=<system class>, name=java.lang.ref.Finalizer$FinalizerThread)
ROOT 80a3090 (kind=<system class>, name=java.util.Enumeration)
ROOT 808b7f0 (kind=<system class>, name=java.util.Hashtable$EmptyEnumerator)
ROOT 80a31b0 (kind=<system class>, name=java.util.Iterator)
ROOT 808b8b0 (kind=<system class>, name=java.util.Hashtable$EmptyIterator)
ROOT 80a3510 (kind=<system class>, name=java.io.ObjectStreamClass)
ROOT 80a3610 (kind=<system class>, name=java.util.AbstractMap)
ROOT 808ba70 (kind=<system class>, name=sun.misc.SoftCache)
ROOT 808bb90 (kind=<system class>, name=java.util.HashMap)
ROOT 80a38b0 (kind=<system class>, name=java.util.Map$Entry)
ROOT 808bc50 (kind=<system class>, name=java.util.HashMap$Entry)
ROOT 80a39f0 (kind=<system class>, name=java.lang.IncompatibleClassChangeError)
ROOT 80a3a50 (kind=<system class>, name=java.lang.NoSuchMethodError)
ROOT 808be30 (kind=<system class>, name=java.util.Hashtable$Entry)
ROOT 80a3c30 (kind=<system class>, name=java.lang.StringCoding)
ROOT 808ce70 (kind=<system class>, name=java.lang.ThreadLocal)
ROOT 80a3e10 (kind=<system class>, name=sun.io.Converters)
ROOT 80a3ed0 (kind=<system class>, name=sun.reflect.Reflection)
ROOT 80a4030 (kind=<system class>, name=sun.security.action.GetPropertyAction)
ROOT 808d068 (kind=<system class>, name=java.lang.ThreadLocal$ThreadLocalMap)
ROOT 808d128 (kind=<system class>, name=java.lang.ThreadLocal$ThreadLocalMap$Entry)
ROOT 80a42b0 (kind=<system class>, name=java.nio.charset.Charset)
ROOT 80a4390 (kind=<system class>, name=java.nio.charset.spi.CharsetProvider)
ROOT 80a4410 (kind=<system class>, name=sun.nio.cs.AbstractCharsetProvider)
ROOT 808d240 (kind=<system class>, name=sun.nio.cs.StandardCharsets)
ROOT 80a4550 (kind=<system class>, name=java.util.SortedMap)
ROOT 808d300 (kind=<system class>, name=java.util.TreeMap)
ROOT 808d440 (kind=<system class>, name=java.util.TreeMap$Entry)
ROOT 80991b8 (kind=<system class>, name=sun.nio.cs.ISO_8859_15)
ROOT 80a5810 (kind=<system class>, name=java.lang.Class$3)
ROOT 80a58d0 (kind=<system class>, name=java.lang.reflect.Modifier)
ROOT 80a59b0 (kind=<system class>, name=sun.reflect.LangReflectAccess)
ROOT 8098f58 (kind=<system class>, name=java.lang.reflect.ReflectAccess)
ROOT 80a5a90 (kind=<system class>, name=java.lang.Class$1)
ROOT 80a5b90 (kind=<system class>, name=sun.reflect.ReflectionFactory$1)
ROOT 8099038 (kind=<system class>, name=sun.reflect.NativeConstructorAccessorImpl)
ROOT 80990f8 (kind=<system class>, name=sun.reflect.DelegatingConstructorAccessorImpl)
ROOT 80a5d50 (kind=<system class>, name=java.lang.StringCoding$StringDecoder)
ROOT 80992b8 (kind=<system class>, name=java.lang.StringCoding$CharsetSD)
ROOT 80a5ed0 (kind=<system class>, name=java.nio.charset.CharsetDecoder)
ROOT 80a5f90 (kind=<system class>, name=sun.nio.cs.SingleByteDecoder)
ROOT 8099398 (kind=<system class>, name=sun.nio.cs.ISO_8859_15$Decoder)
ROOT 8099458 (kind=<system class>, name=java.nio.charset.CodingErrorAction)
ROOT 80a6390 (kind=<system class>, name=java.nio.ByteBuffer)
ROOT 809b090 (kind=<system class>, name=java.nio.HeapByteBuffer)
ROOT 80a6490 (kind=<system class>, name=java.nio.Bits)
ROOT 8099598 (kind=<system class>, name=sun.misc.Unsafe)
ROOT 8099658 (kind=<system class>, name=java.nio.ByteOrder)
ROOT 80a66b0 (kind=<system class>, name=java.nio.CharBuffer)
ROOT 80a6750 (kind=<system class>, name=java.nio.HeapCharBuffer)
ROOT 8099758 (kind=<system class>, name=java.nio.charset.CoderResult)
ROOT 80a6970 (kind=<system class>, name=java.nio.charset.CoderResult$Cache)
ROOT 8099838 (kind=<system class>, name=java.nio.charset.CoderResult$1)
ROOT 80998f8 (kind=<system class>, name=java.nio.charset.CoderResult$2)
ROOT 80a6af0 (kind=<system class>, name=sun.misc.Version)
ROOT 80a6d30 (kind=<system class>, name=java.io.InputStream)
ROOT 809a650 (kind=<system class>, name=java.io.FileInputStream)
ROOT 809a7d0 (kind=<system class>, name=java.io.FileDescriptor)
ROOT 80a6e90 (kind=<system class>, name=java.io.OutputStream)
ROOT 809a8d0 (kind=<system class>, name=java.io.FileOutputStream)
ROOT 80a6f90 (kind=<system class>, name=java.io.FilterInputStream)
ROOT 809a9f0 (kind=<system class>, name=java.io.BufferedInputStream)
ROOT 80a7090 (kind=<system class>, name=java.io.FilterOutputStream)
ROOT 809aad0 (kind=<system class>, name=java.io.PrintStream)
ROOT 809ab90 (kind=<system class>, name=java.io.BufferedOutputStream)
ROOT 80a7410 (kind=<system class>, name=java.io.Writer)
ROOT 809ac70 (kind=<system class>, name=java.io.OutputStreamWriter)
ROOT 80a75b0 (kind=<system class>, name=sun.nio.cs.StreamEncoder)
ROOT 809ad30 (kind=<system class>, name=sun.nio.cs.StreamEncoder$CharsetSE)
ROOT 80a7790 (kind=<system class>, name=java.nio.charset.CharsetEncoder)
ROOT 80a7850 (kind=<system class>, name=sun.nio.cs.SingleByteEncoder)
ROOT 809ae30 (kind=<system class>, name=sun.nio.cs.ISO_8859_15$Encoder)
ROOT 809afd0 (kind=<system class>, name=sun.nio.cs.Surrogate$Parser)
ROOT 80a7a70 (kind=<system class>, name=sun.nio.cs.Surrogate)
ROOT 809b170 (kind=<system class>, name=java.io.BufferedWriter)
ROOT 809b750 (kind=<system class>, name=java.util.logging.LogManager)
ROOT 809b3f0 (kind=<system class>, name=java.util.logging.Handler)
ROOT 809b590 (kind=<system class>, name=java.util.logging.Level)
ROOT 809b4b0 (kind=<system class>, name=java.util.ArrayList)
ROOT 809b810 (kind=<system class>, name=java.beans.PropertyChangeSupport)
ROOT 809b9b0 (kind=<system class>, name=java.util.logging.LogManager$LogNode)
ROOT 809ba70 (kind=<system class>, name=java.util.logging.LoggingPermission)
ROOT 809bb30 (kind=<system class>, name=java.lang.Runtime)
ROOT 809bbf0 (kind=<system class>, name=java.util.logging.LogManager$Cleaner)
ROOT 80a8910 (kind=<system class>, name=java.lang.Shutdown)
ROOT 809bd30 (kind=<system class>, name=java.lang.Shutdown$Lock)
ROOT 80a8ab0 (kind=<system class>, name=java.util.Set)
ROOT 80a8b70 (kind=<system class>, name=java.util.AbstractSet)
ROOT 809be10 (kind=<system class>, name=java.util.HashSet)
ROOT 809bf10 (kind=<system class>, name=java.lang.Shutdown$WrappedHook)
ROOT 80a8d50 (kind=<system class>, name=java.lang.Terminator)
ROOT 80a8e30 (kind=<system class>, name=sun.misc.SignalHandler)
ROOT 809c028 (kind=<system class>, name=java.lang.Terminator$1)
ROOT 809c168 (kind=<system class>, name=sun.misc.Signal)
ROOT 809c328 (kind=<system class>, name=sun.misc.NativeSignalHandler)
ROOT 809c548 (kind=<system class>, name=java.util.logging.Logger)
ROOT 809c6a8 (kind=<system class>, name=java.util.logging.LogManager$RootLogger)
ROOT 809c788 (kind=<system class>, name=java.util.HashMap$Values)
ROOT 80a93f0 (kind=<system class>, name=java.util.HashMap$HashIterator)
ROOT 80a9470 (kind=<system class>, name=java.util.HashMap$ValueIterator)
ROOT 809d888 (kind=<system class>, name=java.io.File)
ROOT 80a96b0 (kind=<system class>, name=java.io.FileSystem)
ROOT 809c8a8 (kind=<system class>, name=java.io.UnixFileSystem)
ROOT 80a9910 (kind=<system class>, name=java.lang.StringCoding$StringEncoder)
ROOT 809ca28 (kind=<system class>, name=java.lang.StringCoding$CharsetSE)
ROOT 80a9a70 (kind=<system class>, name=java.util.Hashtable$Enumerator)
ROOT 80a9b50 (kind=<system class>, name=java.io.Reader)
ROOT 80a9cb0 (kind=<system class>, name=java.io.BufferedReader)
ROOT 80a9d50 (kind=<system class>, name=java.io.InputStreamReader)
ROOT 80a9eb0 (kind=<system class>, name=sun.nio.cs.StreamDecoder)
ROOT 80a9f90 (kind=<system class>, name=sun.nio.cs.HistoricallyNamedCharset)
ROOT 809cd08 (kind=<system class>, name=sun.nio.cs.ISO_8859_1)
ROOT 80aa230 (kind=<system class>, name=sun.nio.cs.StreamDecoder$CharsetSD)
ROOT 80aa350 (kind=<system class>, name=sun.nio.cs.ISO_8859_1$Decoder)
ROOT 80aa470 (kind=<system class>, name=java.util.EventObject)
ROOT 80aa4d0 (kind=<system class>, name=java.beans.PropertyChangeEvent)
ROOT 80aa630 (kind=<system class>, name=java.lang.ClassLoader$3)
ROOT 809d5a8 (kind=<system class>, name=java.lang.ClassLoader$NativeLibrary)
ROOT 80aa7b0 (kind=<system class>, name=sun.misc.VM)
ROOT 80aa830 (kind=<system class>, name=java.lang.Compiler)
ROOT 80aa910 (kind=<system class>, name=java.lang.Compiler$1)
ROOT 809d7c8 (kind=<system class>, name=sun.misc.Launcher)
ROOT 80aab70 (kind=<system class>, name=java.net.URLStreamHandlerFactory)
ROOT 809d708 (kind=<system class>, name=sun.misc.Launcher$Factory)
ROOT 80aad10 (kind=<system class>, name=java.security.SecureClassLoader)
ROOT 80aadb0 (kind=<system class>, name=java.net.URLClassLoader)
ROOT 809d9a0 (kind=<system class>, name=sun.misc.Launcher$ExtClassLoader)
ROOT 80aaf10 (kind=<system class>, name=sun.security.util.Debug)
ROOT 80ab070 (kind=<system class>, name=java.util.StringTokenizer)
ROOT 80ab150 (kind=<system class>, name=java.security.PrivilegedExceptionAction)
ROOT 80ab1b0 (kind=<system class>, name=sun.misc.Launcher$1)
ROOT 80ab270 (kind=<system class>, name=sun.net.www.ParseUtil)
ROOT 809da80 (kind=<system class>, name=java.util.BitSet)
ROOT 809dc38 (kind=<system class>, name=java.net.URL)
ROOT 80ab530 (kind=<system class>, name=java.net.Parts)
ROOT 809dcf8 (kind=<system class>, name=java.util.Locale)
ROOT 80abe30 (kind=<system class>, name=java.net.URLStreamHandler)
ROOT 809e138 (kind=<system class>, name=sun.net.www.protocol.file.Handler)
ROOT 809e4d8 (kind=<system class>, name=sun.misc.URLClassPath)
ROOT 809e778 (kind=<system class>, name=sun.net.www.protocol.jar.Handler)
ROOT 809e918 (kind=<system class>, name=sun.misc.Launcher$AppClassLoader)
ROOT 80ac2d0 (kind=<system class>, name=sun.misc.Launcher$2)
ROOT 80ac430 (kind=<system class>, name=java.lang.SystemClassLoaderAction)
ROOT 8114940 (kind=<system class>, name=java.net.URLClassLoader$1)
ROOT 81152e8 (kind=<system class>, name=sun.misc.URLClassPath$2)
ROOT 81157a8 (kind=<system class>, name=sun.misc.URLClassPath$Loader)
ROOT 8115b80 (kind=<system class>, name=sun.misc.URLClassPath$JarLoader)
ROOT 8117da0 (kind=<system class>, name=java.util.zip.ZipConstants)
ROOT 8118888 (kind=<system class>, name=java.util.zip.ZipFile)
ROOT 8119b58 (kind=<system class>, name=java.util.jar.JarFile)
ROOT 811a720 (kind=<system class>, name=sun.security.action.LoadLibraryAction)
ROOT 811cf58 (kind=<system class>, name=sun.misc.JarIndex)
ROOT 811def8 (kind=<system class>, name=sun.misc.ExtensionDependency)
ROOT 811edb0 (kind=<system class>, name=java.util.zip.ZipEntry)
ROOT 8120578 (kind=<system class>, name=java.util.jar.JarEntry)
ROOT 81209a8 (kind=<system class>, name=java.util.jar.JarFile$JarFileEntry)
ROOT 8120f00 (kind=<system class>, name=java.io.DataInput)
ROOT 8121698 (kind=<system class>, name=java.io.DataInputStream)
ROOT 8121f78 (kind=<system class>, name=java.util.zip.ZipFile$ZipFileInputStream)
ROOT 81229b0 (kind=<system class>, name=java.util.zip.InflaterInputStream)
ROOT 8122f70 (kind=<system class>, name=java.util.zip.ZipFile$1)
ROOT 8123448 (kind=<system class>, name=java.util.zip.Inflater)
ROOT 8141760 (kind=<system class>, name=java.util.jar.Manifest)
ROOT 8141f60 (kind=<system class>, name=java.io.ByteArrayInputStream)
ROOT 81425b8 (kind=<system class>, name=java.util.jar.Attributes)
ROOT 8143448 (kind=<system class>, name=java.util.jar.Manifest$FastInputStream)
ROOT 8143ec8 (kind=<system class>, name=java.util.jar.Attributes$Name)
ROOT 8147180 (kind=<system class>, name=java.lang.Math)
ROOT 8157fa0 (kind=<system class>, name=java.util.jar.JarVerifier)
ROOT 8159148 (kind=<system class>, name=java.io.ByteArrayOutputStream)
ROOT 81d2178 (kind=<system class>, name=java.security.PrivilegedActionException)
ROOT 81d2970 (kind=<system class>, name=sun.misc.URLClassPath$FileLoader)
ROOT 81d4680 (kind=<system class>, name=sun.misc.Resource)
ROOT 81d4aa0 (kind=<system class>, name=sun.misc.URLClassPath$6)
ROOT 81d5198 (kind=<system class>, name=java.lang.Package)
ROOT 81d7248 (kind=<system class>, name=java.security.CodeSource)
ROOT 81d7b08 (kind=<system class>, name=java.security.PermissionCollection)
ROOT 81d7ef8 (kind=<system class>, name=java.security.Permissions)
ROOT 81d8d10 (kind=<system class>, name=java.net.URLConnection)
ROOT 81dae38 (kind=<system class>, name=sun.net.www.URLConnection)
ROOT 81db4c0 (kind=<system class>, name=sun.net.www.protocol.file.FileURLConnection)
ROOT 81dbe68 (kind=<system class>, name=java.net.ContentHandler)
ROOT 81dc118 (kind=<system class>, name=java.net.UnknownContentHandler)
ROOT 81dc990 (kind=<system class>, name=sun.net.www.MessageHeader)
ROOT 81dd968 (kind=<system class>, name=java.io.FilePermission)
ROOT 81dec70 (kind=<system class>, name=java.io.FilePermission$1)
ROOT 81e00d0 (kind=<system class>, name=java.security.UnresolvedPermission)
ROOT 81e0d80 (kind=<system class>, name=java.io.FilePermissionCollection)
ROOT 81e1580 (kind=<system class>, name=java.security.BasicPermissionCollection)
ROOT 81e1da0 (kind=<system class>, name=java.security.Principal)
ROOT 81e2540 (kind=<system class>, name=java.security.cert.Certificate)
ROOT 81e9e60 (kind=<system class>, name=java.io.StringReader)
ROOT 81eb820 (kind=<system class>, name=java.io.FileReader)
ROOT 81f6738 (kind=<system class>, name=java.io.StreamTokenizer)
ROOT 81fc830 (kind=<system class>, name=java.lang.FloatingDecimal)
ROOT 81febd8 (kind=<system class>, name=java.lang.FDBigInt)
ROOT 808b2f8 (kind=<busy monitor>)
ROOT 808b698 (kind=<busy monitor>)
ARR 808a7d8 (sz=16, trace=1, nelems=0, elem type=java.lang.Class@808a758)
ARR 808a820 (sz=32, trace=1, nelems=9, elem type=char)
OBJ 808a8e8 (sz=24, trace=1, class=java.lang.String@808a868)
	value		808a820
ARR 808a988 (sz=16, trace=1, nelems=0, elem type=java.io.ObjectStreamField@808a908)
OBJ 808aa28 (sz=8, trace=1, class=java.lang.String$CaseInsensitiveComparator@808a9a8)
OBJ 808aac8 (sz=40, trace=1, class=java.lang.ThreadGroup@808aa48)
	groups		808ab70
	threads		808b3f8
	name		80a2490
OBJ 808aae8 (sz=40, trace=1, class=java.lang.ThreadGroup@808aa48)
	threads		808ad58
	name		808ab28
	parent		808aac8
ARR 808ab08 (sz=24, trace=1, nelems=4, elem type=char)
OBJ 808ab28 (sz=24, trace=1, class=java.lang.String@808a868)
	value		808ab08
ARR 808ab70 (sz=32, trace=1, nelems=4, elem type=java.lang.ThreadGroup@808aa48)
	[0]		808aae8
ARR 808ac10 (sz=72, trace=1, nelems=33, elem type=int)
OBJ 808ad10 (sz=24, trace=1, class=java.security.AccessControlContext@808ac90)
ARR 808ad58 (sz=32, trace=1, nelems=4, elem type=java.lang.Thread@808ab90)
	[0]		809bc90
	[1]		8113240
OBJ 808ae18 (sz=24, trace=1, class=java.lang.reflect.ReflectPermission@808ad78)
	path		80a27f0
	name		80a27f0
OBJ 808aed8 (sz=24, trace=1, class=java.util.Vector@808ae38)
	elementData	808af98
ARR 808af98 (sz=56, trace=1, nelems=10, elem type=java.lang.Object@808aef8)
	[0]		809d568
OBJ 808afb8 (sz=24, trace=1, class=java.util.Vector@808ae38)
	elementData	808afd8
ARR 808afd8 (sz=56, trace=1, nelems=10, elem type=java.lang.Object@808aef8)
	[0]		809d648
OBJ 808b098 (sz=24, trace=1, class=java.util.Stack@808aff8)
	elementData	808b0b8
ARR 808b0b8 (sz=56, trace=1, nelems=10, elem type=java.lang.Object@808aef8)
OBJ 808b178 (sz=24, trace=1, class=java.lang.RuntimePermission@808b0d8)
	path		80a2bb0
	name		80a2bb0
OBJ 808b238 (sz=8, trace=1, class=sun.reflect.ReflectionFactory@808b198)
OBJ 808b2f8 (sz=8, trace=1, class=java.lang.ref.Reference$Lock@808b258)
OBJ 808b3b8 (sz=72, trace=1, class=java.lang.ref.Reference$ReferenceHandler@808b318)
	inheritedAccessControlContext	808ad10
	group		808aac8
	name		808b3d8
ARR 808b3d8 (sz=48, trace=1, nelems=17, elem type=char)
ARR 808b3f8 (sz=32, trace=1, nelems=4, elem type=java.lang.Thread@808ab90)
	[0]		808b3b8
	[1]		808b7b0
	[2]		8113408
OBJ 808b4b8 (sz=24, trace=1, class=java.lang.ref.ReferenceQueue$Null@808b418)
	lock		808b578
OBJ 808b578 (sz=8, trace=1, class=java.lang.ref.ReferenceQueue$Lock@808b4d8)
OBJ 808b598 (sz=24, trace=1, class=java.lang.ref.ReferenceQueue$Null@808b418)
	lock		808b5b8
OBJ 808b5b8 (sz=8, trace=1, class=java.lang.ref.ReferenceQueue$Lock@808b4d8)
OBJ 808b678 (sz=24, trace=1, class=java.lang.ref.ReferenceQueue@808b5d8)
	lock		808b698
OBJ 808b698 (sz=8, trace=1, class=java.lang.ref.ReferenceQueue$Lock@808b4d8)
OBJ 808b6f0 (sz=8, trace=1, class=java.lang.Object@808aef8)
OBJ 808b7b0 (sz=72, trace=1, class=java.lang.ref.Finalizer$FinalizerThread@808b710)
	inheritedAccessControlContext	808ad10
	group		808aac8
	name		808b7d0
ARR 808b7d0 (sz=32, trace=1, nelems=9, elem type=char)
OBJ 808b890 (sz=8, trace=1, class=java.util.Hashtable$EmptyEnumerator@808b7f0)
OBJ 808b950 (sz=8, trace=1, class=java.util.Hashtable$EmptyIterator@808b8b0)
ARR 808b970 (sz=48, trace=1, nelems=16, elem type=char)
OBJ 808ba30 (sz=48, trace=1, class=java.util.Properties@808b990)
	table		8099fd0
ARR 808ba50 (sz=16, trace=1, nelems=0, elem type=java.io.ObjectStreamField@808a908)
OBJ 808bb10 (sz=32, trace=1, class=sun.misc.SoftCache@808ba70)
	queue		808bb30
	hash		808bc30
OBJ 808bb30 (sz=24, trace=1, class=java.lang.ref.ReferenceQueue@808b5d8)
	lock		808bb50
OBJ 808bb50 (sz=8, trace=1, class=java.lang.ref.ReferenceQueue$Lock@808b4d8)
OBJ 808bb70 (sz=8, trace=1, class=java.lang.Object@808aef8)
OBJ 808bc30 (sz=40, trace=1, class=java.util.HashMap@808bb90)
	table		808bcf0
ARR 808bcf0 (sz=80, trace=1, nelems=16, elem type=java.util.HashMap$Entry@808bc50)
OBJ 808bd10 (sz=32, trace=1, class=sun.misc.SoftCache@808ba70)
	queue		808bd30
	hash		808bd70
OBJ 808bd30 (sz=24, trace=1, class=java.lang.ref.ReferenceQueue@808b5d8)
	lock		808bd50
OBJ 808bd50 (sz=8, trace=1, class=java.lang.ref.ReferenceQueue$Lock@808b4d8)
OBJ 808bd70 (sz=40, trace=1, class=java.util.HashMap@808bb90)
	table		808bd90
ARR 808bd90 (sz=80, trace=1, nelems=16, elem type=java.util.HashMap$Entry@808bc50)
ARR 808bdb0 (sz=64, trace=1, nelems=26, elem type=char)
OBJ 808bdd0 (sz=24, trace=1, class=java.lang.String@808a868)
	value		808bdb0
ARR 808bdf0 (sz=24, trace=1, nelems=3, elem type=char)
OBJ 808be10 (sz=24, trace=1, class=java.lang.String@808a868)
	value		808bdf0
OBJ 808bed0 (sz=24, trace=1, class=java.util.Hashtable$Entry@808be30)
	value		808be10
	key		808bdd0
ARR 808bef0 (sz=64, trace=1, nelems=23, elem type=char)
OBJ 808bf10 (sz=24, trace=1, class=java.lang.String@808a868)
	value		808bef0
ARR 808bf30 (sz=80, trace=1, nelems=31, elem type=char)
OBJ 808bf50 (sz=24, trace=1, class=java.lang.String@808a868)
	value		808bf30
OBJ 808bf70 (sz=24, trace=1, class=java.util.Hashtable$Entry@808be30)
	next		808c2f0
	value		808bf50
	key		808bf10
ARR 808bf90 (sz=64, trace=1, nelems=25, elem type=char)
OBJ 808bfb0 (sz=24, trace=1, class=java.lang.String@808a868)
	value		808bf90
ARR 808bfd0 (sz=56, trace=1, nelems=21, elem type=char)
OBJ 808bff0 (sz=24, trace=1, class=java.lang.String@808a868)
	value		808bfd0
OBJ 808c010 (sz=24, trace=1, class=java.util.Hashtable$Entry@808be30)
	value		808bff0
	key		808bfb0
ARR 808c030 (sz=40, trace=1, nelems=12, elem type=char)
OBJ 808c050 (sz=24, trace=1, class=java.lang.String@808a868)
	value		808c030
OBJ 808c070 (sz=24, trace=1, class=java.util.Hashtable$Entry@808be30)
	value		80a6b30
	key		808c050
ARR 808c090 (sz=40, trace=1, nelems=11, elem type=char)
OBJ 808c0b0 (sz=24, trace=1, class=java.lang.String@808a868)
	value		808c090
ARR 808c0d0 (sz=56, trace=1, nelems=21, elem type=char)
OBJ 808c0f0 (sz=24, trace=1, class=java.lang.String@808a868)
	value		808c0d0
OBJ 808c110 (sz=24, trace=1, class=java.util.Hashtable$Entry@808be30)
	value		808c0f0
	key		808c0b0
ARR 808c130 (sz=48, trace=1, nelems=15, elem type=char)
OBJ 808c150 (sz=24, trace=1, class=java.lang.String@808a868)
	value		808c130
ARR 808c170 (sz=56, trace=1, nelems=20, elem type=char)
OBJ 808c190 (sz=24, trace=1, class=java.lang.String@808a868)
	value		808c170
OBJ 808c1b0 (sz=24, trace=1, class=java.util.Hashtable$Entry@808be30)
	value		808c190
	key		808c150
ARR 808c1d0 (sz=56, trace=1, nelems=19, elem type=char)
OBJ 808c1f0 (sz=24, trace=1, class=java.lang.String@808a868)
	value		808c1d0
ARR 808c210 (sz=96, trace=1, nelems=41, elem type=char)
OBJ 808c230 (sz=24, trace=1, class=java.lang.String@808a868)
	value		808c210
OBJ 808c250 (sz=24, trace=1, class=java.util.Hashtable$Entry@808be30)
	value		808c230
	key		808c1f0
ARR 808c270 (sz=48, trace=1, nelems=18, elem type=char)
OBJ 808c290 (sz=24, trace=1, class=java.lang.String@808a868)
	value		808c270
ARR 808c2b0 (sz=24, trace=1, nelems=4, elem type=char)
OBJ 808c2d0 (sz=24, trace=1, class=java.lang.String@808a868)
	value		808c2b0
OBJ 808c2f0 (sz=24, trace=1, class=java.util.Hashtable$Entry@808be30)
	value		808c2d0
	key		808c290
ARR 808c310 (sz=32, trace=1, nelems=7, elem type=char)
OBJ 808c330 (sz=24, trace=1, class=java.lang.String@808a868)
	value		808c310
ARR 808c350 (sz=24, trace=1, nelems=5, elem type=char)
OBJ 808c370 (sz=24, trace=1, class=java.lang.String@808a868)
	value		808c350
OBJ 808c390 (sz=24, trace=1, class=java.util.Hashtable$Entry@808be30)
	value		808c370
	key		808c330
ARR 808c3b0 (sz=32, trace=1, nelems=10, elem type=char)
OBJ 808c3d0 (sz=24, trace=1, class=java.lang.String@808a868)
	value		808c3b0
ARR 808c3f0 (sz=40, trace=1, nelems=12, elem type=char)
OBJ 808c410 (sz=24, trace=1, class=java.lang.String@808a868)
	value		808c3f0
OBJ 808c430 (sz=24, trace=1, class=java.util.Hashtable$Entry@808be30)
	value		808c410
	key		808c3d0
ARR 808c450 (sz=32, trace=1, nelems=7, elem type=char)
OBJ 808c470 (sz=24, trace=1, class=java.lang.String@808a868)
	value		808c450
ARR 808c490 (sz=24, trace=1, nelems=4, elem type=char)
OBJ 808c4b0 (sz=24, trace=1, class=java.lang.String@808a868)
	value		808c490
OBJ 808c4d0 (sz=24, trace=1, class=java.util.Hashtable$Entry@808be30)
	value		808c4b0
	key		808c470
ARR 808c4f0 (sz=40, trace=1, nelems=14, elem type=char)
OBJ 808c510 (sz=24, trace=1, class=java.lang.String@808a868)
	value		808c4f0
ARR 808c530 (sz=16, trace=1, nelems=1, elem type=char)
OBJ 808c550 (sz=24, trace=1, class=java.lang.String@808a868)
	value		808c530
OBJ 808c570 (sz=24, trace=1, class=java.util.Hashtable$Entry@808be30)
	value		808c550
	key		808c510
ARR 808c590 (sz=40, trace=1, nelems=14, elem type=char)
OBJ 808c5b0 (sz=24, trace=1, class=java.lang.String@808a868)
	value		808c590
ARR 808c5d0 (sz=16, trace=1, nelems=1, elem type=char)
OBJ 808c5f0 (sz=24, trace=1, class=java.lang.String@808a868)
	value		808c5d0
OBJ 808c610 (sz=24, trace=1, class=java.util.Hashtable$Entry@808be30)
	value		808c5f0
	key		808c5b0
ARR 808c630 (sz=40, trace=1, nelems=14, elem type=char)
OBJ 808c650 (sz=24, trace=1, class=java.lang.String@808a868)
	value		808c630
ARR 808c670 (sz=16, trace=1, nelems=1, elem type=char)
OBJ 808c690 (sz=24, trace=1, class=java.lang.String@808a868)
	value		808c670
OBJ 808c6b0 (sz=24, trace=1, class=java.util.Hashtable$Entry@808be30)
	value		808c690
	key		808c650
ARR 808c6d0 (sz=40, trace=1, nelems=13, elem type=char)
OBJ 808c6f0 (sz=24, trace=1, class=java.lang.String@808a868)
	value		808c6d0
ARR 808c710 (sz=16, trace=1, nelems=2, elem type=char)
OBJ 808c730 (sz=24, trace=1, class=java.lang.String@808a868)
	value		808c710
OBJ 808c750 (sz=24, trace=1, class=java.util.Hashtable$Entry@808be30)
	next		808c010
	value		808c730
	key		808c6f0
ARR 808c770 (sz=40, trace=1, nelems=12, elem type=char)
OBJ 808c790 (sz=24, trace=1, class=java.lang.String@808a868)
	value		808c770
ARR 808c7b0 (sz=16, trace=1, nelems=2, elem type=char)
OBJ 808c7d0 (sz=24, trace=1, class=java.lang.String@808a868)
	value		808c7b0
OBJ 808c7f0 (sz=24, trace=1, class=java.util.Hashtable$Entry@808be30)
	next		808cd90
	value		808c7d0
	key		808c790
ARR 808c810 (sz=40, trace=1, nelems=13, elem type=char)
OBJ 808c830 (sz=24, trace=1, class=java.lang.String@808a868)
	value		808c810
ARR 808c850 (sz=40, trace=1, nelems=11, elem type=char)
OBJ 808c870 (sz=24, trace=1, class=java.lang.String@808a868)
	value		808c850
OBJ 808c890 (sz=24, trace=1, class=java.util.Hashtable$Entry@808be30)
	next		808bed0
	value		808c870
	key		808c830
ARR 808c8b0 (sz=48, trace=1, nelems=17, elem type=char)
OBJ 808c8d0 (sz=24, trace=1, class=java.lang.String@808a868)
	value		808c8b0
ARR 808c8f0 (sz=24, trace=1, nelems=6, elem type=char)
OBJ 808c910 (sz=24, trace=1, class=java.lang.String@808a868)
	value		808c8f0
OBJ 808c930 (sz=24, trace=1, class=java.util.Hashtable$Entry@808be30)
	value		808c910
	key		808c8d0
ARR 808c950 (sz=64, trace=1, nelems=23, elem type=char)
OBJ 808c970 (sz=24, trace=1, class=java.lang.String@808a868)
	value		808c950
ARR 808c990 (sz=40, trace=1, nelems=13, elem type=char)
OBJ 808c9b0 (sz=24, trace=1, class=java.lang.String@808a868)
	value		808c990
OBJ 808c9d0 (sz=24, trace=1, class=java.util.Hashtable$Entry@808be30)
	next		808cb10
	value		808c9b0
	key		808c970
ARR 808c9f0 (sz=48, trace=1, nelems=15, elem type=char)
OBJ 808ca10 (sz=24, trace=1, class=java.lang.String@808a868)
	value		808c9f0
ARR 808ca30 (sz=16, trace=1, nelems=0, elem type=char)
OBJ 808ca50 (sz=24, trace=1, class=java.lang.String@808a868)
	value		808ca30
OBJ 808ca70 (sz=24, trace=1, class=java.util.Hashtable$Entry@808be30)
	value		808ca50
	key		808ca10
ARR 808ca90 (sz=40, trace=1, nelems=14, elem type=char)
OBJ 808cab0 (sz=24, trace=1, class=java.lang.String@808a868)
	value		808ca90
ARR 808cad0 (sz=24, trace=1, nelems=6, elem type=char)
OBJ 808caf0 (sz=24, trace=1, class=java.lang.String@808a868)
	value		808cad0
OBJ 808cb10 (sz=24, trace=1, class=java.util.Hashtable$Entry@808be30)
	value		808caf0
	key		808cab0
ARR 808cb30 (sz=56, trace=1, nelems=19, elem type=char)
OBJ 808cb50 (sz=24, trace=1, class=java.lang.String@808a868)
	value		808cb30
ARR 808cb70 (sz=56, trace=1, nelems=22, elem type=char)
OBJ 808cb90 (sz=24, trace=1, class=java.lang.String@808a868)
	value		808cb70
OBJ 808cbb0 (sz=24, trace=1, class=java.util.Hashtable$Entry@808be30)
	value		808cb90
	key		808cb50
ARR 808cbd0 (sz=80, trace=1, nelems=34, elem type=char)
OBJ 808cbf0 (sz=24, trace=1, class=java.lang.String@808a868)
	value		808cbd0
ARR 808cc10 (sz=104, trace=1, nelems=44, elem type=char)
OBJ 808cc30 (sz=24, trace=1, class=java.lang.String@808a868)
	value		808cc10
OBJ 808cc50 (sz=24, trace=1, class=java.util.Hashtable$Entry@808be30)
	value		808cc30
	key		808cbf0
ARR 808cc70 (sz=56, trace=1, nelems=19, elem type=char)
OBJ 808cc90 (sz=24, trace=1, class=java.lang.String@808a868)
	value		808cc70
ARR 808ccb0 (sz=16, trace=1, nelems=2, elem type=char)
OBJ 808ccd0 (sz=24, trace=1, class=java.lang.String@808a868)
	value		808ccb0
OBJ 808ccf0 (sz=24, trace=1, class=java.util.Hashtable$Entry@808be30)
	value		808ccd0
	key		808cc90
ARR 808cd10 (sz=48, trace=1, nelems=18, elem type=char)
OBJ 808cd30 (sz=24, trace=1, class=java.lang.String@808a868)
	value		808cd10
ARR 808cd50 (sz=32, trace=1, nelems=7, elem type=char)
OBJ 808cd70 (sz=24, trace=1, class=java.lang.String@808a868)
	value		808cd50
OBJ 808cd90 (sz=24, trace=1, class=java.util.Hashtable$Entry@808be30)
	value		808cd70
	key		808cd30
ARR 808cdb0 (sz=56, trace=1, nelems=20, elem type=char)
OBJ 808cdd0 (sz=24, trace=1, class=java.lang.String@808a868)
	value		808cdb0
ARR 808cdf0 (sz=72, trace=1, nelems=30, elem type=char)
OBJ 808ce10 (sz=24, trace=1, class=java.lang.String@808a868)
	value		808cdf0
OBJ 808ce30 (sz=24, trace=1, class=java.util.Hashtable$Entry@808be30)
	value		808ce10
	key		808cdd0
OBJ 808ce50 (sz=24, trace=1, class=java.lang.String@808a868)
	value		8099578
OBJ 808cf10 (sz=16, trace=1, class=java.lang.ThreadLocal@808ce70)
OBJ 808cf30 (sz=16, trace=1, class=java.lang.ThreadLocal@808ce70)
ARR 808cf88 (sz=24, trace=1, nelems=2, elem type=java.lang.String@808a868)
	[0]		80a3f30
	[1]		80a3f70
ARR 808d048 (sz=24, trace=1, nelems=2, elem type=java.lang.ref.SoftReference@808cfa8)
ARR 808d108 (sz=24, trace=1, nelems=31, elem type=int)
OBJ 808d2e0 (sz=24, trace=1, class=sun.nio.cs.StandardCharsets@808d240)
	cache		808d400
	aliasNameMap	808d3e0
	aliasMap	808d3c0
	classMap	808d3a0
OBJ 808d3a0 (sz=40, trace=1, class=java.util.TreeMap@808d300)
	root		8098628
	comparator	808aa28
OBJ 808d3c0 (sz=40, trace=1, class=java.util.TreeMap@808d300)
	root		808d500
	comparator	808aa28
OBJ 808d3e0 (sz=40, trace=1, class=java.util.TreeMap@808d300)
	root		8098668
	comparator	808aa28
OBJ 808d400 (sz=40, trace=1, class=java.util.TreeMap@808d300)
	root		8099298
	comparator	808aa28
ARR 808d420 (sz=64, trace=1, nelems=12, elem type=java.lang.String@808a868)
	[0]		80a4730
	[1]		80a4770
	[2]		80a47b0
	[3]		80a47f0
	[4]		80a4830
	[5]		80a4870
	[6]		80a48b0
	[7]		80a48f0
	[8]		80a4930
	[9]		80a4970
	[10]		80a49b0
	[11]		80a49f0
OBJ 808d4e0 (sz=32, trace=1, class=java.util.TreeMap$Entry@808d440)
	parent		8098a28
	value		80a46f0
	key		80a46b0
OBJ 808d500 (sz=32, trace=1, class=java.util.TreeMap$Entry@808d440)
	right		80985c8
	left		80984e8
	value		80a46b0
	key		80a4730
ARR 808d5c0 (sz=424, trace=1, nelems=102, elem type=[[C@808d520)
	[0]		808d680
	[1]		808d6e0
	[2]		808d740
	[3]		808d7a0
	[4]		808d800
	[5]		808d860
	[6]		808d8c0
	[7]		808d920
	[8]		808d980
	[9]		808d9e0
	[10]		808da40
	[11]		808daa0
	[12]		808db00
	[13]		808db60
	[14]		808dbc0
	[15]		808dc20
	[16]		808dc80
	[17]		808dce0
	[18]		808dd40
	[19]		808dda0
	[20]		808de00
	[21]		808de60
	[22]		808dec0
	[23]		808df20
	[24]		808df80
	[25]		808dfe0
	[26]		808e040
	[27]		808e0a0
	[28]		808e100
	[29]		808e160
	[30]		808e1c0
	[31]		808e220
	[32]		808e280
	[33]		808e2e0
	[34]		808e340
	[35]		808e3a0
	[36]		808e400
	[37]		808e460
	[38]		808e4c0
	[39]		808e520
	[40]		808e580
	[41]		808e5e0
	[42]		808e640
	[43]		808e6a0
	[44]		808e700
	[45]		808e760
	[46]		808e7c0
	[47]		808e820
	[48]		808e880
	[49]		808e8e0
	[50]		808e940
	[51]		808e9a0
	[52]		808ea00
	[53]		808a680
	[54]		808a4c0
	[55]		808a520
	[56]		808a580
	[57]		808a5e0
	[58]		80972c8
	[59]		8097328
	[60]		8097388
	[61]		80973e8
	[62]		8097448
	[63]		80974a8
	[64]		8097508
	[65]		8097568
	[66]		80975c8
	[67]		8097628
	[68]		8097688
	[69]		80976e8
	[70]		8097748
	[71]		80977a8
	[72]		8097808
	[73]		8097868
	[74]		80978c8
	[75]		8097928
	[76]		8097988
	[77]		80979e8
	[78]		8097a48
	[79]		8097aa8
	[80]		8097b08
	[81]		8097b68
	[82]		8097bc8
	[83]		8097c28
	[84]		8097c88
	[85]		8097ce8
	[86]		8097d48
	[87]		8097da8
	[88]		8097e08
	[89]		8097e68
	[90]		8097ec8
	[91]		8097f28
	[92]		8097f88
	[93]		8097fe8
	[94]		8098048
	[95]		80980a8
	[96]		8098108
	[97]		8098168
	[98]		80981c8
	[99]		8098228
	[100]		8098288
	[101]		80982e8
ARR 808d680 (sz=24, trace=1, nelems=2, elem type=[C@808d5e0)
	[0]		808d6a0
	[1]		808d6c0
ARR 808d6a0 (sz=16, trace=1, nelems=1, elem type=char)
ARR 808d6c0 (sz=16, trace=1, nelems=2, elem type=char)
ARR 808d6e0 (sz=24, trace=1, nelems=2, elem type=[C@808d5e0)
	[0]		808d700
	[1]		808d720
ARR 808d700 (sz=16, trace=1, nelems=1, elem type=char)
ARR 808d720 (sz=16, trace=1, nelems=2, elem type=char)
ARR 808d740 (sz=24, trace=1, nelems=2, elem type=[C@808d5e0)
	[0]		808d760
	[1]		808d780
ARR 808d760 (sz=16, trace=1, nelems=1, elem type=char)
ARR 808d780 (sz=16, trace=1, nelems=2, elem type=char)
ARR 808d7a0 (sz=24, trace=1, nelems=2, elem type=[C@808d5e0)
	[0]		808d7c0
	[1]		808d7e0
ARR 808d7c0 (sz=16, trace=1, nelems=1, elem type=char)
ARR 808d7e0 (sz=24, trace=1, nelems=3, elem type=char)
ARR 808d800 (sz=24, trace=1, nelems=2, elem type=[C@808d5e0)
	[0]		808d820
	[1]		808d840
ARR 808d820 (sz=16, trace=1, nelems=1, elem type=char)
ARR 808d840 (sz=24, trace=1, nelems=3, elem type=char)
ARR 808d860 (sz=24, trace=1, nelems=2, elem type=[C@808d5e0)
	[0]		808d880
	[1]		808d8a0
ARR 808d880 (sz=16, trace=1, nelems=1, elem type=char)
ARR 808d8a0 (sz=16, trace=1, nelems=2, elem type=char)
ARR 808d8c0 (sz=24, trace=1, nelems=2, elem type=[C@808d5e0)
	[0]		808d8e0
	[1]		808d900
ARR 808d8e0 (sz=16, trace=1, nelems=1, elem type=char)
ARR 808d900 (sz=16, trace=1, nelems=2, elem type=char)
ARR 808d920 (sz=24, trace=1, nelems=2, elem type=[C@808d5e0)
	[0]		808d940
	[1]		808d960
ARR 808d940 (sz=16, trace=1, nelems=1, elem type=char)
ARR 808d960 (sz=16, trace=1, nelems=2, elem type=char)
ARR 808d980 (sz=24, trace=1, nelems=2, elem type=[C@808d5e0)
	[0]		808d9a0
	[1]		808d9c0
ARR 808d9a0 (sz=16, trace=1, nelems=1, elem type=char)
ARR 808d9c0 (sz=16, trace=1, nelems=2, elem type=char)
ARR 808d9e0 (sz=24, trace=1, nelems=2, elem type=[C@808d5e0)
	[0]		808da00
	[1]		808da20
ARR 808da00 (sz=16, trace=1, nelems=1, elem type=char)
ARR 808da20 (sz=16, trace=1, nelems=2, elem type=char)
ARR 808da40 (sz=24, trace=1, nelems=2, elem type=[C@808d5e0)
	[0]		808da60
	[1]		808da80
ARR 808da60 (sz=16, trace=1, nelems=1, elem type=char)
ARR 808da80 (sz=16, trace=1, nelems=2, elem type=char)
ARR 808daa0 (sz=24, trace=1, nelems=2, elem type=[C@808d5e0)
	[0]		808dac0
	[1]		808dae0
ARR 808dac0 (sz=16, trace=1, nelems=1, elem type=char)
ARR 808dae0 (sz=16, trace=1, nelems=2, elem type=char)
ARR 808db00 (sz=24, trace=1, nelems=2, elem type=[C@808d5e0)
	[0]		808db20
	[1]		808db40
ARR 808db20 (sz=16, trace=1, nelems=1, elem type=char)
ARR 808db40 (sz=24, trace=1, nelems=3, elem type=char)
ARR 808db60 (sz=24, trace=1, nelems=2, elem type=[C@808d5e0)
	[0]		808db80
	[1]		808dba0
ARR 808db80 (sz=16, trace=1, nelems=1, elem type=char)
ARR 808dba0 (sz=24, trace=1, nelems=3, elem type=char)
ARR 808dbc0 (sz=24, trace=1, nelems=2, elem type=[C@808d5e0)
	[0]		808dbe0
	[1]		808dc00
ARR 808dbe0 (sz=16, trace=1, nelems=1, elem type=char)
ARR 808dc00 (sz=24, trace=1, nelems=3, elem type=char)
ARR 808dc20 (sz=24, trace=1, nelems=2, elem type=[C@808d5e0)
	[0]		808dc40
	[1]		808dc60
ARR 808dc40 (sz=16, trace=1, nelems=1, elem type=char)
ARR 808dc60 (sz=16, trace=1, nelems=2, elem type=char)
ARR 808dc80 (sz=24, trace=1, nelems=2, elem type=[C@808d5e0)
	[0]		808dca0
	[1]		808dcc0
ARR 808dca0 (sz=16, trace=1, nelems=1, elem type=char)
ARR 808dcc0 (sz=16, trace=1, nelems=2, elem type=char)
ARR 808dce0 (sz=24, trace=1, nelems=2, elem type=[C@808d5e0)
	[0]		808dd00
	[1]		808dd20
ARR 808dd00 (sz=16, trace=1, nelems=1, elem type=char)
ARR 808dd20 (sz=16, trace=1, nelems=2, elem type=char)
ARR 808dd40 (sz=24, trace=1, nelems=2, elem type=[C@808d5e0)
	[0]		808dd60
	[1]		808dd80
ARR 808dd60 (sz=16, trace=1, nelems=1, elem type=char)
ARR 808dd80 (sz=16, trace=1, nelems=2, elem type=char)
ARR 808dda0 (sz=24, trace=1, nelems=2, elem type=[C@808d5e0)
	[0]		808ddc0
	[1]		808dde0
ARR 808ddc0 (sz=16, trace=1, nelems=1, elem type=char)
ARR 808dde0 (sz=16, trace=1, nelems=2, elem type=char)
ARR 808de00 (sz=24, trace=1, nelems=2, elem type=[C@808d5e0)
	[0]		808de20
	[1]		808de40
ARR 808de20 (sz=16, trace=1, nelems=1, elem type=char)
ARR 808de40 (sz=16, trace=1, nelems=2, elem type=char)
ARR 808de60 (sz=24, trace=1, nelems=2, elem type=[C@808d5e0)
	[0]		808de80
	[1]		808dea0
ARR 808de80 (sz=16, trace=1, nelems=1, elem type=char)
ARR 808dea0 (sz=16, trace=1, nelems=2, elem type=char)
ARR 808dec0 (sz=24, trace=1, nelems=2, elem type=[C@808d5e0)
	[0]		808dee0
	[1]		808df00
ARR 808dee0 (sz=16, trace=1, nelems=1, elem type=char)
ARR 808df00 (sz=16, trace=1, nelems=2, elem type=char)
ARR 808df20 (sz=24, trace=1, nelems=2, elem type=[C@808d5e0)
	[0]		808df40
	[1]		808df60
ARR 808df40 (sz=16, trace=1, nelems=1, elem type=char)
ARR 808df60 (sz=16, trace=1, nelems=2, elem type=char)
ARR 808df80 (sz=24, trace=1, nelems=2, elem type=[C@808d5e0)
	[0]		808dfa0
	[1]		808dfc0
ARR 808dfa0 (sz=16, trace=1, nelems=1, elem type=char)
ARR 808dfc0 (sz=16, trace=1, nelems=2, elem type=char)
ARR 808dfe0 (sz=24, trace=1, nelems=2, elem type=[C@808d5e0)
	[0]		808e000
	[1]		808e020
ARR 808e000 (sz=16, trace=1, nelems=1, elem type=char)
ARR 808e020 (sz=16, trace=1, nelems=2, elem type=char)
ARR 808e040 (sz=24, trace=1, nelems=2, elem type=[C@808d5e0)
	[0]		808e060
	[1]		808e080
ARR 808e060 (sz=16, trace=1, nelems=1, elem type=char)
ARR 808e080 (sz=16, trace=1, nelems=2, elem type=char)
ARR 808e0a0 (sz=24, trace=1, nelems=2, elem type=[C@808d5e0)
	[0]		808e0c0
	[1]		808e0e0
ARR 808e0c0 (sz=16, trace=1, nelems=1, elem type=char)
ARR 808e0e0 (sz=16, trace=1, nelems=2, elem type=char)
ARR 808e100 (sz=24, trace=1, nelems=2, elem type=[C@808d5e0)
	[0]		808e120
	[1]		808e140
ARR 808e120 (sz=16, trace=1, nelems=1, elem type=char)
ARR 808e140 (sz=16, trace=1, nelems=2, elem type=char)
ARR 808e160 (sz=24, trace=1, nelems=2, elem type=[C@808d5e0)
	[0]		808e180
	[1]		808e1a0
ARR 808e180 (sz=16, trace=1, nelems=1, elem type=char)
ARR 808e1a0 (sz=16, trace=1, nelems=2, elem type=char)
ARR 808e1c0 (sz=24, trace=1, nelems=2, elem type=[C@808d5e0)
	[0]		808e1e0
	[1]		808e200
ARR 808e1e0 (sz=16, trace=1, nelems=1, elem type=char)
ARR 808e200 (sz=16, trace=1, nelems=2, elem type=char)
ARR 808e220 (sz=24, trace=1, nelems=2, elem type=[C@808d5e0)
	[0]		808e240
	[1]		808e260
ARR 808e240 (sz=16, trace=1, nelems=1, elem type=char)
ARR 808e260 (sz=16, trace=1, nelems=2, elem type=char)
ARR 808e280 (sz=24, trace=1, nelems=2, elem type=[C@808d5e0)
	[0]		808e2a0
	[1]		808e2c0
ARR 808e2a0 (sz=16, trace=1, nelems=1, elem type=char)
ARR 808e2c0 (sz=16, trace=1, nelems=2, elem type=char)
ARR 808e2e0 (sz=24, trace=1, nelems=2, elem type=[C@808d5e0)
	[0]		808e300
	[1]		808e320
ARR 808e300 (sz=16, trace=1, nelems=1, elem type=char)
ARR 808e320 (sz=16, trace=1, nelems=2, elem type=char)
ARR 808e340 (sz=24, trace=1, nelems=2, elem type=[C@808d5e0)
	[0]		808e360
	[1]		808e380
ARR 808e360 (sz=16, trace=1, nelems=1, elem type=char)
ARR 808e380 (sz=16, trace=1, nelems=2, elem type=char)
ARR 808e3a0 (sz=24, trace=1, nelems=2, elem type=[C@808d5e0)
	[0]		808e3c0
	[1]		808e3e0
ARR 808e3c0 (sz=16, trace=1, nelems=1, elem type=char)
ARR 808e3e0 (sz=16, trace=1, nelems=2, elem type=char)
ARR 808e400 (sz=24, trace=1, nelems=2, elem type=[C@808d5e0)
	[0]		808e420
	[1]		808e440
ARR 808e420 (sz=16, trace=1, nelems=1, elem type=char)
ARR 808e440 (sz=16, trace=1, nelems=2, elem type=char)
ARR 808e460 (sz=24, trace=1, nelems=2, elem type=[C@808d5e0)
	[0]		808e480
	[1]		808e4a0
ARR 808e480 (sz=16, trace=1, nelems=1, elem type=char)
ARR 808e4a0 (sz=16, trace=1, nelems=2, elem type=char)
ARR 808e4c0 (sz=24, trace=1, nelems=2, elem type=[C@808d5e0)
	[0]		808e4e0
	[1]		808e500
ARR 808e4e0 (sz=16, trace=1, nelems=1, elem type=char)
ARR 808e500 (sz=16, trace=1, nelems=2, elem type=char)
ARR 808e520 (sz=24, trace=1, nelems=2, elem type=[C@808d5e0)
	[0]		808e540
	[1]		808e560
ARR 808e540 (sz=16, trace=1, nelems=1, elem type=char)
ARR 808e560 (sz=16, trace=1, nelems=2, elem type=char)
ARR 808e580 (sz=24, trace=1, nelems=2, elem type=[C@808d5e0)
	[0]		808e5a0
	[1]		808e5c0
ARR 808e5a0 (sz=16, trace=1, nelems=1, elem type=char)
ARR 808e5c0 (sz=16, trace=1, nelems=2, elem type=char)
ARR 808e5e0 (sz=24, trace=1, nelems=2, elem type=[C@808d5e0)
	[0]		808e600
	[1]		808e620
ARR 808e600 (sz=16, trace=1, nelems=1, elem type=char)
ARR 808e620 (sz=16, trace=1, nelems=2, elem type=char)
ARR 808e640 (sz=24, trace=1, nelems=2, elem type=[C@808d5e0)
	[0]		808e660
	[1]		808e680
ARR 808e660 (sz=16, trace=1, nelems=1, elem type=char)
ARR 808e680 (sz=16, trace=1, nelems=2, elem type=char)
ARR 808e6a0 (sz=24, trace=1, nelems=2, elem type=[C@808d5e0)
	[0]		808e6c0
	[1]		808e6e0
ARR 808e6c0 (sz=16, trace=1, nelems=1, elem type=char)
ARR 808e6e0 (sz=16, trace=1, nelems=2, elem type=char)
ARR 808e700 (sz=24, trace=1, nelems=2, elem type=[C@808d5e0)
	[0]		808e720
	[1]		808e740
ARR 808e720 (sz=16, trace=1, nelems=1, elem type=char)
ARR 808e740 (sz=16, trace=1, nelems=2, elem type=char)
ARR 808e760 (sz=24, trace=1, nelems=2, elem type=[C@808d5e0)
	[0]		808e780
	[1]		808e7a0
ARR 808e780 (sz=16, trace=1, nelems=1, elem type=char)
ARR 808e7a0 (sz=16, trace=1, nelems=2, elem type=char)
ARR 808e7c0 (sz=24, trace=1, nelems=2, elem type=[C@808d5e0)
	[0]		808e7e0
	[1]		808e800
ARR 808e7e0 (sz=16, trace=1, nelems=1, elem type=char)
ARR 808e800 (sz=16, trace=1, nelems=2, elem type=char)
ARR 808e820 (sz=24, trace=1, nelems=2, elem type=[C@808d5e0)
	[0]		808e840
	[1]		808e860
ARR 808e840 (sz=16, trace=1, nelems=1, elem type=char)
ARR 808e860 (sz=16, trace=1, nelems=2, elem type=char)
ARR 808e880 (sz=24, trace=1, nelems=2, elem type=[C@808d5e0)
	[0]		808e8a0
	[1]		808e8c0
ARR 808e8a0 (sz=16, trace=1, nelems=1, elem type=char)
ARR 808e8c0 (sz=16, trace=1, nelems=2, elem type=char)
ARR 808e8e0 (sz=24, trace=1, nelems=2, elem type=[C@808d5e0)
	[0]		808e900
	[1]		808e920
ARR 808e900 (sz=16, trace=1, nelems=1, elem type=char)
ARR 808e920 (sz=16, trace=1, nelems=2, elem type=char)
ARR 808e940 (sz=24, trace=1, nelems=2, elem type=[C@808d5e0)
	[0]		808e960
	[1]		808e980
ARR 808e960 (sz=16, trace=1, nelems=1, elem type=char)
ARR 808e980 (sz=16, trace=1, nelems=2, elem type=char)
ARR 808e9a0 (sz=24, trace=1, nelems=2, elem type=[C@808d5e0)
	[0]		808e9c0
	[1]		808e9e0
ARR 808e9c0 (sz=16, trace=1, nelems=1, elem type=char)
ARR 808e9e0 (sz=16, trace=1, nelems=2, elem type=char)
ARR 808ea00 (sz=24, trace=1, nelems=2, elem type=[C@808d5e0)
	[0]		808ea20
	[1]		808a660
ARR 808ea20 (sz=16, trace=1, nelems=1, elem type=char)
ARR 808a660 (sz=16, trace=1, nelems=2, elem type=char)
ARR 808a680 (sz=24, trace=1, nelems=2, elem type=[C@808d5e0)
	[0]		808ea40
	[1]		808ea60
ARR 808ea40 (sz=16, trace=1, nelems=1, elem type=char)
ARR 808ea60 (sz=16, trace=1, nelems=2, elem type=char)
ARR 808a4c0 (sz=24, trace=1, nelems=2, elem type=[C@808d5e0)
	[0]		808a4e0
	[1]		808a500
ARR 808a4e0 (sz=16, trace=1, nelems=1, elem type=char)
ARR 808a500 (sz=16, trace=1, nelems=2, elem type=char)
ARR 808a520 (sz=24, trace=1, nelems=2, elem type=[C@808d5e0)
	[0]		808a540
	[1]		808a560
ARR 808a540 (sz=16, trace=1, nelems=1, elem type=char)
ARR 808a560 (sz=16, trace=1, nelems=2, elem type=char)
ARR 808a580 (sz=24, trace=1, nelems=2, elem type=[C@808d5e0)
	[0]		808a5a0
	[1]		808a5c0
ARR 808a5a0 (sz=16, trace=1, nelems=1, elem type=char)
ARR 808a5c0 (sz=16, trace=1, nelems=2, elem type=char)
ARR 808a5e0 (sz=24, trace=1, nelems=2, elem type=[C@808d5e0)
	[0]		808a600
	[1]		80972a8
ARR 808a600 (sz=16, trace=1, nelems=1, elem type=char)
ARR 80972a8 (sz=16, trace=1, nelems=2, elem type=char)
ARR 80972c8 (sz=24, trace=1, nelems=2, elem type=[C@808d5e0)
	[0]		80972e8
	[1]		8097308
ARR 80972e8 (sz=16, trace=1, nelems=1, elem type=char)
ARR 8097308 (sz=16, trace=1, nelems=2, elem type=char)
ARR 8097328 (sz=24, trace=1, nelems=2, elem type=[C@808d5e0)
	[0]		8097348
	[1]		8097368
ARR 8097348 (sz=16, trace=1, nelems=1, elem type=char)
ARR 8097368 (sz=16, trace=1, nelems=2, elem type=char)
ARR 8097388 (sz=24, trace=1, nelems=2, elem type=[C@808d5e0)
	[0]		80973a8
	[1]		80973c8
ARR 80973a8 (sz=16, trace=1, nelems=1, elem type=char)
ARR 80973c8 (sz=16, trace=1, nelems=2, elem type=char)
ARR 80973e8 (sz=24, trace=1, nelems=2, elem type=[C@808d5e0)
	[0]		8097408
	[1]		8097428
ARR 8097408 (sz=16, trace=1, nelems=1, elem type=char)
ARR 8097428 (sz=16, trace=1, nelems=2, elem type=char)
ARR 8097448 (sz=24, trace=1, nelems=2, elem type=[C@808d5e0)
	[0]		8097468
	[1]		8097488
ARR 8097468 (sz=16, trace=1, nelems=1, elem type=char)
ARR 8097488 (sz=16, trace=1, nelems=2, elem type=char)
ARR 80974a8 (sz=24, trace=1, nelems=2, elem type=[C@808d5e0)
	[0]		80974c8
	[1]		80974e8
ARR 80974c8 (sz=16, trace=1, nelems=1, elem type=char)
ARR 80974e8 (sz=16, trace=1, nelems=2, elem type=char)
ARR 8097508 (sz=24, trace=1, nelems=2, elem type=[C@808d5e0)
	[0]		8097528
	[1]		8097548
ARR 8097528 (sz=16, trace=1, nelems=1, elem type=char)
ARR 8097548 (sz=16, trace=1, nelems=2, elem type=char)
ARR 8097568 (sz=24, trace=1, nelems=2, elem type=[C@808d5e0)
	[0]		8097588
	[1]		80975a8
ARR 8097588 (sz=16, trace=1, nelems=1, elem type=char)
ARR 80975a8 (sz=16, trace=1, nelems=2, elem type=char)
ARR 80975c8 (sz=24, trace=1, nelems=2, elem type=[C@808d5e0)
	[0]		80975e8
	[1]		8097608
ARR 80975e8 (sz=16, trace=1, nelems=1, elem type=char)
ARR 8097608 (sz=16, trace=1, nelems=2, elem type=char)
ARR 8097628 (sz=24, trace=1, nelems=2, elem type=[C@808d5e0)
	[0]		8097648
	[1]		8097668
ARR 8097648 (sz=16, trace=1, nelems=1, elem type=char)
ARR 8097668 (sz=24, trace=1, nelems=3, elem type=char)
ARR 8097688 (sz=24, trace=1, nelems=2, elem type=[C@808d5e0)
	[0]		80976a8
	[1]		80976c8
ARR 80976a8 (sz=16, trace=1, nelems=1, elem type=char)
ARR 80976c8 (sz=16, trace=1, nelems=2, elem type=char)
ARR 80976e8 (sz=24, trace=1, nelems=2, elem type=[C@808d5e0)
	[0]		8097708
	[1]		8097728
ARR 8097708 (sz=16, trace=1, nelems=1, elem type=char)
ARR 8097728 (sz=16, trace=1, nelems=2, elem type=char)
ARR 8097748 (sz=24, trace=1, nelems=2, elem type=[C@808d5e0)
	[0]		8097768
	[1]		8097788
ARR 8097768 (sz=16, trace=1, nelems=1, elem type=char)
ARR 8097788 (sz=16, trace=1, nelems=2, elem type=char)
ARR 80977a8 (sz=24, trace=1, nelems=2, elem type=[C@808d5e0)
	[0]		80977c8
	[1]		80977e8
ARR 80977c8 (sz=16, trace=1, nelems=1, elem type=char)
ARR 80977e8 (sz=16, trace=1, nelems=2, elem type=char)
ARR 8097808 (sz=24, trace=1, nelems=2, elem type=[C@808d5e0)
	[0]		8097828
	[1]		8097848
ARR 8097828 (sz=16, trace=1, nelems=1, elem type=char)
ARR 8097848 (sz=16, trace=1, nelems=2, elem type=char)
ARR 8097868 (sz=24, trace=1, nelems=2, elem type=[C@808d5e0)
	[0]		8097888
	[1]		80978a8
ARR 8097888 (sz=16, trace=1, nelems=1, elem type=char)
ARR 80978a8 (sz=24, trace=1, nelems=3, elem type=char)
ARR 80978c8 (sz=24, trace=1, nelems=2, elem type=[C@808d5e0)
	[0]		80978e8
	[1]		8097908
ARR 80978e8 (sz=16, trace=1, nelems=1, elem type=char)
ARR 8097908 (sz=16, trace=1, nelems=2, elem type=char)
ARR 8097928 (sz=24, trace=1, nelems=2, elem type=[C@808d5e0)
	[0]		8097948
	[1]		8097968
ARR 8097948 (sz=16, trace=1, nelems=1, elem type=char)
ARR 8097968 (sz=24, trace=1, nelems=3, elem type=char)
ARR 8097988 (sz=24, trace=1, nelems=2, elem type=[C@808d5e0)
	[0]		80979a8
	[1]		80979c8
ARR 80979a8 (sz=16, trace=1, nelems=1, elem type=char)
ARR 80979c8 (sz=24, trace=1, nelems=3, elem type=char)
ARR 80979e8 (sz=24, trace=1, nelems=2, elem type=[C@808d5e0)
	[0]		8097a08
	[1]		8097a28
ARR 8097a08 (sz=16, trace=1, nelems=1, elem type=char)
ARR 8097a28 (sz=16, trace=1, nelems=2, elem type=char)
ARR 8097a48 (sz=24, trace=1, nelems=2, elem type=[C@808d5e0)
	[0]		8097a68
	[1]		8097a88
ARR 8097a68 (sz=16, trace=1, nelems=1, elem type=char)
ARR 8097a88 (sz=24, trace=1, nelems=3, elem type=char)
ARR 8097aa8 (sz=24, trace=1, nelems=2, elem type=[C@808d5e0)
	[0]		8097ac8
	[1]		8097ae8
ARR 8097ac8 (sz=16, trace=1, nelems=1, elem type=char)
ARR 8097ae8 (sz=24, trace=1, nelems=3, elem type=char)
ARR 8097b08 (sz=24, trace=1, nelems=2, elem type=[C@808d5e0)
	[0]		8097b28
	[1]		8097b48
ARR 8097b28 (sz=16, trace=1, nelems=1, elem type=char)
ARR 8097b48 (sz=24, trace=1, nelems=3, elem type=char)
ARR 8097b68 (sz=24, trace=1, nelems=2, elem type=[C@808d5e0)
	[0]		8097b88
	[1]		8097ba8
ARR 8097b88 (sz=16, trace=1, nelems=1, elem type=char)
ARR 8097ba8 (sz=16, trace=1, nelems=2, elem type=char)
ARR 8097bc8 (sz=24, trace=1, nelems=2, elem type=[C@808d5e0)
	[0]		8097be8
	[1]		8097c08
ARR 8097be8 (sz=16, trace=1, nelems=1, elem type=char)
ARR 8097c08 (sz=16, trace=1, nelems=2, elem type=char)
ARR 8097c28 (sz=24, trace=1, nelems=2, elem type=[C@808d5e0)
	[0]		8097c48
	[1]		8097c68
ARR 8097c48 (sz=16, trace=1, nelems=1, elem type=char)
ARR 8097c68 (sz=24, trace=1, nelems=3, elem type=char)
ARR 8097c88 (sz=24, trace=1, nelems=2, elem type=[C@808d5e0)
	[0]		8097ca8
	[1]		8097cc8
ARR 8097ca8 (sz=16, trace=1, nelems=1, elem type=char)
ARR 8097cc8 (sz=16, trace=1, nelems=2, elem type=char)
ARR 8097ce8 (sz=24, trace=1, nelems=2, elem type=[C@808d5e0)
	[0]		8097d08
	[1]		8097d28
ARR 8097d08 (sz=16, trace=1, nelems=1, elem type=char)
ARR 8097d28 (sz=16, trace=1, nelems=2, elem type=char)
ARR 8097d48 (sz=24, trace=1, nelems=2, elem type=[C@808d5e0)
	[0]		8097d68
	[1]		8097d88
ARR 8097d68 (sz=16, trace=1, nelems=1, elem type=char)
ARR 8097d88 (sz=16, trace=1, nelems=2, elem type=char)
ARR 8097da8 (sz=24, trace=1, nelems=2, elem type=[C@808d5e0)
	[0]		8097dc8
	[1]		8097de8
ARR 8097dc8 (sz=16, trace=1, nelems=1, elem type=char)
ARR 8097de8 (sz=16, trace=1, nelems=2, elem type=char)
ARR 8097e08 (sz=24, trace=1, nelems=2, elem type=[C@808d5e0)
	[0]		8097e28
	[1]		8097e48
ARR 8097e28 (sz=16, trace=1, nelems=1, elem type=char)
ARR 8097e48 (sz=24, trace=1, nelems=3, elem type=char)
ARR 8097e68 (sz=24, trace=1, nelems=2, elem type=[C@808d5e0)
	[0]		8097e88
	[1]		8097ea8
ARR 8097e88 (sz=16, trace=1, nelems=1, elem type=char)
ARR 8097ea8 (sz=16, trace=1, nelems=2, elem type=char)
ARR 8097ec8 (sz=24, trace=1, nelems=2, elem type=[C@808d5e0)
	[0]		8097ee8
	[1]		8097f08
ARR 8097ee8 (sz=16, trace=1, nelems=1, elem type=char)
ARR 8097f08 (sz=16, trace=1, nelems=2, elem type=char)
ARR 8097f28 (sz=24, trace=1, nelems=2, elem type=[C@808d5e0)
	[0]		8097f48
	[1]		8097f68
ARR 8097f48 (sz=16, trace=1, nelems=1, elem type=char)
ARR 8097f68 (sz=16, trace=1, nelems=2, elem type=char)
ARR 8097f88 (sz=24, trace=1, nelems=2, elem type=[C@808d5e0)
	[0]		8097fa8
	[1]		8097fc8
ARR 8097fa8 (sz=16, trace=1, nelems=1, elem type=char)
ARR 8097fc8 (sz=16, trace=1, nelems=2, elem type=char)
ARR 8097fe8 (sz=24, trace=1, nelems=2, elem type=[C@808d5e0)
	[0]		8098008
	[1]		8098028
ARR 8098008 (sz=16, trace=1, nelems=1, elem type=char)
ARR 8098028 (sz=24, trace=1, nelems=3, elem type=char)
ARR 8098048 (sz=24, trace=1, nelems=2, elem type=[C@808d5e0)
	[0]		8098068
	[1]		8098088
ARR 8098068 (sz=16, trace=1, nelems=1, elem type=char)
ARR 8098088 (sz=24, trace=1, nelems=3, elem type=char)
ARR 80980a8 (sz=24, trace=1, nelems=2, elem type=[C@808d5e0)
	[0]		80980c8
	[1]		80980e8
ARR 80980c8 (sz=16, trace=1, nelems=1, elem type=char)
ARR 80980e8 (sz=16, trace=1, nelems=2, elem type=char)
ARR 8098108 (sz=24, trace=1, nelems=2, elem type=[C@808d5e0)
	[0]		8098128
	[1]		8098148
ARR 8098128 (sz=16, trace=1, nelems=1, elem type=char)
ARR 8098148 (sz=16, trace=1, nelems=2, elem type=char)
ARR 8098168 (sz=24, trace=1, nelems=2, elem type=[C@808d5e0)
	[0]		8098188
	[1]		80981a8
ARR 8098188 (sz=16, trace=1, nelems=1, elem type=char)
ARR 80981a8 (sz=16, trace=1, nelems=2, elem type=char)
ARR 80981c8 (sz=24, trace=1, nelems=2, elem type=[C@808d5e0)
	[0]		80981e8
	[1]		8098208
ARR 80981e8 (sz=16, trace=1, nelems=1, elem type=char)
ARR 8098208 (sz=16, trace=1, nelems=2, elem type=char)
ARR 8098228 (sz=24, trace=1, nelems=2, elem type=[C@808d5e0)
	[0]		8098248
	[1]		8098268
ARR 8098248 (sz=16, trace=1, nelems=1, elem type=char)
ARR 8098268 (sz=16, trace=1, nelems=2, elem type=char)
ARR 8098288 (sz=24, trace=1, nelems=2, elem type=[C@808d5e0)
	[0]		80982a8
	[1]		80982c8
ARR 80982a8 (sz=16, trace=1, nelems=1, elem type=char)
ARR 80982c8 (sz=16, trace=1, nelems=2, elem type=char)
ARR 80982e8 (sz=24, trace=1, nelems=2, elem type=[C@808d5e0)
	[0]		8098308
	[1]		8098328
ARR 8098308 (sz=16, trace=1, nelems=1, elem type=char)
ARR 8098328 (sz=16, trace=1, nelems=2, elem type=char)
ARR 8098370 (sz=2064, trace=1, nelems=2048, elem type=byte)
ARR 80983c8 (sz=7728, trace=1, nelems=3856, elem type=short)
ARR 80983e8 (sz=2728, trace=1, nelems=678, elem type=int)
OBJ 8098408 (sz=32, trace=1, class=java.util.TreeMap$Entry@808d440)
	parent		8098448
	value		80a46b0
	key		80a4770
OBJ 8098428 (sz=32, trace=1, class=java.util.TreeMap$Entry@808d440)
	parent		8098968
	right		8098848
	left		8098948
	value		80a46b0
	key		80a47b0
OBJ 8098448 (sz=32, trace=1, class=java.util.TreeMap$Entry@808d440)
	parent		8098548
	right		80988c8
	left		8098408
	value		80a46b0
	key		80a47f0
OBJ 8098468 (sz=32, trace=1, class=java.util.TreeMap$Entry@808d440)
	parent		80989c8
	value		80a46b0
	key		80a4830
OBJ 8098488 (sz=32, trace=1, class=java.util.TreeMap$Entry@808d440)
	parent		8098868
	left		8098b68
	value		80a46b0
	key		80a4870
OBJ 80984a8 (sz=32, trace=1, class=java.util.TreeMap$Entry@808d440)
	parent		80984e8
	right		80986e8
	left		8098928
	value		80a46b0
	key		80a48b0
OBJ 80984c8 (sz=32, trace=1, class=java.util.TreeMap$Entry@808d440)
	parent		80988c8
	left		8098c68
	value		80a46b0
	key		80a48f0
OBJ 80984e8 (sz=32, trace=1, class=java.util.TreeMap$Entry@808d440)
	parent		808d500
	right		80984a8
	left		8098548
	value		80a46b0
	key		80a4930
OBJ 8098508 (sz=32, trace=1, class=java.util.TreeMap$Entry@808d440)
	parent		8098908
	value		80a46b0
	key		80a4970
OBJ 8098528 (sz=32, trace=1, class=java.util.TreeMap$Entry@808d440)
	parent		8098948
	left		8098be8
	value		80a46b0
	key		80a49b0
OBJ 8098548 (sz=32, trace=1, class=java.util.TreeMap$Entry@808d440)
	parent		80984e8
	right		8098448
	left		8098908
	value		80a46b0
	key		80a49f0
OBJ 8098568 (sz=32, trace=1, class=java.util.TreeMap$Entry@808d440)
	parent		8098c08
	value		808d420
	key		80a46b0
ARR 8098588 (sz=16, trace=1, nelems=1, elem type=java.lang.String@808a868)
	[0]		80a4bb0
OBJ 80985a8 (sz=32, trace=1, class=java.util.TreeMap$Entry@808d440)
	parent		8098768
	right		8098c48
	value		80a4b70
	key		80a4b30
OBJ 80985c8 (sz=32, trace=1, class=java.util.TreeMap$Entry@808d440)
	parent		808d500
	right		80986c8
	left		8098968
	value		80a4b30
	key		80a4bb0
OBJ 80985e8 (sz=32, trace=1, class=java.util.TreeMap$Entry@808d440)
	parent		80987c8
	right		8098c88
	value		8098588
	key		80a4b30
ARR 8098608 (sz=16, trace=1, nelems=1, elem type=java.lang.String@808a868)
	[0]		80a4c30
OBJ 8098628 (sz=32, trace=1, class=java.util.TreeMap$Entry@808d440)
	right		8098768
	left		8098a28
	value		80a4c30
	key		80a4bf0
OBJ 8098648 (sz=32, trace=1, class=java.util.TreeMap$Entry@808d440)
	parent		80986c8
	value		80a4bf0
	key		80a4c30
OBJ 8098668 (sz=32, trace=1, class=java.util.TreeMap$Entry@808d440)
	right		80987c8
	left		8098c08
	value		8098608
	key		80a4bf0
ARR 8098688 (sz=24, trace=1, nelems=3, elem type=java.lang.String@808a868)
	[0]		80a4cb0
	[1]		80a4cf0
	[2]		80a4d30
OBJ 80986a8 (sz=32, trace=1, class=java.util.TreeMap$Entry@808d440)
	parent		8098768
	value		80a4cb0
	key		80a4c70
OBJ 80986c8 (sz=32, trace=1, class=java.util.TreeMap$Entry@808d440)
	parent		80985c8
	right		8098708
	left		8098648
	value		80a4c70
	key		80a4cb0
OBJ 80986e8 (sz=32, trace=1, class=java.util.TreeMap$Entry@808d440)
	parent		80984a8
	right		8098828
	left		80988a8
	value		80a4c70
	key		80a4cf0
OBJ 8098708 (sz=32, trace=1, class=java.util.TreeMap$Entry@808d440)
	parent		80986c8
	right		80987a8
	left		8098788
	value		80a4c70
	key		80a4d30
OBJ 8098728 (sz=32, trace=1, class=java.util.TreeMap$Entry@808d440)
	parent		80987c8
	value		8098688
	key		80a4c70
ARR 8098748 (sz=24, trace=1, nelems=2, elem type=java.lang.String@808a868)
	[0]		80a4db0
	[1]		80a4df0
OBJ 8098768 (sz=32, trace=1, class=java.util.TreeMap$Entry@808d440)
	parent		8098628
	right		80985a8
	left		80986a8
	value		80a4db0
	key		80a4d70
OBJ 8098788 (sz=32, trace=1, class=java.util.TreeMap$Entry@808d440)
	parent		8098708
	value		80a4d70
	key		80a4db0
OBJ 80987a8 (sz=32, trace=1, class=java.util.TreeMap$Entry@808d440)
	parent		8098708
	value		80a4d70
	key		80a4df0
OBJ 80987c8 (sz=32, trace=1, class=java.util.TreeMap$Entry@808d440)
	parent		8098668
	right		80985e8
	left		8098728
	value		8098748
	key		80a4d70
ARR 80987e8 (sz=72, trace=1, nelems=14, elem type=java.lang.String@808a868)
	[0]		80a4eb0
	[1]		80a4ef0
	[2]		80a4f30
	[3]		80a4f70
	[4]		80a4fb0
	[5]		80a4ff0
	[6]		80a5030
	[7]		80a5070
	[8]		80a50b0
	[9]		80a50f0
	[10]		80a5130
	[11]		80a4e70
	[12]		80a5170
	[13]		80a51b0
OBJ 8098808 (sz=32, trace=1, class=java.util.TreeMap$Entry@808d440)
	parent		8098a28
	value		80a4e70
	key		80a4e30
OBJ 8098828 (sz=32, trace=1, class=java.util.TreeMap$Entry@808d440)
	parent		80986e8
	left		8098a88
	value		80a4e30
	key		80a4eb0
OBJ 8098848 (sz=32, trace=1, class=java.util.TreeMap$Entry@808d440)
	parent		8098428
	right		8098a48
	value		80a4e30
	key		80a4ef0
OBJ 8098868 (sz=32, trace=1, class=java.util.TreeMap$Entry@808d440)
	parent		8098968
	right		8098488
	left		8098888
	value		80a4e30
	key		80a4f30
OBJ 8098888 (sz=32, trace=1, class=java.util.TreeMap$Entry@808d440)
	parent		8098868
	right		8098b48
	left		8098988
	value		80a4e30
	key		80a4f70
OBJ 80988a8 (sz=32, trace=1, class=java.util.TreeMap$Entry@808d440)
	parent		80986e8
	right		8098ac8
	value		80a4e30
	key		80a4fb0
OBJ 80988c8 (sz=32, trace=1, class=java.util.TreeMap$Entry@808d440)
	parent		8098448
	right		8098b08
	left		80984c8
	value		80a4e30
	key		80a4ff0
OBJ 80988e8 (sz=32, trace=1, class=java.util.TreeMap$Entry@808d440)
	parent		8098928
	right		8098bc8
	left		8098ba8
	value		80a4e30
	key		80a5030
OBJ 8098908 (sz=32, trace=1, class=java.util.TreeMap$Entry@808d440)
	parent		8098548
	right		8098a68
	left		8098508
	value		80a4e30
	key		80a5070
OBJ 8098928 (sz=32, trace=1, class=java.util.TreeMap$Entry@808d440)
	parent		80984a8
	right		8098ae8
	left		80988e8
	value		80a4e30
	key		80a50b0
OBJ 8098948 (sz=32, trace=1, class=java.util.TreeMap$Entry@808d440)
	parent		8098428
	right		8098528
	left		80989c8
	value		80a4e30
	key		80a50f0
OBJ 8098968 (sz=32, trace=1, class=java.util.TreeMap$Entry@808d440)
	parent		80985c8
	right		8098868
	left		8098428
	value		80a4e30
	key		80a5130
OBJ 8098988 (sz=32, trace=1, class=java.util.TreeMap$Entry@808d440)
	parent		8098888
	value		80a4e30
	key		80a4e70
OBJ 80989a8 (sz=32, trace=1, class=java.util.TreeMap$Entry@808d440)
	parent		8098a68
	value		80a4e30
	key		80a5170
OBJ 80989c8 (sz=32, trace=1, class=java.util.TreeMap$Entry@808d440)
	parent		8098948
	right		8098aa8
	left		8098468
	value		80a4e30
	key		80a51b0
OBJ 80989e8 (sz=32, trace=1, class=java.util.TreeMap$Entry@808d440)
	parent		8098c08
	value		80987e8
	key		80a4e30
ARR 8098a08 (sz=72, trace=1, nelems=15, elem type=java.lang.String@808a868)
	[0]		80a5270
	[1]		80a52b0
	[2]		80a51f0
	[3]		80a5270
	[4]		80a52f0
	[5]		80a5330
	[6]		80a5370
	[7]		80a53b0
	[8]		80a53f0
	[9]		80a5430
	[10]		80a5470
	[11]		80a54b0
	[12]		80a54f0
	[13]		80a5530
	[14]		80a5570
OBJ 8098a28 (sz=32, trace=1, class=java.util.TreeMap$Entry@808d440)
	parent		8098628
	right		808d4e0
	left		8098808
	value		80a5230
	key		80a51f0
OBJ 8098a48 (sz=32, trace=1, class=java.util.TreeMap$Entry@808d440)
	parent		8098848
	value		80a51f0
	key		80a5270
OBJ 8098a68 (sz=32, trace=1, class=java.util.TreeMap$Entry@808d440)
	parent		8098908
	right		8098b28
	left		80989a8
	value		80a51f0
	key		80a52b0
OBJ 8098a88 (sz=32, trace=1, class=java.util.TreeMap$Entry@808d440)
	parent		8098828
	value		80a51f0
	key		80a51f0
OBJ 8098aa8 (sz=32, trace=1, class=java.util.TreeMap$Entry@808d440)
	parent		80989c8
	value		80a51f0
	key		80a52f0
OBJ 8098ac8 (sz=32, trace=1, class=java.util.TreeMap$Entry@808d440)
	parent		80988a8
	value		80a51f0
	key		80a5330
OBJ 8098ae8 (sz=32, trace=1, class=java.util.TreeMap$Entry@808d440)
	parent		8098928
	value		80a51f0
	key		80a5370
OBJ 8098b08 (sz=32, trace=1, class=java.util.TreeMap$Entry@808d440)
	parent		80988c8
	value		80a51f0
	key		80a53b0
OBJ 8098b28 (sz=32, trace=1, class=java.util.TreeMap$Entry@808d440)
	parent		8098a68
	value		80a51f0
	key		80a53f0
OBJ 8098b48 (sz=32, trace=1, class=java.util.TreeMap$Entry@808d440)
	parent		8098888
	left		8098b88
	value		80a51f0
	key		80a5430
OBJ 8098b68 (sz=32, trace=1, class=java.util.TreeMap$Entry@808d440)
	parent		8098488
	value		80a51f0
	key		80a5470
OBJ 8098b88 (sz=32, trace=1, class=java.util.TreeMap$Entry@808d440)
	parent		8098b48
	value		80a51f0
	key		80a54b0
OBJ 8098ba8 (sz=32, trace=1, class=java.util.TreeMap$Entry@808d440)
	parent		80988e8
	value		80a51f0
	key		80a54f0
OBJ 8098bc8 (sz=32, trace=1, class=java.util.TreeMap$Entry@808d440)
	parent		80988e8
	value		80a51f0
	key		80a5530
OBJ 8098be8 (sz=32, trace=1, class=java.util.TreeMap$Entry@808d440)
	parent		8098528
	value		80a51f0
	key		80a5570
OBJ 8098c08 (sz=32, trace=1, class=java.util.TreeMap$Entry@808d440)
	parent		8098668
	right		8098568
	left		80989e8
	value		8098a08
	key		80a51f0
ARR 8098c28 (sz=16, trace=1, nelems=1, elem type=java.lang.String@808a868)
	[0]		80a5630
OBJ 8098c48 (sz=32, trace=1, class=java.util.TreeMap$Entry@808d440)
	parent		80985a8
	value		80a55f0
	key		80a55b0
OBJ 8098c68 (sz=32, trace=1, class=java.util.TreeMap$Entry@808d440)
	parent		80984c8
	value		80a55b0
	key		80a5630
OBJ 8098c88 (sz=32, trace=1, class=java.util.TreeMap$Entry@808d440)
	parent		80985e8
	value		8098c28
	key		80a55b0
OBJ 8098ce0 (sz=32, trace=1, class=java.lang.ref.SoftReference@808cfa8)
	queue		808b4b8
	referent	808d2e0
OBJ 8098d00 (sz=16, trace=1, class=java.lang.ThreadLocal@808ce70)
OBJ 8098dc0 (sz=24, trace=1, class=java.lang.StringBuffer@8098d20)
	value		8098de0
ARR 8098de0 (sz=56, trace=1, nelems=20, elem type=char)
ARR 8098ea0 (sz=16, trace=1, nelems=1, elem type=java.lang.reflect.Constructor@8098e00)
	[0]		8098f18
ARR 8098ec0 (sz=16, trace=1, nelems=0, elem type=java.lang.Class@808a758)
OBJ 8098f18 (sz=48, trace=1, class=java.lang.reflect.Constructor@8098e00)
	constructorAccessor	8099198
	exceptionTypes	808a7d8
	parameterTypes	8098ec0
	clazz		80991b8
OBJ 8098f38 (sz=32, trace=1, class=java.lang.ref.SoftReference@808cfa8)
	queue		808b4b8
	referent	8098ea0
OBJ 8098ff8 (sz=8, trace=1, class=java.lang.reflect.ReflectAccess@8098f58)
OBJ 8099018 (sz=48, trace=1, class=java.lang.reflect.Constructor@8098e00)
	root		8098f18
	constructorAccessor	8099198
	exceptionTypes	808a7d8
	parameterTypes	8098ec0
	clazz		80991b8
OBJ 80990d8 (sz=24, trace=1, class=sun.reflect.NativeConstructorAccessorImpl@8099038)
	parent		8099198
	c		8099018
OBJ 8099198 (sz=16, trace=1, class=sun.reflect.DelegatingConstructorAccessorImpl@80990f8)
	delegate	80990d8
OBJ 8099258 (sz=24, trace=1, class=sun.nio.cs.ISO_8859_15@80991b8)
	aliases		8098a08
	name		80a51f0
OBJ 8099278 (sz=32, trace=1, class=java.lang.ref.SoftReference@808cfa8)
	queue		808b4b8
	referent	8099258
OBJ 8099298 (sz=32, trace=1, class=java.util.TreeMap$Entry@808d440)
	left		809cde8
	value		8099278
	key		80a51f0
ARR 8099358 (sz=24, trace=1, nelems=3, elem type=int)
ARR 8099378 (sz=32, trace=1, nelems=4, elem type=java.lang.String@808a868)
	[0]		80a6070
	[1]		80a60b0
	[2]		80a60f0
	[3]		80a6130
ARR 8099438 (sz=40, trace=1, nelems=7, elem type=int)
OBJ 80994f8 (sz=16, trace=1, class=java.nio.charset.CodingErrorAction@8099458)
	name		80a6250
OBJ 8099518 (sz=16, trace=1, class=java.nio.charset.CodingErrorAction@8099458)
	name		80a6290
OBJ 8099538 (sz=16, trace=1, class=java.nio.charset.CodingErrorAction@8099458)
	name		80a62d0
ARR 8099558 (sz=32, trace=1, nelems=5, elem type=int)
ARR 8099578 (sz=56, trace=1, nelems=19, elem type=char)
OBJ 8099638 (sz=8, trace=1, class=sun.misc.Unsafe@8099598)
OBJ 80996f8 (sz=16, trace=1, class=java.nio.ByteOrder@8099658)
	name		80a6590
OBJ 8099718 (sz=16, trace=1, class=java.nio.ByteOrder@8099658)
	name		80a65d0
ARR 8099738 (sz=32, trace=1, nelems=4, elem type=java.lang.String@808a868)
	[0]		80a6810
	[1]		80a6850
	[2]		80a6890
	[3]		80a68d0
OBJ 80997f8 (sz=16, trace=1, class=java.nio.charset.CoderResult@8099758)
OBJ 8099818 (sz=16, trace=1, class=java.nio.charset.CoderResult@8099758)
OBJ 80998d8 (sz=16, trace=1, class=java.nio.charset.CoderResult$1@8099838)
OBJ 8099998 (sz=16, trace=1, class=java.nio.charset.CoderResult$2@80998f8)
OBJ 80999b8 (sz=24, trace=1, class=java.lang.String@808a868)
	value		80999d8
ARR 80999d8 (sz=16, trace=1, nelems=0, elem type=char)
OBJ 80999f8 (sz=24, trace=1, class=java.util.Hashtable$Entry@808be30)
	value		80999b8
	key		808ce50
OBJ 8099a18 (sz=24, trace=1, class=java.lang.String@808a868)
	value		8099a38
ARR 8099a38 (sz=40, trace=1, nelems=14, elem type=char)
OBJ 8099a58 (sz=24, trace=1, class=java.lang.String@808a868)
	value		8099a78
ARR 8099a78 (sz=24, trace=1, nelems=4, elem type=char)
OBJ 8099a98 (sz=24, trace=1, class=java.util.Hashtable$Entry@808be30)
	next		808c6b0
	value		8099a58
	key		8099a18
OBJ 8099ab8 (sz=24, trace=1, class=java.lang.String@808a868)
	value		8099ad8
ARR 8099ad8 (sz=32, trace=1, nelems=9, elem type=char)
OBJ 8099af8 (sz=24, trace=1, class=java.lang.String@808a868)
	value		8099b18
ARR 8099b18 (sz=32, trace=1, nelems=8, elem type=char)
OBJ 8099b38 (sz=24, trace=1, class=java.util.Hashtable$Entry@808be30)
	value		8099af8
	key		8099ab8
OBJ 8099b58 (sz=24, trace=1, class=java.lang.String@808a868)
	value		8099b78
ARR 8099b78 (sz=32, trace=1, nelems=9, elem type=char)
OBJ 8099b98 (sz=24, trace=1, class=java.lang.String@808a868)
	value		8099bb8
ARR 8099bb8 (sz=40, trace=1, nelems=14, elem type=char)
OBJ 8099bd8 (sz=24, trace=1, class=java.util.Hashtable$Entry@808be30)
	value		8099b98
	key		8099b58
ARR 8099bf8 (sz=40, trace=1, nelems=13, elem type=char)
OBJ 8099c18 (sz=24, trace=1, class=java.lang.String@808a868)
	value		8099bf8
ARR 8099c38 (sz=16, trace=1, nelems=0, elem type=char)
OBJ 8099c58 (sz=24, trace=1, class=java.lang.String@808a868)
	value		8099c38
OBJ 8099c78 (sz=24, trace=1, class=java.util.Hashtable$Entry@808be30)
	value		8099c58
	key		8099c18
OBJ 8099c98 (sz=24, trace=1, class=java.lang.String@808a868)
	value		8099cb8
ARR 8099cb8 (sz=32, trace=1, nelems=8, elem type=char)
OBJ 8099cd8 (sz=24, trace=1, class=java.lang.String@808a868)
	value		8099cf8
ARR 8099cf8 (sz=104, trace=1, nelems=46, elem type=char)
OBJ 8099d18 (sz=24, trace=1, class=java.util.Hashtable$Entry@808be30)
	value		8099cd8
	key		8099c98
OBJ 8099d38 (sz=24, trace=1, class=java.lang.String@808a868)
	value		8099d58
ARR 8099d58 (sz=72, trace=1, nelems=29, elem type=char)
OBJ 8099d78 (sz=24, trace=1, class=java.lang.String@808a868)
	value		8099d98
ARR 8099d98 (sz=24, trace=1, nelems=3, elem type=char)
OBJ 8099db8 (sz=24, trace=1, class=java.util.Hashtable$Entry@808be30)
	value		8099d78
	key		8099d38
OBJ 8099dd8 (sz=24, trace=1, class=java.lang.String@808a868)
	value		8099df8
ARR 8099df8 (sz=64, trace=1, nelems=26, elem type=char)
OBJ 8099e18 (sz=24, trace=1, class=java.lang.String@808a868)
	value		8099e38
ARR 8099e38 (sz=80, trace=1, nelems=34, elem type=char)
OBJ 8099e58 (sz=24, trace=1, class=java.util.Hashtable$Entry@808be30)
	next		8099d18
	value		8099e18
	key		8099dd8
OBJ 8099e78 (sz=24, trace=1, class=java.lang.String@808a868)
	value		8099e98
ARR 8099e98 (sz=72, trace=1, nelems=28, elem type=char)
OBJ 8099eb8 (sz=24, trace=1, class=java.lang.String@808a868)
	value		8099ed8
ARR 8099ed8 (sz=56, trace=1, nelems=21, elem type=char)
OBJ 8099ef8 (sz=24, trace=1, class=java.util.Hashtable$Entry@808be30)
	value		8099eb8
	key		8099e78
OBJ 8099f18 (sz=24, trace=1, class=java.lang.String@808a868)
	value		8099f38
ARR 8099f38 (sz=48, trace=1, nelems=15, elem type=char)
OBJ 8099f58 (sz=24, trace=1, class=java.lang.String@808a868)
	value		8099f78
ARR 8099f78 (sz=40, trace=1, nelems=12, elem type=char)
ARR 8099fd0 (sz=392, trace=1, nelems=95, elem type=java.util.Hashtable$Entry@808be30)
	[0]		808ca70
	[9]		808c9d0
	[11]		808c250
	[13]		808c570
	[16]		808c110
	[17]		809a5b0
	[18]		809a230
	[19]		808c070
	[21]		809a190
	[24]		808c750
	[26]		809a4b0
	[27]		8099db8
	[33]		809a510
	[38]		808c890
	[39]		808cbb0
	[40]		8099c78
	[41]		8099bd8
	[44]		808c430
	[45]		808cc50
	[49]		808bf70
	[54]		809a410
	[61]		80999f8
	[63]		808c390
	[65]		8099ef8
	[67]		8099a98
	[70]		809a2d0
	[72]		808ce30
	[74]		809a610
	[76]		8099e58
	[79]		808c7f0
	[80]		809a090
	[81]		808c610
	[82]		809a130
	[88]		809a370
	[91]		809a630
OBJ 8099ff0 (sz=24, trace=1, class=java.util.Hashtable$Entry@808be30)
	value		8099f58
	key		8099f18
OBJ 809a010 (sz=24, trace=1, class=java.lang.String@808a868)
	value		809a030
ARR 809a030 (sz=40, trace=1, nelems=12, elem type=char)
OBJ 809a050 (sz=24, trace=1, class=java.lang.String@808a868)
	value		809a070
ARR 809a070 (sz=64, trace=1, nelems=26, elem type=char)
OBJ 809a090 (sz=24, trace=1, class=java.util.Hashtable$Entry@808be30)
	next		808c930
	value		809a050
	key		809a010
OBJ 809a0b0 (sz=24, trace=1, class=java.lang.String@808a868)
	value		809a0d0
ARR 809a0d0 (sz=40, trace=1, nelems=14, elem type=char)
OBJ 809a0f0 (sz=24, trace=1, class=java.lang.String@808a868)
	value		809a110
ARR 809a110 (sz=56, trace=1, nelems=21, elem type=char)
OBJ 809a130 (sz=24, trace=1, class=java.util.Hashtable$Entry@808be30)
	next		808c1b0
	value		809a0f0
	key		809a0b0
OBJ 809a150 (sz=24, trace=1, class=java.lang.String@808a868)
	value		809a170
ARR 809a170 (sz=40, trace=1, nelems=12, elem type=char)
OBJ 809a190 (sz=24, trace=1, class=java.util.Hashtable$Entry@808be30)
	value		809d6e8
	key		809a150
OBJ 809a1b0 (sz=24, trace=1, class=java.lang.String@808a868)
	value		809a1d0
ARR 809a1d0 (sz=40, trace=1, nelems=13, elem type=char)
OBJ 809a1f0 (sz=24, trace=1, class=java.lang.String@808a868)
	value		809a210
ARR 809a210 (sz=104, trace=1, nelems=46, elem type=char)
OBJ 809a230 (sz=24, trace=1, class=java.util.Hashtable$Entry@808be30)
	value		809a1f0
	key		809a1b0
OBJ 809a250 (sz=24, trace=1, class=java.lang.String@808a868)
	value		809a270
ARR 809a270 (sz=48, trace=1, nelems=18, elem type=char)
OBJ 809a290 (sz=24, trace=1, class=java.lang.String@808a868)
	value		809a2b0
ARR 809a2b0 (sz=120, trace=1, nelems=51, elem type=char)
OBJ 809a2d0 (sz=24, trace=1, class=java.util.Hashtable$Entry@808be30)
	next		808c4d0
	value		809a290
	key		809a250
OBJ 809a2f0 (sz=24, trace=1, class=java.lang.String@808a868)
	value		809a310
ARR 809a310 (sz=56, trace=1, nelems=21, elem type=char)
OBJ 809a330 (sz=24, trace=1, class=java.lang.String@808a868)
	value		809a350
ARR 809a350 (sz=112, trace=1, nelems=47, elem type=char)
OBJ 809a370 (sz=24, trace=1, class=java.util.Hashtable$Entry@808be30)
	next		8099ff0
	value		809a330
	key		809a2f0
OBJ 809a390 (sz=24, trace=1, class=java.lang.String@808a868)
	value		809a3b0
ARR 809a3b0 (sz=48, trace=1, nelems=17, elem type=char)
OBJ 809a3d0 (sz=24, trace=1, class=java.lang.String@808a868)
	value		809a3f0
ARR 809a3f0 (sz=320, trace=1, nelems=153, elem type=char)
OBJ 809a410 (sz=24, trace=1, class=java.util.Hashtable$Entry@808be30)
	value		809a3d0
	key		809a390
OBJ 809a430 (sz=24, trace=1, class=java.lang.String@808a868)
	value		809a450
ARR 809a450 (sz=32, trace=1, nelems=9, elem type=char)
OBJ 809a470 (sz=24, trace=1, class=java.lang.String@808a868)
	value		809a490
ARR 809a490 (sz=88, trace=1, nelems=38, elem type=char)
OBJ 809a4b0 (sz=24, trace=1, class=java.util.Hashtable$Entry@808be30)
	next		808ccf0
	value		809a470
	key		809a430
OBJ 809a4d0 (sz=24, trace=1, class=java.lang.String@808a868)
	value		809a4f0
ARR 809a4f0 (sz=48, trace=1, nelems=15, elem type=char)
OBJ 809a510 (sz=24, trace=1, class=java.util.Hashtable$Entry@808be30)
	next		8099b38
	value		809a5d0
	key		809a4d0
OBJ 809a530 (sz=24, trace=1, class=java.lang.String@808a868)
	value		809a550
ARR 809a550 (sz=56, trace=1, nelems=19, elem type=char)
OBJ 809a570 (sz=24, trace=1, class=java.lang.String@808a868)
	value		809a590
ARR 809a590 (sz=744, trace=1, nelems=365, elem type=char)
OBJ 809a5b0 (sz=24, trace=1, class=java.util.Hashtable$Entry@808be30)
	value		809a570
	key		809a530
OBJ 809a5d0 (sz=24, trace=1, class=java.lang.String@808a868)
	value		809a5f0
ARR 809a5f0 (sz=88, trace=1, nelems=36, elem type=char)
OBJ 809a610 (sz=24, trace=1, class=java.util.Hashtable$Entry@808be30)
	value		80a6bb0
	key		80a6c30
OBJ 809a630 (sz=24, trace=1, class=java.util.Hashtable$Entry@808be30)
	value		80a6b70
	key		80a6c70
OBJ 809a6f0 (sz=16, trace=1, class=java.io.FileInputStream@809a650)
	fd		809a870
OBJ 809a7b0 (sz=32, trace=1, class=java.lang.ref.Finalizer@809a710)
	prev		809a990
	queue		808b678
	referent	809a6f0
OBJ 809a870 (sz=16, trace=1, class=java.io.FileDescriptor@809a7d0)
OBJ 809a890 (sz=16, trace=1, class=java.io.FileDescriptor@809a7d0)
OBJ 809a8b0 (sz=16, trace=1, class=java.io.FileDescriptor@809a7d0)
OBJ 809a970 (sz=24, trace=1, class=java.io.FileOutputStream@809a8d0)
	fd		809a890
OBJ 809a990 (sz=32, trace=1, class=java.lang.ref.Finalizer@809a710)
	prev		809a9d0
	next		809a7b0
	queue		808b678
	referent	809a970
OBJ 809a9b0 (sz=24, trace=1, class=java.io.FileOutputStream@809a8d0)
	fd		809a8b0
OBJ 809a9d0 (sz=32, trace=1, class=java.lang.ref.Finalizer@809a710)
	prev		809d668
	next		809a990
	queue		808b678
	referent	809a9b0
OBJ 809aa90 (sz=32, trace=1, class=java.io.BufferedInputStream@809a9f0)
	buf		809aab0
	in		809a6f0
ARR 809aab0 (sz=2064, trace=1, nelems=2048, elem type=byte)
OBJ 809ab70 (sz=24, trace=1, class=java.io.PrintStream@809aad0)
	charOut		809ad10
	textOut		809b210
	out		809ac30
OBJ 809ac30 (sz=24, trace=1, class=java.io.BufferedOutputStream@809ab90)
	buf		809ac50
	out		809a970
ARR 809ac50 (sz=144, trace=1, nelems=128, elem type=byte)
OBJ 809ad10 (sz=24, trace=1, class=java.io.OutputStreamWriter@809ac70)
	se		809add0
	lock		809ab70
OBJ 809add0 (sz=56, trace=1, class=sun.nio.cs.StreamEncoder$CharsetSE@809ad30)
	out		809ab70
	bb		809b130
	encoder		809aed0
	cs		8099258
	lock		809ad10
ARR 809adf0 (sz=32, trace=1, nelems=4, elem type=java.lang.String@808a868)
	[0]		80a6070
	[1]		80a60b0
	[2]		80a60f0
	[3]		80a6130
ARR 809ae10 (sz=528, trace=1, nelems=256, elem type=short)
OBJ 809aed0 (sz=64, trace=1, class=sun.nio.cs.ISO_8859_15$Encoder@809ae30)
	sgp		809b070
	index2		80a7910
	index1		809ae10
	cachedDecoder	809afb0
	unmappableCharacterAction	8099518
	malformedInputAction	8099518
	replacement	809aef0
	charset		8099258
ARR 809aef0 (sz=16, trace=1, nelems=1, elem type=byte)
OBJ 809afb0 (sz=24, trace=1, class=java.lang.ref.WeakReference@809af10)
	next		809afb0
	queue		808b4b8
OBJ 809b070 (sz=24, trace=1, class=sun.nio.cs.Surrogate$Parser@809afd0)
	error		80997f8
OBJ 809b130 (sz=48, trace=1, class=java.nio.HeapByteBuffer@809b090)
	hb		809b150
ARR 809b150 (sz=8208, trace=1, nelems=8192, elem type=byte)
OBJ 809b210 (sz=40, trace=1, class=java.io.BufferedWriter@809b170)
	lineSeparator	808c690
	cb		809b230
	out		809ad10
	lock		809ad10
ARR 809b230 (sz=16400, trace=1, nelems=8192, elem type=char)
OBJ 809b250 (sz=24, trace=1, class=java.io.PrintStream@809aad0)
	charOut		809b2b0
	textOut		809b3b0
	out		809b270
OBJ 809b270 (sz=24, trace=1, class=java.io.BufferedOutputStream@809ab90)
	buf		809b290
	out		809a9b0
ARR 809b290 (sz=144, trace=1, nelems=128, elem type=byte)
OBJ 809b2b0 (sz=24, trace=1, class=java.io.OutputStreamWriter@809ac70)
	se		809b2d0
	lock		809b250
OBJ 809b2d0 (sz=56, trace=1, class=sun.nio.cs.StreamEncoder$CharsetSE@809ad30)
	out		809b250
	bb		809b370
	encoder		809b2f0
	cs		8099258
	lock		809b2b0
OBJ 809b2f0 (sz=64, trace=1, class=sun.nio.cs.ISO_8859_15$Encoder@809ae30)
	sgp		809b350
	index2		80a7910
	index1		809ae10
	cachedDecoder	809b330
	unmappableCharacterAction	8099518
	malformedInputAction	8099518
	replacement	809b310
	charset		8099258
ARR 809b310 (sz=16, trace=1, nelems=1, elem type=byte)
OBJ 809b330 (sz=24, trace=1, class=java.lang.ref.WeakReference@809af10)
	next		809b330
	queue		808b4b8
OBJ 809b350 (sz=24, trace=1, class=sun.nio.cs.Surrogate$Parser@809afd0)
	error		80997f8
OBJ 809b370 (sz=48, trace=1, class=java.nio.HeapByteBuffer@809b090)
	hb		809b390
ARR 809b390 (sz=8208, trace=1, nelems=8192, elem type=byte)
OBJ 809b3b0 (sz=40, trace=1, class=java.io.BufferedWriter@809b170)
	lineSeparator	808c690
	cb		809b3d0
	out		809b2b0
	lock		809b2b0
ARR 809b3d0 (sz=16400, trace=1, nelems=8192, elem type=char)
ARR 809b490 (sz=16, trace=1, nelems=0, elem type=java.util.logging.Handler@809b3f0)
OBJ 809b550 (sz=24, trace=1, class=java.util.ArrayList@809b4b0)
	elementData	809b570
ARR 809b570 (sz=56, trace=1, nelems=10, elem type=java.lang.Object@808aef8)
	[0]		809b630
	[1]		809b650
	[2]		809b670
	[3]		809b690
	[4]		809b6b0
	[5]		809b6d0
	[6]		809b6f0
	[7]		809b710
	[8]		809b730
OBJ 809b630 (sz=24, trace=1, class=java.util.logging.Level@809b590)
	resourceBundleName	80a80f0
	name		80a8130
OBJ 809b650 (sz=24, trace=1, class=java.util.logging.Level@809b590)
	resourceBundleName	80a80f0
	name		80a81b0
OBJ 809b670 (sz=24, trace=1, class=java.util.logging.Level@809b590)
	resourceBundleName	80a80f0
	name		80a81f0
OBJ 809b690 (sz=24, trace=1, class=java.util.logging.Level@809b590)
	resourceBundleName	80a80f0
	name		80a8230
OBJ 809b6b0 (sz=24, trace=1, class=java.util.logging.Level@809b590)
	resourceBundleName	80a80f0
	name		80a8270
OBJ 809b6d0 (sz=24, trace=1, class=java.util.logging.Level@809b590)
	resourceBundleName	80a80f0
	name		80a82b0
OBJ 809b6f0 (sz=24, trace=1, class=java.util.logging.Level@809b590)
	resourceBundleName	80a80f0
	name		80a82f0
OBJ 809b710 (sz=24, trace=1, class=java.util.logging.Level@809b590)
	resourceBundleName	80a80f0
	name		80a8330
OBJ 809b730 (sz=24, trace=1, class=java.util.logging.Level@809b590)
	resourceBundleName	80a80f0
	name		80a8370
OBJ 809b7f0 (sz=40, trace=1, class=java.util.logging.LogManager@809b750)
	ourPermission	809bb10
	rootLogger	809c748
	root		809ba50
	loggers		809b970
	changes		809b8b0
	props		809cc08
OBJ 809b8b0 (sz=24, trace=1, class=java.beans.PropertyChangeSupport@809b810)
	source		809b750
OBJ 809b970 (sz=40, trace=1, class=java.util.Hashtable@809b8d0)
	table		809b990
ARR 809b990 (sz=56, trace=1, nelems=11, elem type=java.util.Hashtable$Entry@808be30)
	[0]		809c768
	[4]		809c608
OBJ 809ba50 (sz=24, trace=1, class=java.util.logging.LogManager$LogNode@809b9b0)
	logger		809c748
	children	809c628
OBJ 809bb10 (sz=24, trace=1, class=java.util.logging.LoggingPermission@809ba70)
	path		80a85f0
	name		80a85f0
OBJ 809bbd0 (sz=8, trace=1, class=java.lang.Runtime@809bb30)
OBJ 809bc90 (sz=72, trace=1, class=java.util.logging.LogManager$Cleaner@809bbf0)
	this$0		809b7f0
	inheritedAccessControlContext	808ad10
	group		808aae8
	name		809bd10
ARR 809bcb0 (sz=88, trace=1, nelems=36, elem type=char)
ARR 809bcd0 (sz=216, trace=1, nelems=100, elem type=char)
ARR 809bcf0 (sz=216, trace=1, nelems=100, elem type=char)
ARR 809bd10 (sz=32, trace=1, nelems=8, elem type=char)
OBJ 809bdd0 (sz=8, trace=1, class=java.lang.Shutdown$Lock@809bd30)
OBJ 809bdf0 (sz=8, trace=1, class=java.lang.Object@808aef8)
OBJ 809beb0 (sz=16, trace=1, class=java.util.HashSet@809be10)
	map		809bed0
OBJ 809bed0 (sz=40, trace=1, class=java.util.HashMap@808bb90)
	table		809bef0
ARR 809bef0 (sz=80, trace=1, nelems=16, elem type=java.util.HashMap$Entry@808bc50)
	[0]		809c008
OBJ 809bfb0 (sz=16, trace=1, class=java.lang.Shutdown$WrappedHook@809bf10)
	hook		809bc90
OBJ 809c008 (sz=24, trace=1, class=java.util.HashMap$Entry@808bc50)
	value		809bdf0
	key		809bfb0
OBJ 809c0c8 (sz=8, trace=1, class=java.lang.Terminator$1@809c028)
OBJ 809c0e8 (sz=40, trace=1, class=java.util.Hashtable@809b8d0)
	table		809c108
ARR 809c108 (sz=32, trace=1, nelems=4, elem type=java.util.Hashtable$Entry@808be30)
	[1]		809c308
	[2]		809c468
	[3]		809c4e8
OBJ 809c128 (sz=40, trace=1, class=java.util.Hashtable@809b8d0)
	table		809c148
ARR 809c148 (sz=32, trace=1, nelems=4, elem type=java.util.Hashtable$Entry@808be30)
	[1]		809c2e8
	[2]		809c448
	[3]		809c4c8
OBJ 809c208 (sz=16, trace=1, class=sun.misc.Signal@809c168)
	name		80a8f70
OBJ 809c2c8 (sz=16, trace=1, class=java.lang.Integer@809c228)
OBJ 809c2e8 (sz=24, trace=1, class=java.util.Hashtable$Entry@808be30)
	value		809c208
	key		809c2c8
OBJ 809c308 (sz=24, trace=1, class=java.util.Hashtable$Entry@808be30)
	value		809c0c8
	key		809c208
OBJ 809c3c8 (sz=16, trace=1, class=sun.misc.NativeSignalHandler@809c328)
OBJ 809c3e8 (sz=16, trace=1, class=sun.misc.NativeSignalHandler@809c328)
OBJ 809c408 (sz=16, trace=1, class=sun.misc.Signal@809c168)
	name		80a9030
OBJ 809c428 (sz=16, trace=1, class=java.lang.Integer@809c228)
OBJ 809c448 (sz=24, trace=1, class=java.util.Hashtable$Entry@808be30)
	value		809c408
	key		809c428
OBJ 809c468 (sz=24, trace=1, class=java.util.Hashtable$Entry@808be30)
	value		809c0c8
	key		809c408
OBJ 809c488 (sz=16, trace=1, class=sun.misc.Signal@809c168)
	name		80a9070
OBJ 809c4a8 (sz=16, trace=1, class=java.lang.Integer@809c228)
OBJ 809c4c8 (sz=24, trace=1, class=java.util.Hashtable$Entry@808be30)
	value		809c488
	key		809c4a8
OBJ 809c4e8 (sz=24, trace=1, class=java.util.Hashtable$Entry@808be30)
	value		809c0c8
	key		809c488
ARR 809c508 (sz=16, trace=1, nelems=0, elem type=java.util.logging.Handler@809b3f0)
OBJ 809c528 (sz=8, trace=1, class=java.lang.Object@808aef8)
OBJ 809c5e8 (sz=64, trace=1, class=java.util.logging.Logger@809c548)
	parent		809c748
	name		80a9230
	manager		809b7f0
OBJ 809c608 (sz=24, trace=1, class=java.util.Hashtable$Entry@808be30)
	value		809c5e8
	key		80a9230
OBJ 809c628 (sz=40, trace=1, class=java.util.HashMap@808bb90)
	table		809c648
	values		809c828
ARR 809c648 (sz=80, trace=1, nelems=16, elem type=java.util.HashMap$Entry@808bc50)
	[3]		809c688
OBJ 809c668 (sz=24, trace=1, class=java.util.logging.LogManager$LogNode@809b9b0)
	parent		809ba50
	logger		809c5e8
OBJ 809c688 (sz=24, trace=1, class=java.util.HashMap$Entry@808bc50)
	value		809c668
	key		80a9230
OBJ 809c748 (sz=64, trace=1, class=java.util.logging.LogManager$RootLogger@809c6a8)
	this$0		809b7f0
	levelObject	809b690
	kids		809c848
	name		80a2830
	manager		809b7f0
OBJ 809c768 (sz=24, trace=1, class=java.util.Hashtable$Entry@808be30)
	value		809c748
	key		80a2830
OBJ 809c828 (sz=16, trace=1, class=java.util.HashMap$Values@809c788)
	this$0		809c628
OBJ 809c848 (sz=24, trace=1, class=java.util.ArrayList@809b4b0)
	elementData	809c868
ARR 809c868 (sz=24, trace=1, nelems=2, elem type=java.lang.Object@808aef8)
	[0]		809c888
OBJ 809c888 (sz=24, trace=1, class=java.lang.ref.WeakReference@809af10)
	queue		808b4b8
	referent	809c5e8
OBJ 809c948 (sz=16, trace=1, class=java.io.UnixFileSystem@809c8a8)
ARR 809c968 (sz=48, trace=1, nelems=16, elem type=char)
OBJ 809c988 (sz=24, trace=1, class=java.lang.String@808a868)
	value		809c968
ARR 809c9a8 (sz=48, trace=1, nelems=16, elem type=char)
OBJ 809c9c8 (sz=24, trace=1, class=java.lang.String@808a868)
	value		809c9a8
OBJ 809c9e8 (sz=8, trace=1, class=java.lang.Object@808aef8)
ARR 809ca08 (sz=32, trace=1, nelems=77, elem type=int)
OBJ 809cc08 (sz=48, trace=1, class=java.util.Properties@808b990)
	table		809d3a8
ARR 809cc28 (sz=16, trace=1, nelems=1, elem type=java.lang.reflect.Constructor@8098e00)
	[0]		809cc68
ARR 809cc48 (sz=16, trace=1, nelems=0, elem type=java.lang.Class@808a758)
OBJ 809cc68 (sz=48, trace=1, class=java.lang.reflect.Constructor@8098e00)
	constructorAccessor	809cce8
	exceptionTypes	808a7d8
	parameterTypes	809cc48
	clazz		809cd08
OBJ 809cc88 (sz=32, trace=1, class=java.lang.ref.SoftReference@808cfa8)
	queue		808b4b8
	referent	809cc28
OBJ 809cca8 (sz=48, trace=1, class=java.lang.reflect.Constructor@8098e00)
	root		809cc68
	constructorAccessor	809cce8
	exceptionTypes	808a7d8
	parameterTypes	809cc48
	clazz		809cd08
OBJ 809ccc8 (sz=24, trace=1, class=sun.reflect.NativeConstructorAccessorImpl@8099038)
	parent		809cce8
	c		809cca8
OBJ 809cce8 (sz=16, trace=1, class=sun.reflect.DelegatingConstructorAccessorImpl@80990f8)
	delegate	809ccc8
OBJ 809cda8 (sz=24, trace=1, class=sun.nio.cs.ISO_8859_1@809cd08)
	aliases		80987e8
	name		80a4e30
OBJ 809cdc8 (sz=32, trace=1, class=java.lang.ref.SoftReference@808cfa8)
	queue		808b4b8
	referent	809cda8
OBJ 809cde8 (sz=32, trace=1, class=java.util.TreeMap$Entry@808d440)
	parent		8099298
	value		809cdc8
	key		80a4e30
ARR 809ce08 (sz=24, trace=1, nelems=3, elem type=int)
ARR 809ce28 (sz=32, trace=1, nelems=8, elem type=char)
OBJ 809ce48 (sz=24, trace=1, class=java.lang.String@808a868)
	value		809ce28
ARR 809ce68 (sz=80, trace=1, nelems=32, elem type=char)
OBJ 809ce88 (sz=24, trace=1, class=java.lang.String@808a868)
	value		809ce68
OBJ 809cea8 (sz=24, trace=1, class=java.util.Hashtable$Entry@808be30)
	value		809ce88
	key		809ce48
ARR 809cec8 (sz=24, trace=1, nelems=6, elem type=char)
OBJ 809cee8 (sz=24, trace=1, class=java.lang.String@808a868)
	value		809cec8
ARR 809cf08 (sz=24, trace=1, nelems=4, elem type=char)
OBJ 809cf28 (sz=24, trace=1, class=java.lang.String@808a868)
	value		809cf08
OBJ 809cf48 (sz=24, trace=1, class=java.util.Hashtable$Entry@808be30)
	value		809cf28
	key		809cee8
ARR 809cf68 (sz=88, trace=1, nelems=37, elem type=char)
OBJ 809cf88 (sz=24, trace=1, class=java.lang.String@808a868)
	value		809cf68
ARR 809cfa8 (sz=40, trace=1, nelems=13, elem type=char)
OBJ 809cfc8 (sz=24, trace=1, class=java.lang.String@808a868)
	value		809cfa8
OBJ 809cfe8 (sz=24, trace=1, class=java.util.Hashtable$Entry@808be30)
	value		809cfc8
	key		809cf88
ARR 809d008 (sz=88, trace=1, nelems=35, elem type=char)
OBJ 809d028 (sz=24, trace=1, class=java.lang.String@808a868)
	value		809d008
ARR 809d048 (sz=24, trace=1, nelems=5, elem type=char)
OBJ 809d068 (sz=24, trace=1, class=java.lang.String@808a868)
	value		809d048
OBJ 809d088 (sz=24, trace=1, class=java.util.Hashtable$Entry@808be30)
	value		809d068
	key		809d028
ARR 809d0a8 (sz=88, trace=1, nelems=35, elem type=char)
OBJ 809d0c8 (sz=24, trace=1, class=java.lang.String@808a868)
	value		809d0a8
ARR 809d0e8 (sz=16, trace=1, nelems=1, elem type=char)
OBJ 809d108 (sz=24, trace=1, class=java.lang.String@808a868)
	value		809d0e8
OBJ 809d128 (sz=24, trace=1, class=java.util.Hashtable$Entry@808be30)
	value		809d108
	key		809d0c8
ARR 809d148 (sz=96, trace=1, nelems=39, elem type=char)
OBJ 809d168 (sz=24, trace=1, class=java.lang.String@808a868)
	value		809d148
ARR 809d188 (sz=72, trace=1, nelems=30, elem type=char)
OBJ 809d1a8 (sz=24, trace=1, class=java.lang.String@808a868)
	value		809d188
OBJ 809d1c8 (sz=24, trace=1, class=java.util.Hashtable$Entry@808be30)
	next		809d268
	value		809d1a8
	key		809d168
ARR 809d1e8 (sz=88, trace=1, nelems=38, elem type=char)
OBJ 809d208 (sz=24, trace=1, class=java.lang.String@808a868)
	value		809d1e8
ARR 809d228 (sz=24, trace=1, nelems=4, elem type=char)
OBJ 809d248 (sz=24, trace=1, class=java.lang.String@808a868)
	value		809d228
OBJ 809d268 (sz=24, trace=1, class=java.util.Hashtable$Entry@808be30)
	value		809d248
	key		809d208
ARR 809d288 (sz=96, trace=1, nelems=42, elem type=char)
OBJ 809d2a8 (sz=24, trace=1, class=java.lang.String@808a868)
	value		809d288
ARR 809d2c8 (sz=80, trace=1, nelems=33, elem type=char)
OBJ 809d2e8 (sz=24, trace=1, class=java.lang.String@808a868)
	value		809d2c8
OBJ 809d308 (sz=24, trace=1, class=java.util.Hashtable$Entry@808be30)
	value		809d2e8
	key		809d2a8
ARR 809d328 (sz=48, trace=1, nelems=17, elem type=char)
OBJ 809d348 (sz=24, trace=1, class=java.lang.String@808a868)
	value		809d328
ARR 809d368 (sz=24, trace=1, nelems=6, elem type=char)
OBJ 809d388 (sz=24, trace=1, class=java.lang.String@808a868)
	value		809d368
ARR 809d3a8 (sz=104, trace=1, nelems=23, elem type=java.util.Hashtable$Entry@808be30)
	[8]		809cfe8
	[9]		809d1c8
	[11]		809d3c8
	[15]		809d128
	[17]		809cea8
	[19]		809d308
	[20]		809d088
	[21]		809cf48
OBJ 809d3c8 (sz=24, trace=1, class=java.util.Hashtable$Entry@808be30)
	value		809d388
	key		809d348
ARR 809d3e8 (sz=24, trace=1, nelems=3, elem type=java.lang.String@808a868)
	[0]		809d408
	[1]		809d428
	[2]		809d448
OBJ 809d408 (sz=24, trace=1, class=java.lang.String@808a868)
	value		809a3f0
OBJ 809d428 (sz=24, trace=1, class=java.lang.String@808a868)
	value		809a3f0
OBJ 809d448 (sz=24, trace=1, class=java.lang.String@808a868)
	value		809a3f0
ARR 809d468 (sz=16, trace=1, nelems=1, elem type=java.lang.String@808a868)
	[0]		809a330
OBJ 809d528 (sz=16, trace=1, class=java.lang.Boolean@809d488)
OBJ 809d548 (sz=16, trace=1, class=java.lang.Boolean@809d488)
OBJ 809d568 (sz=24, trace=1, class=java.lang.String@808a868)
	value		809d588
ARR 809d588 (sz=128, trace=1, nelems=57, elem type=char)
OBJ 809d648 (sz=32, trace=1, class=java.lang.ClassLoader$NativeLibrary@809d5a8)
	name		809d568
	fromClass	809f650
OBJ 809d668 (sz=32, trace=1, class=java.lang.ref.Finalizer@809a710)
	prev		811bb18
	next		809a9d0
	queue		808b678
	referent	809d648
ARR 809d688 (sz=40, trace=1, nelems=13, elem type=int)
ARR 809d6c8 (sz=32, trace=1, nelems=10, elem type=char)
OBJ 809d6e8 (sz=24, trace=1, class=java.lang.String@808a868)
	value		809d6c8
OBJ 809d7a8 (sz=8, trace=1, class=sun.misc.Launcher$Factory@809d708)
OBJ 809d868 (sz=16, trace=1, class=sun.misc.Launcher@809d7c8)
	loader		809e9b8
ARR 809d928 (sz=16, trace=1, nelems=1, elem type=java.io.File@809d888)
	[0]		809d980
OBJ 809d980 (sz=16, trace=1, class=java.io.File@809d888)
	path		809a1f0
OBJ 809da40 (sz=72, trace=1, class=sun.misc.Launcher$ExtClassLoader@809d9a0)
	dirs		809d928
	acc		809e838
	ucp		809e578
	pdcache		809e498
	nativeLibraries	809e458
	packages	809e418
	domains		809e3b8
	classes		809e378
	package2certs	809e338
ARR 809da60 (sz=272, trace=1, nelems=256, elem type=byte)
OBJ 809db20 (sz=16, trace=1, class=java.util.BitSet@809da80)
	bits		809db78
ARR 809db78 (sz=48, trace=1, nelems=4, elem type=long)
ARR 809db98 (sz=152, trace=1, nelems=70, elem type=char)
OBJ 809dbb8 (sz=24, trace=1, class=java.lang.String@808a868)
	value		809db98
OBJ 809dbd8 (sz=40, trace=1, class=java.util.Hashtable@809b8d0)
	table		809dbf8
ARR 809dbf8 (sz=56, trace=1, nelems=11, elem type=java.util.Hashtable$Entry@808be30)
	[6]		809e1f8
OBJ 809dc18 (sz=8, trace=1, class=java.lang.Object@808aef8)
OBJ 809dcd8 (sz=56, trace=1, class=java.net.URL@809dc38)
	handler		809e1d8
	path		809dbb8
	authority	80a2830
	file		809dbb8
	host		80a2830
	protocol	80ab4b0
OBJ 809dd98 (sz=24, trace=1, class=java.util.Locale@809dcf8)
	variant		80a2830
	country		80a2830
	language	80ab730
OBJ 809ddb8 (sz=24, trace=1, class=java.util.Locale@809dcf8)
	variant		80a2830
	country		80a2830
	language	80ab830
OBJ 809ddd8 (sz=24, trace=1, class=java.util.Locale@809dcf8)
	variant		80a2830
	country		80a2830
	language	80ab870
OBJ 809ddf8 (sz=24, trace=1, class=java.util.Locale@809dcf8)
	variant		80a2830
	country		80a2830
	language	80ab8b0
OBJ 809de18 (sz=24, trace=1, class=java.util.Locale@809dcf8)
	variant		80a2830
	country		80a2830
	language	80ab8f0
OBJ 809de38 (sz=24, trace=1, class=java.util.Locale@809dcf8)
	variant		80a2830
	country		80a2830
	language	80ab930
OBJ 809de58 (sz=24, trace=1, class=java.util.Locale@809dcf8)
	variant		80a2830
	country		80a2830
	language	80ab970
OBJ 809de78 (sz=24, trace=1, class=java.util.Locale@809dcf8)
	variant		80a2830
	country		80ab9b0
	language	80ab970
OBJ 809de98 (sz=24, trace=1, class=java.util.Locale@809dcf8)
	variant		80a2830
	country		80ab9f0
	language	80ab970
OBJ 809deb8 (sz=24, trace=1, class=java.util.Locale@809dcf8)
	variant		80a2830
	country		80aba30
	language	80ab830
OBJ 809ded8 (sz=24, trace=1, class=java.util.Locale@809dcf8)
	variant		80a2830
	country		80aba70
	language	80ab870
OBJ 809def8 (sz=24, trace=1, class=java.util.Locale@809dcf8)
	variant		80a2830
	country		80abab0
	language	80ab8b0
OBJ 809df18 (sz=24, trace=1, class=java.util.Locale@809dcf8)
	variant		80a2830
	country		80abaf0
	language	80ab8f0
OBJ 809df38 (sz=24, trace=1, class=java.util.Locale@809dcf8)
	variant		80a2830
	country		80abb30
	language	80ab930
OBJ 809df58 (sz=24, trace=1, class=java.util.Locale@809dcf8)
	variant		80a2830
	country		80ab9b0
	language	80ab970
OBJ 809df78 (sz=24, trace=1, class=java.util.Locale@809dcf8)
	variant		80a2830
	country		80ab9b0
	language	80ab970
OBJ 809df98 (sz=24, trace=1, class=java.util.Locale@809dcf8)
	variant		80a2830
	country		80ab9f0
	language	80ab970
OBJ 809dfb8 (sz=24, trace=1, class=java.util.Locale@809dcf8)
	variant		80a2830
	country		80abb70
	language	80ab730
OBJ 809dfd8 (sz=24, trace=1, class=java.util.Locale@809dcf8)
	variant		80a2830
	country		80abbb0
	language	80ab730
OBJ 809dff8 (sz=24, trace=1, class=java.util.Locale@809dcf8)
	variant		80a2830
	country		80abbf0
	language	80ab730
OBJ 809e018 (sz=24, trace=1, class=java.util.Locale@809dcf8)
	variant		80a2830
	country		80abbf0
	language	80ab830
OBJ 809e038 (sz=24, trace=1, class=java.util.Locale@809dcf8)
	variant		80a2830
	country		80abbb0
	language	80ab730
ARR 809e058 (sz=16, trace=1, nelems=1, elem type=java.lang.reflect.Constructor@8098e00)
	[0]		809e098
ARR 809e078 (sz=16, trace=1, nelems=0, elem type=java.lang.Class@808a758)
OBJ 809e098 (sz=48, trace=1, class=java.lang.reflect.Constructor@8098e00)
	constructorAccessor	809e118
	exceptionTypes	808a7d8
	parameterTypes	809e078
	clazz		809e138
OBJ 809e0b8 (sz=32, trace=1, class=java.lang.ref.SoftReference@808cfa8)
	queue		808b4b8
	referent	809e058
OBJ 809e0d8 (sz=48, trace=1, class=java.lang.reflect.Constructor@8098e00)
	root		809e098
	constructorAccessor	809e118
	exceptionTypes	808a7d8
	parameterTypes	809e078
	clazz		809e138
OBJ 809e0f8 (sz=24, trace=1, class=sun.reflect.NativeConstructorAccessorImpl@8099038)
	parent		809e118
	c		809e0d8
OBJ 809e118 (sz=16, trace=1, class=sun.reflect.DelegatingConstructorAccessorImpl@80990f8)
	delegate	809e0f8
OBJ 809e1d8 (sz=8, trace=1, class=sun.net.www.protocol.file.Handler@809e138)
OBJ 809e1f8 (sz=24, trace=1, class=java.util.Hashtable$Entry@808be30)
	value		809e1d8
	key		80ab4b0
ARR 809e218 (sz=152, trace=1, nelems=70, elem type=char)
OBJ 809e238 (sz=24, trace=1, class=java.lang.String@808a868)
	value		809e218
OBJ 809e258 (sz=56, trace=1, class=java.net.URL@809dc38)
	handler		809e1d8
	path		809e238
	authority	80a2830
	file		809e238
	host		80a2830
	protocol	80ab4b0
ARR 809e278 (sz=152, trace=1, nelems=70, elem type=char)
OBJ 809e298 (sz=24, trace=1, class=java.lang.String@808a868)
	value		809e278
OBJ 809e2b8 (sz=56, trace=1, class=java.net.URL@809dc38)
	handler		809e1d8
	path		809e298
	authority	80a2830
	file		809e298
	host		80a2830
	protocol	80ab4b0
ARR 809e2d8 (sz=152, trace=1, nelems=70, elem type=char)
OBJ 809e2f8 (sz=24, trace=1, class=java.lang.String@808a868)
	value		809e2d8
OBJ 809e318 (sz=56, trace=1, class=java.net.URL@809dc38)
	handler		809e1d8
	path		809e2f8
	authority	80a2830
	file		809e2f8
	host		80a2830
	protocol	80ab4b0
OBJ 809e338 (sz=40, trace=1, class=java.util.Hashtable@809b8d0)
	table		809e358
ARR 809e358 (sz=56, trace=1, nelems=11, elem type=java.util.Hashtable$Entry@808be30)
OBJ 809e378 (sz=24, trace=1, class=java.util.Vector@808ae38)
	elementData	809e398
ARR 809e398 (sz=56, trace=1, nelems=10, elem type=java.lang.Object@808aef8)
OBJ 809e3b8 (sz=16, trace=1, class=java.util.HashSet@809be10)
	map		809e3d8
OBJ 809e3d8 (sz=40, trace=1, class=java.util.HashMap@808bb90)
	table		809e3f8
ARR 809e3f8 (sz=80, trace=1, nelems=16, elem type=java.util.HashMap$Entry@808bc50)
OBJ 809e418 (sz=40, trace=1, class=java.util.HashMap@808bb90)
	table		809e438
ARR 809e438 (sz=80, trace=1, nelems=16, elem type=java.util.HashMap$Entry@808bc50)
OBJ 809e458 (sz=24, trace=1, class=java.util.Vector@808ae38)
	elementData	809e478
ARR 809e478 (sz=56, trace=1, nelems=10, elem type=java.lang.Object@808aef8)
OBJ 809e498 (sz=40, trace=1, class=java.util.HashMap@808bb90)
	table		809e4b8
ARR 809e4b8 (sz=80, trace=1, nelems=16, elem type=java.util.HashMap$Entry@808bc50)
OBJ 809e578 (sz=32, trace=1, class=sun.misc.URLClassPath@809e4d8)
	jarHandler	809e818
	lmap		809e658
	loaders		809e618
	urls		809e5d8
	path		809e598
OBJ 809e598 (sz=24, trace=1, class=java.util.ArrayList@809b4b0)
	elementData	809e5b8
ARR 809e5b8 (sz=56, trace=1, nelems=10, elem type=java.lang.Object@808aef8)
	[0]		809dcd8
	[1]		809e258
	[2]		809e2b8
	[3]		809e318
OBJ 809e5d8 (sz=24, trace=1, class=java.util.Stack@808aff8)
	elementData	809e5f8
ARR 809e5f8 (sz=56, trace=1, nelems=10, elem type=java.lang.Object@808aef8)
OBJ 809e618 (sz=24, trace=1, class=java.util.ArrayList@809b4b0)
	elementData	809e638
ARR 809e638 (sz=56, trace=1, nelems=10, elem type=java.lang.Object@808aef8)
	[0]		81165b0
	[1]		8159968
	[2]		81b8148
	[3]		81c56e8
OBJ 809e658 (sz=40, trace=1, class=java.util.HashMap@808bb90)
	table		809e678
ARR 809e678 (sz=80, trace=1, nelems=16, elem type=java.util.HashMap$Entry@808bc50)
	[3]		81b8088
	[5]		81597b0
	[15]		81d1e60
ARR 809e698 (sz=16, trace=1, nelems=1, elem type=java.lang.reflect.Constructor@8098e00)
	[0]		809e6d8
ARR 809e6b8 (sz=16, trace=1, nelems=0, elem type=java.lang.Class@808a758)
OBJ 809e6d8 (sz=48, trace=1, class=java.lang.reflect.Constructor@8098e00)
	constructorAccessor	809e758
	exceptionTypes	808a7d8
	parameterTypes	809e6b8
	clazz		809e778
OBJ 809e6f8 (sz=32, trace=1, class=java.lang.ref.SoftReference@808cfa8)
	queue		808b4b8
	referent	809e698
OBJ 809e718 (sz=48, trace=1, class=java.lang.reflect.Constructor@8098e00)
	root		809e6d8
	constructorAccessor	809e758
	exceptionTypes	808a7d8
	parameterTypes	809e6b8
	clazz		809e778
OBJ 809e738 (sz=24, trace=1, class=sun.reflect.NativeConstructorAccessorImpl@8099038)
	parent		809e758
	c		809e718
OBJ 809e758 (sz=16, trace=1, class=sun.reflect.DelegatingConstructorAccessorImpl@80990f8)
	delegate	809e738
OBJ 809e818 (sz=8, trace=1, class=sun.net.www.protocol.jar.Handler@809e778)
OBJ 809e838 (sz=24, trace=1, class=java.security.AccessControlContext@808ac90)
ARR 809e858 (sz=200, trace=1, nelems=94, elem type=char)
OBJ 809e878 (sz=24, trace=1, class=java.lang.String@808a868)
	value		809e858
OBJ 809e898 (sz=56, trace=1, class=java.net.URL@809dc38)
	handler		809e1d8
	path		809e878
	authority	80a2830
	file		809e878
	host		80a2830
	protocol	80ab4b0
ARR 809e8b8 (sz=152, trace=1, nelems=70, elem type=char)
OBJ 809e8d8 (sz=24, trace=1, class=java.lang.String@808a868)
	value		809e8b8
OBJ 809e8f8 (sz=56, trace=1, class=java.net.URL@809dc38)
	handler		809e1d8
	path		809e8d8
	authority	80a2830
	file		809e8d8
	host		80a2830
	protocol	80ab4b0
OBJ 809e9b8 (sz=72, trace=1, class=sun.misc.Launcher$AppClassLoader@809e918)
	acc		809ecb8
	ucp		809eb78
	pdcache		809eb38
	nativeLibraries	809eaf8
	packages	809eab8
	domains		809ea58
	classes		809ea18
	nocerts		8112818
	package2certs	809e9d8
	parent		809da40
OBJ 809e9d8 (sz=40, trace=1, class=java.util.Hashtable@809b8d0)
	table		809e9f8
ARR 809e9f8 (sz=56, trace=1, nelems=11, elem type=java.util.Hashtable$Entry@808be30)
	[2]		8112870
	[3]		8112890
	[4]		81128b0
OBJ 809ea18 (sz=24, trace=1, class=java.util.Vector@808ae38)
	elementData	8111ae8
ARR 809ea38 (sz=56, trace=1, nelems=11, elem type=int)
OBJ 809ea58 (sz=16, trace=1, class=java.util.HashSet@809be10)
	map		809ea78
OBJ 809ea78 (sz=40, trace=1, class=java.util.HashMap@808bb90)
	table		809ea98
ARR 809ea98 (sz=80, trace=1, nelems=16, elem type=java.util.HashMap$Entry@808bc50)
	[10]		8202f88
OBJ 809eab8 (sz=40, trace=1, class=java.util.HashMap@808bb90)
	table		809ead8
ARR 809ead8 (sz=80, trace=1, nelems=16, elem type=java.util.HashMap$Entry@808bc50)
	[5]		81d6a30
	[8]		8202fa8
	[11]		8202fc8
OBJ 809eaf8 (sz=24, trace=1, class=java.util.Vector@808ae38)
	elementData	809eb18
ARR 809eb18 (sz=56, trace=1, nelems=10, elem type=java.lang.Object@808aef8)
OBJ 809eb38 (sz=40, trace=1, class=java.util.HashMap@808bb90)
	table		809eb58
ARR 809eb58 (sz=80, trace=1, nelems=16, elem type=java.util.HashMap$Entry@808bc50)
	[15]		8202fe8
OBJ 809eb78 (sz=32, trace=1, class=sun.misc.URLClassPath@809e4d8)
	jarHandler	809ec98
	lmap		809ec58
	loaders		809ec18
	urls		809ebd8
	path		809eb98
OBJ 809eb98 (sz=24, trace=1, class=java.util.ArrayList@809b4b0)
	elementData	809ebb8
ARR 809ebb8 (sz=56, trace=1, nelems=10, elem type=java.lang.Object@808aef8)
	[0]		809e898
	[1]		809e8f8
OBJ 809ebd8 (sz=24, trace=1, class=java.util.Stack@808aff8)
	elementData	809ebf8
ARR 809ebf8 (sz=56, trace=1, nelems=10, elem type=java.lang.Object@808aef8)
OBJ 809ec18 (sz=24, trace=1, class=java.util.ArrayList@809b4b0)
	elementData	809ec38
ARR 809ec38 (sz=56, trace=1, nelems=10, elem type=java.lang.Object@808aef8)
	[0]		81d2b48
	[1]		81d40a8
OBJ 809ec58 (sz=40, trace=1, class=java.util.HashMap@808bb90)
	table		809ec78
ARR 809ec78 (sz=80, trace=1, nelems=16, elem type=java.util.HashMap$Entry@808bc50)
	[14]		81d31c0
	[15]		81d4208
OBJ 809ec98 (sz=8, trace=1, class=sun.net.www.protocol.jar.Handler@809e778)
OBJ 809ecb8 (sz=24, trace=1, class=java.security.AccessControlContext@808ac90)
ARR 81125a0 (sz=72, trace=1, nelems=67, elem type=int)
OBJ 8113408 (sz=72, trace=1, class=java.lang.Thread@808ab90)
	inheritedAccessControlContext	808ad10
	contextClassLoader	809e9b8
	group		808aac8
	name		8113468
ARR 8113428 (sz=40, trace=1, nelems=13, elem type=int)
ARR 8113468 (sz=40, trace=2, nelems=14, elem type=char)
ARR 8113488 (sz=24, trace=3, nelems=113, elem type=int)
ARR 8114300 (sz=64, trace=1, nelems=26, elem type=char)
ARR 8114320 (sz=24, trace=1, nelems=229, elem type=int)
OBJ 81165b0 (sz=32, trace=16, class=sun.misc.URLClassPath$JarLoader@8115b80)
	lmap		809e658
	handler		809e818
	csu		809dcd8
	jar		811b9b0
	base		8116608
OBJ 8116608 (sz=56, trace=17, class=java.net.URL@809dc38)
	handler		809e818
	path		8116df0
	authority	80a2830
	file		8116df0
	host		80a2830
	protocol	80ac0b0
ARR 81166c0 (sz=24, trace=17, nelems=121, elem type=int)
ARR 8116d58 (sz=304, trace=25, nelems=144, elem type=char)
OBJ 8116df0 (sz=24, trace=26, class=java.lang.String@808a868)
	value		8116d58
ARR 8116e88 (sz=24, trace=27, nelems=41, elem type=int)
ARR 8117170 (sz=152, trace=30, nelems=70, elem type=char)
OBJ 81171c8 (sz=24, trace=31, class=java.lang.String@808a868)
	value		8117170
ARR 8117280 (sz=16, trace=32, nelems=397, elem type=int)
OBJ 811b9b0 (sz=48, trace=38, class=java.util.jar.JarFile@8119b58)
	jv		8158978
	manEntry	8120be8
	man		8141eb8
	inflaters	811bc88
	name		81171c8
OBJ 811bb18 (sz=32, trace=56, class=java.lang.ref.Finalizer@809a710)
	prev		8136120
	next		809d668
	queue		808b678
	referent	811b9b0
ARR 811bbd0 (sz=16, trace=57, nelems=1, elem type=int)
OBJ 811bc88 (sz=24, trace=58, class=java.util.Vector@808ae38)
	elementData	811bd60
ARR 811bd60 (sz=56, trace=59, nelems=10, elem type=java.lang.Object@808aef8)
	[0]		8124760
ARR 811be58 (sz=16, trace=60, nelems=637, elem type=int)
OBJ 8120be8 (sz=88, trace=76, class=java.util.jar.JarFile$JarFileEntry@81209a8)
	this$0		811b9b0
	name		8119c28
ARR 8120c40 (sz=6024, trace=77, nelems=6005, elem type=byte)
ARR 8121d58 (sz=16, trace=78, nelems=447, elem type=int)
OBJ 8124760 (sz=32, trace=84, class=java.util.zip.Inflater@8123448)
	buf		8141188
OBJ 8136120 (sz=32, trace=87, class=java.lang.ref.Finalizer@809a710)
	prev		81ac768
	next		811bb18
	queue		808b678
	referent	8124760
ARR 81361b8 (sz=16, trace=88, nelems=27, elem type=int)
ARR 8141188 (sz=528, trace=90, nelems=512, elem type=byte)
ARR 81412e8 (sz=96, trace=91, nelems=53, elem type=int)
OBJ 8141eb8 (sz=16, trace=93, class=java.util.jar.Manifest@8141760)
	entries		8143110
	attr		8142f08
ARR 8142350 (sz=24, trace=93, nelems=3, elem type=int)
OBJ 8142f08 (sz=16, trace=94, class=java.util.jar.Attributes@81425b8)
	map		8142f60
OBJ 8142f60 (sz=40, trace=95, class=java.util.HashMap@808bb90)
	table		8143038
ARR 8143038 (sz=80, trace=96, nelems=16, elem type=java.util.HashMap$Entry@808bc50)
	[10]		81464c0
	[12]		81467b0
OBJ 8143110 (sz=40, trace=97, class=java.util.HashMap@808bb90)
	table		8156228
ARR 81431c8 (sz=80, trace=98, nelems=2225, elem type=int)
OBJ 8143be0 (sz=24, trace=104, class=java.lang.String@808a868)
	value		8143c98
ARR 8143c98 (sz=24, trace=105, nelems=3, elem type=char)
OBJ 8144718 (sz=16, trace=107, class=java.util.jar.Attributes$Name@8143ec8)
	name		8144828
OBJ 8144880 (sz=16, trace=108, class=java.util.jar.Attributes$Name@8143ec8)
	name		8144990
OBJ 81449e8 (sz=16, trace=109, class=java.util.jar.Attributes$Name@8143ec8)
	name		8144af8
OBJ 8144b50 (sz=16, trace=110, class=java.util.jar.Attributes$Name@8143ec8)
	name		8144c60
OBJ 8144cb8 (sz=16, trace=111, class=java.util.jar.Attributes$Name@8143ec8)
	name		8144dc8
OBJ 8144e20 (sz=16, trace=112, class=java.util.jar.Attributes$Name@8143ec8)
	name		8144f30
OBJ 8144f88 (sz=16, trace=113, class=java.util.jar.Attributes$Name@8143ec8)
	name		8145098
OBJ 81452c0 (sz=16, trace=114, class=java.util.jar.Attributes$Name@8143ec8)
	name		81453d0
OBJ 8145428 (sz=16, trace=115, class=java.util.jar.Attributes$Name@8143ec8)
	name		8145538
OBJ 8145590 (sz=16, trace=116, class=java.util.jar.Attributes$Name@8143ec8)
	name		81456a0
OBJ 81456f8 (sz=16, trace=117, class=java.util.jar.Attributes$Name@8143ec8)
	name		8145808
OBJ 8145860 (sz=16, trace=118, class=java.util.jar.Attributes$Name@8143ec8)
	name		8145970
OBJ 81459c8 (sz=16, trace=119, class=java.util.jar.Attributes$Name@8143ec8)
	name		8145ad8
OBJ 8145b30 (sz=16, trace=120, class=java.util.jar.Attributes$Name@8143ec8)
	name		8145c40
OBJ 8145c98 (sz=16, trace=121, class=java.util.jar.Attributes$Name@8143ec8)
	name		8145da8
OBJ 8145e00 (sz=16, trace=122, class=java.util.jar.Attributes$Name@8143ec8)
	name		8145f10
OBJ 8145f68 (sz=16, trace=123, class=java.util.jar.Attributes$Name@8143ec8)
	name		8146078
OBJ 81460d0 (sz=16, trace=106, class=java.util.jar.Attributes$Name@8143ec8)
	name		8144828
ARR 8146128 (sz=48, trace=124, nelems=27, elem type=int)
OBJ 81464c0 (sz=24, trace=128, class=java.util.HashMap$Entry@808bc50)
	value		8143be0
	key		81460d0
ARR 8146580 (sz=24, trace=102, nelems=11, elem type=int)
OBJ 81465c0 (sz=24, trace=104, class=java.lang.String@808a868)
	value		81465e0
ARR 81465e0 (sz=80, trace=105, nelems=32, elem type=char)
OBJ 8146600 (sz=16, trace=106, class=java.util.jar.Attributes$Name@8143ec8)
	name		8146730
ARR 8146750 (sz=32, trace=124, nelems=19, elem type=int)
OBJ 81467b0 (sz=24, trace=128, class=java.util.HashMap$Entry@808bc50)
	value		81465c0
	key		8146600
OBJ 8146808 (sz=24, trace=130, class=java.lang.String@808a868)
	value		81468e0
ARR 81468e0 (sz=88, trace=131, nelems=38, elem type=char)
OBJ 8146978 (sz=16, trace=132, class=java.util.jar.Attributes@81425b8)
	map		8146a30
OBJ 8146a30 (sz=40, trace=133, class=java.util.HashMap@808bb90)
	table		8146ac8
ARR 8146ac8 (sz=24, trace=134, nelems=2, elem type=java.util.HashMap$Entry@808bc50)
	[0]		8146f98
OBJ 8146b60 (sz=24, trace=135, class=java.util.HashMap$Entry@808bc50)
	next		8147da0
	value		8146978
	key		8146808
ARR 8146c18 (sz=24, trace=136, nelems=13, elem type=int)
OBJ 8146d68 (sz=24, trace=138, class=java.lang.String@808a868)
	value		8146e00
ARR 8146e00 (sz=72, trace=139, nelems=28, elem type=char)
OBJ 8146e98 (sz=16, trace=140, class=java.util.jar.Attributes$Name@8143ec8)
	name		8146f18
ARR 8146f38 (sz=40, trace=124, nelems=23, elem type=int)
OBJ 8146f98 (sz=24, trace=128, class=java.util.HashMap$Entry@808bc50)
	value		8146d68
	key		8146e98
OBJ 8147d00 (sz=24, trace=130, class=java.lang.String@808a868)
	value		8147d20
ARR 8147d20 (sz=112, trace=131, nelems=48, elem type=char)
OBJ 8147d40 (sz=16, trace=132, class=java.util.jar.Attributes@81425b8)
	map		8147d60
OBJ 8147d60 (sz=40, trace=133, class=java.util.HashMap@808bb90)
	table		8147d80
ARR 8147d80 (sz=24, trace=134, nelems=2, elem type=java.util.HashMap$Entry@808bc50)
	[0]		8147ec0
OBJ 8147da0 (sz=24, trace=135, class=java.util.HashMap$Entry@808bc50)
	value		8147d40
	key		8147d00
ARR 8147dc0 (sz=24, trace=136, nelems=13, elem type=int)
OBJ 8147e00 (sz=24, trace=138, class=java.lang.String@808a868)
	value		8147e20
ARR 8147e20 (sz=72, trace=139, nelems=28, elem type=char)
OBJ 8147e40 (sz=16, trace=140, class=java.util.jar.Attributes$Name@8143ec8)
	name		8146f18
ARR 8147e60 (sz=40, trace=124, nelems=23, elem type=int)
OBJ 8147ec0 (sz=24, trace=128, class=java.util.HashMap$Entry@808bc50)
	value		8147e00
	key		8147e40
OBJ 8147ee0 (sz=24, trace=130, class=java.lang.String@808a868)
	value		8147f00
ARR 8147f00 (sz=88, trace=131, nelems=38, elem type=char)
OBJ 8147f20 (sz=16, trace=132, class=java.util.jar.Attributes@81425b8)
	map		8147f40
OBJ 8147f40 (sz=40, trace=133, class=java.util.HashMap@808bb90)
	table		8147f60
ARR 8147f60 (sz=24, trace=134, nelems=2, elem type=java.util.HashMap$Entry@808bc50)
	[0]		81480a0
OBJ 8147f80 (sz=24, trace=135, class=java.util.HashMap$Entry@808bc50)
	value		8147f20
	key		8147ee0
ARR 8147fa0 (sz=24, trace=136, nelems=13, elem type=int)
OBJ 8147fe0 (sz=24, trace=138, class=java.lang.String@808a868)
	value		8148000
ARR 8148000 (sz=72, trace=139, nelems=28, elem type=char)
OBJ 8148020 (sz=16, trace=140, class=java.util.jar.Attributes$Name@8143ec8)
	name		8146f18
ARR 8148040 (sz=40, trace=124, nelems=23, elem type=int)
OBJ 81480a0 (sz=24, trace=128, class=java.util.HashMap$Entry@808bc50)
	value		8147fe0
	key		8148020
OBJ 81480c0 (sz=24, trace=130, class=java.lang.String@808a868)
	value		81480e0
ARR 81480e0 (sz=96, trace=131, nelems=41, elem type=char)
OBJ 8148100 (sz=16, trace=132, class=java.util.jar.Attributes@81425b8)
	map		8148120
OBJ 8148120 (sz=40, trace=133, class=java.util.HashMap@808bb90)
	table		8148140
ARR 8148140 (sz=24, trace=134, nelems=2, elem type=java.util.HashMap$Entry@808bc50)
	[0]		8148280
OBJ 8148160 (sz=24, trace=135, class=java.util.HashMap$Entry@808bc50)
	next		8148340
	value		8148100
	key		81480c0
ARR 8148180 (sz=24, trace=136, nelems=13, elem type=int)
OBJ 81481c0 (sz=24, trace=138, class=java.lang.String@808a868)
	value		81481e0
ARR 81481e0 (sz=72, trace=139, nelems=28, elem type=char)
OBJ 8148200 (sz=16, trace=140, class=java.util.jar.Attributes$Name@8143ec8)
	name		8146f18
ARR 8148220 (sz=40, trace=124, nelems=23, elem type=int)
OBJ 8148280 (sz=24, trace=128, class=java.util.HashMap$Entry@808bc50)
	value		81481c0
	key		8148200
OBJ 81482a0 (sz=24, trace=130, class=java.lang.String@808a868)
	value		81482c0
ARR 81482c0 (sz=88, trace=131, nelems=38, elem type=char)
OBJ 81482e0 (sz=16, trace=132, class=java.util.jar.Attributes@81425b8)
	map		8148300
OBJ 8148300 (sz=40, trace=133, class=java.util.HashMap@808bb90)
	table		8148320
ARR 8148320 (sz=24, trace=134, nelems=2, elem type=java.util.HashMap$Entry@808bc50)
	[0]		8148460
OBJ 8148340 (sz=24, trace=135, class=java.util.HashMap$Entry@808bc50)
	value		81482e0
	key		81482a0
ARR 8148360 (sz=24, trace=136, nelems=13, elem type=int)
OBJ 81483a0 (sz=24, trace=138, class=java.lang.String@808a868)
	value		81483c0
ARR 81483c0 (sz=72, trace=139, nelems=28, elem type=char)
OBJ 81483e0 (sz=16, trace=140, class=java.util.jar.Attributes$Name@8143ec8)
	name		8146f18
ARR 8148400 (sz=40, trace=124, nelems=23, elem type=int)
OBJ 8148460 (sz=24, trace=128, class=java.util.HashMap$Entry@808bc50)
	value		81483a0
	key		81483e0
OBJ 8148480 (sz=24, trace=130, class=java.lang.String@808a868)
	value		81484a0
ARR 81484a0 (sz=88, trace=131, nelems=38, elem type=char)
OBJ 81484c0 (sz=16, trace=132, class=java.util.jar.Attributes@81425b8)
	map		81484e0
OBJ 81484e0 (sz=40, trace=133, class=java.util.HashMap@808bb90)
	table		8148500
ARR 8148500 (sz=24, trace=134, nelems=2, elem type=java.util.HashMap$Entry@808bc50)
	[0]		8148640
OBJ 8148520 (sz=24, trace=135, class=java.util.HashMap$Entry@808bc50)
	value		81484c0
	key		8148480
ARR 8148540 (sz=24, trace=136, nelems=13, elem type=int)
OBJ 8148580 (sz=24, trace=138, class=java.lang.String@808a868)
	value		81485a0
ARR 81485a0 (sz=72, trace=139, nelems=28, elem type=char)
OBJ 81485c0 (sz=16, trace=140, class=java.util.jar.Attributes$Name@8143ec8)
	name		8146f18
ARR 81485e0 (sz=40, trace=124, nelems=23, elem type=int)
OBJ 8148640 (sz=24, trace=128, class=java.util.HashMap$Entry@808bc50)
	value		8148580
	key		81485c0
OBJ 8148660 (sz=24, trace=130, class=java.lang.String@808a868)
	value		8148680
ARR 8148680 (sz=88, trace=131, nelems=38, elem type=char)
OBJ 81486a0 (sz=16, trace=132, class=java.util.jar.Attributes@81425b8)
	map		81486c0
OBJ 81486c0 (sz=40, trace=133, class=java.util.HashMap@808bb90)
	table		81486e0
ARR 81486e0 (sz=24, trace=134, nelems=2, elem type=java.util.HashMap$Entry@808bc50)
	[0]		8148820
OBJ 8148700 (sz=24, trace=135, class=java.util.HashMap$Entry@808bc50)
	next		81488e0
	value		81486a0
	key		8148660
ARR 8148720 (sz=24, trace=136, nelems=13, elem type=int)
OBJ 8148760 (sz=24, trace=138, class=java.lang.String@808a868)
	value		8148780
ARR 8148780 (sz=72, trace=139, nelems=28, elem type=char)
OBJ 81487a0 (sz=16, trace=140, class=java.util.jar.Attributes$Name@8143ec8)
	name		8146f18
ARR 81487c0 (sz=40, trace=124, nelems=23, elem type=int)
OBJ 8148820 (sz=24, trace=128, class=java.util.HashMap$Entry@808bc50)
	value		8148760
	key		81487a0
OBJ 8148840 (sz=24, trace=130, class=java.lang.String@808a868)
	value		8148860
ARR 8148860 (sz=96, trace=131, nelems=41, elem type=char)
OBJ 8148880 (sz=16, trace=132, class=java.util.jar.Attributes@81425b8)
	map		81488a0
OBJ 81488a0 (sz=40, trace=133, class=java.util.HashMap@808bb90)
	table		81488c0
ARR 81488c0 (sz=24, trace=134, nelems=2, elem type=java.util.HashMap$Entry@808bc50)
	[0]		8148a00
OBJ 81488e0 (sz=24, trace=135, class=java.util.HashMap$Entry@808bc50)
	value		8148880
	key		8148840
ARR 8148900 (sz=24, trace=136, nelems=13, elem type=int)
OBJ 8148940 (sz=24, trace=138, class=java.lang.String@808a868)
	value		8148960
ARR 8148960 (sz=72, trace=139, nelems=28, elem type=char)
OBJ 8148980 (sz=16, trace=140, class=java.util.jar.Attributes$Name@8143ec8)
	name		8146f18
ARR 81489a0 (sz=40, trace=124, nelems=23, elem type=int)
OBJ 8148a00 (sz=24, trace=128, class=java.util.HashMap$Entry@808bc50)
	value		8148940
	key		8148980
OBJ 8148a20 (sz=24, trace=130, class=java.lang.String@808a868)
	value		8148a40
ARR 8148a40 (sz=88, trace=131, nelems=38, elem type=char)
OBJ 8148a60 (sz=16, trace=132, class=java.util.jar.Attributes@81425b8)
	map		8148a80
OBJ 8148a80 (sz=40, trace=133, class=java.util.HashMap@808bb90)
	table		8148aa0
ARR 8148aa0 (sz=24, trace=134, nelems=2, elem type=java.util.HashMap$Entry@808bc50)
	[0]		8148be0
OBJ 8148ac0 (sz=24, trace=135, class=java.util.HashMap$Entry@808bc50)
	value		8148a60
	key		8148a20
ARR 8148ae0 (sz=24, trace=136, nelems=13, elem type=int)
OBJ 8148b20 (sz=24, trace=138, class=java.lang.String@808a868)
	value		8148b40
ARR 8148b40 (sz=72, trace=139, nelems=28, elem type=char)
OBJ 8148b60 (sz=16, trace=140, class=java.util.jar.Attributes$Name@8143ec8)
	name		8146f18
ARR 8148b80 (sz=40, trace=124, nelems=23, elem type=int)
OBJ 8148be0 (sz=24, trace=128, class=java.util.HashMap$Entry@808bc50)
	value		8148b20
	key		8148b60
OBJ 8148c00 (sz=24, trace=130, class=java.lang.String@808a868)
	value		8148c20
ARR 8148c20 (sz=88, trace=131, nelems=38, elem type=char)
OBJ 8148c40 (sz=16, trace=132, class=java.util.jar.Attributes@81425b8)
	map		8148c60
OBJ 8148c60 (sz=40, trace=133, class=java.util.HashMap@808bb90)
	table		8148c80
ARR 8148c80 (sz=24, trace=134, nelems=2, elem type=java.util.HashMap$Entry@808bc50)
	[0]		8148dc0
OBJ 8148ca0 (sz=24, trace=135, class=java.util.HashMap$Entry@808bc50)
	next		8148e80
	value		8148c40
	key		8148c00
ARR 8148cc0 (sz=24, trace=136, nelems=13, elem type=int)
OBJ 8148d00 (sz=24, trace=138, class=java.lang.String@808a868)
	value		8148d20
ARR 8148d20 (sz=72, trace=139, nelems=28, elem type=char)
OBJ 8148d40 (sz=16, trace=140, class=java.util.jar.Attributes$Name@8143ec8)
	name		8146f18
ARR 8148d60 (sz=40, trace=124, nelems=23, elem type=int)
OBJ 8148dc0 (sz=24, trace=128, class=java.util.HashMap$Entry@808bc50)
	value		8148d00
	key		8148d40
OBJ 8148de0 (sz=24, trace=130, class=java.lang.String@808a868)
	value		8148e00
ARR 8148e00 (sz=80, trace=131, nelems=32, elem type=char)
OBJ 8148e20 (sz=16, trace=132, class=java.util.jar.Attributes@81425b8)
	map		8148e40
OBJ 8148e40 (sz=40, trace=133, class=java.util.HashMap@808bb90)
	table		8148e60
ARR 8148e60 (sz=24, trace=134, nelems=2, elem type=java.util.HashMap$Entry@808bc50)
	[0]		8148fa0
OBJ 8148e80 (sz=24, trace=135, class=java.util.HashMap$Entry@808bc50)
	value		8148e20
	key		8148de0
ARR 8148ea0 (sz=24, trace=136, nelems=13, elem type=int)
OBJ 8148ee0 (sz=24, trace=138, class=java.lang.String@808a868)
	value		8148f00
ARR 8148f00 (sz=72, trace=139, nelems=28, elem type=char)
OBJ 8148f20 (sz=16, trace=140, class=java.util.jar.Attributes$Name@8143ec8)
	name		8146f18
ARR 8148f40 (sz=40, trace=124, nelems=23, elem type=int)
OBJ 8148fa0 (sz=24, trace=128, class=java.util.HashMap$Entry@808bc50)
	value		8148ee0
	key		8148f20
OBJ 8148fc0 (sz=24, trace=130, class=java.lang.String@808a868)
	value		8148fe0
ARR 8148fe0 (sz=88, trace=131, nelems=38, elem type=char)
OBJ 8149000 (sz=16, trace=132, class=java.util.jar.Attributes@81425b8)
	map		8149020
OBJ 8149020 (sz=40, trace=133, class=java.util.HashMap@808bb90)
	table		8149040
ARR 8149040 (sz=24, trace=134, nelems=2, elem type=java.util.HashMap$Entry@808bc50)
	[0]		8149180
OBJ 8149060 (sz=24, trace=135, class=java.util.HashMap$Entry@808bc50)
	value		8149000
	key		8148fc0
ARR 8149080 (sz=24, trace=136, nelems=13, elem type=int)
OBJ 81490c0 (sz=24, trace=138, class=java.lang.String@808a868)
	value		81490e0
ARR 81490e0 (sz=72, trace=139, nelems=28, elem type=char)
OBJ 8149100 (sz=16, trace=140, class=java.util.jar.Attributes$Name@8143ec8)
	name		8146f18
ARR 8149120 (sz=40, trace=124, nelems=23, elem type=int)
OBJ 8149180 (sz=24, trace=128, class=java.util.HashMap$Entry@808bc50)
	value		81490c0
	key		8149100
OBJ 81491a0 (sz=24, trace=130, class=java.lang.String@808a868)
	value		81491c0
ARR 81491c0 (sz=88, trace=131, nelems=38, elem type=char)
OBJ 81491e0 (sz=16, trace=132, class=java.util.jar.Attributes@81425b8)
	map		8149200
OBJ 8149200 (sz=40, trace=133, class=java.util.HashMap@808bb90)
	table		8149220
ARR 8149220 (sz=24, trace=134, nelems=2, elem type=java.util.HashMap$Entry@808bc50)
	[0]		8149360
OBJ 8149240 (sz=24, trace=135, class=java.util.HashMap$Entry@808bc50)
	value		81491e0
	key		81491a0
ARR 8149260 (sz=24, trace=136, nelems=13, elem type=int)
OBJ 81492a0 (sz=24, trace=138, class=java.lang.String@808a868)
	value		81492c0
ARR 81492c0 (sz=72, trace=139, nelems=28, elem type=char)
OBJ 81492e0 (sz=16, trace=140, class=java.util.jar.Attributes$Name@8143ec8)
	name		8146f18
ARR 8149300 (sz=40, trace=124, nelems=23, elem type=int)
OBJ 8149360 (sz=24, trace=128, class=java.util.HashMap$Entry@808bc50)
	value		81492a0
	key		81492e0
OBJ 8149380 (sz=24, trace=130, class=java.lang.String@808a868)
	value		81493a0
ARR 81493a0 (sz=96, trace=131, nelems=39, elem type=char)
OBJ 81493c0 (sz=16, trace=132, class=java.util.jar.Attributes@81425b8)
	map		81493e0
OBJ 81493e0 (sz=40, trace=133, class=java.util.HashMap@808bb90)
	table		8149400
ARR 8149400 (sz=24, trace=134, nelems=2, elem type=java.util.HashMap$Entry@808bc50)
	[0]		8149648
OBJ 8149420 (sz=24, trace=135, class=java.util.HashMap$Entry@808bc50)
	value		81493c0
	key		8149380
ARR 8149548 (sz=24, trace=136, nelems=13, elem type=int)
OBJ 8149588 (sz=24, trace=138, class=java.lang.String@808a868)
	value		81495a8
ARR 81495a8 (sz=72, trace=139, nelems=28, elem type=char)
OBJ 81495c8 (sz=16, trace=140, class=java.util.jar.Attributes$Name@8143ec8)
	name		8146f18
ARR 81495e8 (sz=40, trace=124, nelems=23, elem type=int)
OBJ 8149648 (sz=24, trace=128, class=java.util.HashMap$Entry@808bc50)
	value		8149588
	key		81495c8
OBJ 8149668 (sz=24, trace=130, class=java.lang.String@808a868)
	value		8149688
ARR 8149688 (sz=96, trace=131, nelems=42, elem type=char)
OBJ 81496a8 (sz=16, trace=132, class=java.util.jar.Attributes@81425b8)
	map		81496c8
OBJ 81496c8 (sz=40, trace=133, class=java.util.HashMap@808bb90)
	table		81496e8
ARR 81496e8 (sz=24, trace=134, nelems=2, elem type=java.util.HashMap$Entry@808bc50)
	[0]		8149828
OBJ 8149708 (sz=24, trace=135, class=java.util.HashMap$Entry@808bc50)
	value		81496a8
	key		8149668
ARR 8149728 (sz=24, trace=136, nelems=13, elem type=int)
OBJ 8149768 (sz=24, trace=138, class=java.lang.String@808a868)
	value		8149788
ARR 8149788 (sz=72, trace=139, nelems=28, elem type=char)
OBJ 81497a8 (sz=16, trace=140, class=java.util.jar.Attributes$Name@8143ec8)
	name		8146f18
ARR 81497c8 (sz=40, trace=124, nelems=23, elem type=int)
OBJ 8149828 (sz=24, trace=128, class=java.util.HashMap$Entry@808bc50)
	value		8149768
	key		81497a8
OBJ 8149848 (sz=24, trace=130, class=java.lang.String@808a868)
	value		8149a90
ARR 8149a90 (sz=96, trace=131, nelems=39, elem type=char)
OBJ 8149ab0 (sz=16, trace=132, class=java.util.jar.Attributes@81425b8)
	map		8149ad0
OBJ 8149ad0 (sz=40, trace=133, class=java.util.HashMap@808bb90)
	table		8149af0
ARR 8149af0 (sz=24, trace=134, nelems=2, elem type=java.util.HashMap$Entry@808bc50)
	[0]		8149c30
OBJ 8149b10 (sz=24, trace=135, class=java.util.HashMap$Entry@808bc50)
	next		8149cf0
	value		8149ab0
	key		8149848
ARR 8149b30 (sz=24, trace=136, nelems=13, elem type=int)
OBJ 8149b70 (sz=24, trace=138, class=java.lang.String@808a868)
	value		8149b90
ARR 8149b90 (sz=72, trace=139, nelems=28, elem type=char)
OBJ 8149bb0 (sz=16, trace=140, class=java.util.jar.Attributes$Name@8143ec8)
	name		8146f18
ARR 8149bd0 (sz=40, trace=124, nelems=23, elem type=int)
OBJ 8149c30 (sz=24, trace=128, class=java.util.HashMap$Entry@808bc50)
	value		8149b70
	key		8149bb0
OBJ 8149c50 (sz=24, trace=130, class=java.lang.String@808a868)
	value		8149c70
ARR 8149c70 (sz=112, trace=131, nelems=48, elem type=char)
OBJ 8149c90 (sz=16, trace=132, class=java.util.jar.Attributes@81425b8)
	map		8149cb0
OBJ 8149cb0 (sz=40, trace=133, class=java.util.HashMap@808bb90)
	table		8149cd0
ARR 8149cd0 (sz=24, trace=134, nelems=2, elem type=java.util.HashMap$Entry@808bc50)
	[0]		8149ec8
OBJ 8149cf0 (sz=24, trace=135, class=java.util.HashMap$Entry@808bc50)
	value		8149c90
	key		8149c50
ARR 8149d48 (sz=144, trace=143, nelems=49, elem type=int)
OBJ 8149e08 (sz=24, trace=138, class=java.lang.String@808a868)
	value		8149e28
ARR 8149e28 (sz=72, trace=139, nelems=28, elem type=char)
OBJ 8149e48 (sz=16, trace=140, class=java.util.jar.Attributes$Name@8143ec8)
	name		8146f18
ARR 8149e68 (sz=40, trace=124, nelems=23, elem type=int)
OBJ 8149ec8 (sz=24, trace=128, class=java.util.HashMap$Entry@808bc50)
	value		8149e08
	key		8149e48
OBJ 8149ee8 (sz=24, trace=130, class=java.lang.String@808a868)
	value		8149f08
ARR 8149f08 (sz=104, trace=131, nelems=44, elem type=char)
OBJ 8149f28 (sz=16, trace=132, class=java.util.jar.Attributes@81425b8)
	map		8149f48
OBJ 8149f48 (sz=40, trace=133, class=java.util.HashMap@808bb90)
	table		8149f68
ARR 8149f68 (sz=24, trace=134, nelems=2, elem type=java.util.HashMap$Entry@808bc50)
	[0]		814a6a8
OBJ 8149f88 (sz=24, trace=135, class=java.util.HashMap$Entry@808bc50)
	value		8149f28
	key		8149ee8
ARR 8149fa8 (sz=24, trace=136, nelems=13, elem type=int)
OBJ 8149fe8 (sz=24, trace=138, class=java.lang.String@808a868)
	value		814a008
ARR 814a008 (sz=72, trace=139, nelems=28, elem type=char)
OBJ 814a628 (sz=16, trace=140, class=java.util.jar.Attributes$Name@8143ec8)
	name		8146f18
ARR 814a648 (sz=40, trace=124, nelems=23, elem type=int)
OBJ 814a6a8 (sz=24, trace=128, class=java.util.HashMap$Entry@808bc50)
	value		8149fe8
	key		814a628
OBJ 814a6c8 (sz=24, trace=130, class=java.lang.String@808a868)
	value		814a6e8
ARR 814a6e8 (sz=112, trace=131, nelems=50, elem type=char)
OBJ 814a708 (sz=16, trace=132, class=java.util.jar.Attributes@81425b8)
	map		814a728
OBJ 814a728 (sz=40, trace=133, class=java.util.HashMap@808bb90)
	table		814a748
ARR 814a748 (sz=24, trace=134, nelems=2, elem type=java.util.HashMap$Entry@808bc50)
	[0]		814a888
OBJ 814a768 (sz=24, trace=135, class=java.util.HashMap$Entry@808bc50)
	value		814a708
	key		814a6c8
ARR 814a788 (sz=24, trace=136, nelems=13, elem type=int)
OBJ 814a7c8 (sz=24, trace=138, class=java.lang.String@808a868)
	value		814a7e8
ARR 814a7e8 (sz=72, trace=139, nelems=28, elem type=char)
OBJ 814a808 (sz=16, trace=140, class=java.util.jar.Attributes$Name@8143ec8)
	name		8146f18
ARR 814a828 (sz=40, trace=124, nelems=23, elem type=int)
OBJ 814a888 (sz=24, trace=128, class=java.util.HashMap$Entry@808bc50)
	value		814a7c8
	key		814a808
OBJ 814a8a8 (sz=24, trace=130, class=java.lang.String@808a868)
	value		814a8c8
ARR 814a8c8 (sz=88, trace=131, nelems=36, elem type=char)
OBJ 814a8e8 (sz=16, trace=132, class=java.util.jar.Attributes@81425b8)
	map		814a908
OBJ 814a908 (sz=40, trace=133, class=java.util.HashMap@808bb90)
	table		814a928
ARR 814a928 (sz=24, trace=134, nelems=2, elem type=java.util.HashMap$Entry@808bc50)
	[0]		814aa68
OBJ 814a948 (sz=24, trace=135, class=java.util.HashMap$Entry@808bc50)
	value		814a8e8
	key		814a8a8
ARR 814a968 (sz=24, trace=136, nelems=13, elem type=int)
OBJ 814a9a8 (sz=24, trace=138, class=java.lang.String@808a868)
	value		814a9c8
ARR 814a9c8 (sz=72, trace=139, nelems=28, elem type=char)
OBJ 814a9e8 (sz=16, trace=140, class=java.util.jar.Attributes$Name@8143ec8)
	name		8146f18
ARR 814aa08 (sz=40, trace=124, nelems=23, elem type=int)
OBJ 814aa68 (sz=24, trace=128, class=java.util.HashMap$Entry@808bc50)
	value		814a9a8
	key		814a9e8
OBJ 814aa88 (sz=24, trace=130, class=java.lang.String@808a868)
	value		814aaa8
ARR 814aaa8 (sz=104, trace=131, nelems=43, elem type=char)
OBJ 814aac8 (sz=16, trace=132, class=java.util.jar.Attributes@81425b8)
	map		814aae8
OBJ 814aae8 (sz=40, trace=133, class=java.util.HashMap@808bb90)
	table		814ab08
ARR 814ab08 (sz=24, trace=134, nelems=2, elem type=java.util.HashMap$Entry@808bc50)
	[0]		814ac48
OBJ 814ab28 (sz=24, trace=135, class=java.util.HashMap$Entry@808bc50)
	value		814aac8
	key		814aa88
ARR 814ab48 (sz=24, trace=136, nelems=13, elem type=int)
OBJ 814ab88 (sz=24, trace=138, class=java.lang.String@808a868)
	value		814aba8
ARR 814aba8 (sz=72, trace=139, nelems=28, elem type=char)
OBJ 814abc8 (sz=16, trace=140, class=java.util.jar.Attributes$Name@8143ec8)
	name		8146f18
ARR 814abe8 (sz=40, trace=124, nelems=23, elem type=int)
OBJ 814ac48 (sz=24, trace=128, class=java.util.HashMap$Entry@808bc50)
	value		814ab88
	key		814abc8
OBJ 814ac68 (sz=24, trace=130, class=java.lang.String@808a868)
	value		814ac88
ARR 814ac88 (sz=88, trace=131, nelems=38, elem type=char)
OBJ 814aca8 (sz=16, trace=132, class=java.util.jar.Attributes@81425b8)
	map		814acc8
OBJ 814acc8 (sz=40, trace=133, class=java.util.HashMap@808bb90)
	table		814ace8
ARR 814ace8 (sz=24, trace=134, nelems=2, elem type=java.util.HashMap$Entry@808bc50)
	[0]		814ae28
OBJ 814ad08 (sz=24, trace=135, class=java.util.HashMap$Entry@808bc50)
	value		814aca8
	key		814ac68
ARR 814ad28 (sz=24, trace=136, nelems=13, elem type=int)
OBJ 814ad68 (sz=24, trace=138, class=java.lang.String@808a868)
	value		814ad88
ARR 814ad88 (sz=72, trace=139, nelems=28, elem type=char)
OBJ 814ada8 (sz=16, trace=140, class=java.util.jar.Attributes$Name@8143ec8)
	name		8146f18
ARR 814adc8 (sz=40, trace=124, nelems=23, elem type=int)
OBJ 814ae28 (sz=24, trace=128, class=java.util.HashMap$Entry@808bc50)
	value		814ad68
	key		814ada8
OBJ 814ae48 (sz=24, trace=130, class=java.lang.String@808a868)
	value		814ae68
ARR 814ae68 (sz=104, trace=131, nelems=43, elem type=char)
OBJ 814ae88 (sz=16, trace=132, class=java.util.jar.Attributes@81425b8)
	map		814aea8
OBJ 814aea8 (sz=40, trace=133, class=java.util.HashMap@808bb90)
	table		814aec8
ARR 814aec8 (sz=24, trace=134, nelems=2, elem type=java.util.HashMap$Entry@808bc50)
	[0]		814b008
OBJ 814aee8 (sz=24, trace=135, class=java.util.HashMap$Entry@808bc50)
	next		814ad08
	value		814ae88
	key		814ae48
ARR 814af08 (sz=24, trace=136, nelems=13, elem type=int)
OBJ 814af48 (sz=24, trace=138, class=java.lang.String@808a868)
	value		814af68
ARR 814af68 (sz=72, trace=139, nelems=28, elem type=char)
OBJ 814af88 (sz=16, trace=140, class=java.util.jar.Attributes$Name@8143ec8)
	name		8146f18
ARR 814afa8 (sz=40, trace=124, nelems=23, elem type=int)
OBJ 814b008 (sz=24, trace=128, class=java.util.HashMap$Entry@808bc50)
	value		814af48
	key		814af88
OBJ 814b028 (sz=24, trace=130, class=java.lang.String@808a868)
	value		814b048
ARR 814b048 (sz=88, trace=131, nelems=38, elem type=char)
OBJ 814b068 (sz=16, trace=132, class=java.util.jar.Attributes@81425b8)
	map		814b088
OBJ 814b088 (sz=40, trace=133, class=java.util.HashMap@808bb90)
	table		814b0a8
ARR 814b0a8 (sz=24, trace=134, nelems=2, elem type=java.util.HashMap$Entry@808bc50)
	[0]		814b1e8
OBJ 814b0c8 (sz=24, trace=135, class=java.util.HashMap$Entry@808bc50)
	value		814b068
	key		814b028
ARR 814b0e8 (sz=24, trace=136, nelems=13, elem type=int)
OBJ 814b128 (sz=24, trace=138, class=java.lang.String@808a868)
	value		814b148
ARR 814b148 (sz=72, trace=139, nelems=28, elem type=char)
OBJ 814b168 (sz=16, trace=140, class=java.util.jar.Attributes$Name@8143ec8)
	name		8146f18
ARR 814b188 (sz=40, trace=124, nelems=23, elem type=int)
OBJ 814b1e8 (sz=24, trace=128, class=java.util.HashMap$Entry@808bc50)
	value		814b128
	key		814b168
OBJ 814b208 (sz=24, trace=130, class=java.lang.String@808a868)
	value		814b228
ARR 814b228 (sz=88, trace=131, nelems=38, elem type=char)
OBJ 814b248 (sz=16, trace=132, class=java.util.jar.Attributes@81425b8)
	map		814b268
OBJ 814b268 (sz=40, trace=133, class=java.util.HashMap@808bb90)
	table		814b288
ARR 814b288 (sz=24, trace=134, nelems=2, elem type=java.util.HashMap$Entry@808bc50)
	[0]		814b3e8
OBJ 814b2a8 (sz=24, trace=135, class=java.util.HashMap$Entry@808bc50)
	value		814b248
	key		814b208
ARR 814b2c8 (sz=272, trace=143, nelems=81, elem type=int)
OBJ 814b328 (sz=24, trace=138, class=java.lang.String@808a868)
	value		814b348
ARR 814b348 (sz=72, trace=139, nelems=28, elem type=char)
OBJ 814b368 (sz=16, trace=140, class=java.util.jar.Attributes$Name@8143ec8)
	name		8146f18
ARR 814b388 (sz=40, trace=124, nelems=23, elem type=int)
OBJ 814b3e8 (sz=24, trace=128, class=java.util.HashMap$Entry@808bc50)
	value		814b328
	key		814b368
OBJ 814b408 (sz=24, trace=130, class=java.lang.String@808a868)
	value		814b428
ARR 814b428 (sz=88, trace=131, nelems=38, elem type=char)
OBJ 814b448 (sz=16, trace=132, class=java.util.jar.Attributes@81425b8)
	map		814b468
OBJ 814b468 (sz=40, trace=133, class=java.util.HashMap@808bb90)
	table		814b488
ARR 814b488 (sz=24, trace=134, nelems=2, elem type=java.util.HashMap$Entry@808bc50)
	[0]		814b5c8
OBJ 814b4a8 (sz=24, trace=135, class=java.util.HashMap$Entry@808bc50)
	next		814b688
	value		814b448
	key		814b408
ARR 814b4c8 (sz=24, trace=136, nelems=13, elem type=int)
OBJ 814b508 (sz=24, trace=138, class=java.lang.String@808a868)
	value		814b528
ARR 814b528 (sz=72, trace=139, nelems=28, elem type=char)
OBJ 814b548 (sz=16, trace=140, class=java.util.jar.Attributes$Name@8143ec8)
	name		8146f18
ARR 814b568 (sz=40, trace=124, nelems=23, elem type=int)
OBJ 814b5c8 (sz=24, trace=128, class=java.util.HashMap$Entry@808bc50)
	value		814b508
	key		814b548
OBJ 814b5e8 (sz=24, trace=130, class=java.lang.String@808a868)
	value		814b608
ARR 814b608 (sz=88, trace=131, nelems=37, elem type=char)
OBJ 814b628 (sz=16, trace=132, class=java.util.jar.Attributes@81425b8)
	map		814b648
OBJ 814b648 (sz=40, trace=133, class=java.util.HashMap@808bb90)
	table		814b668
ARR 814b668 (sz=24, trace=134, nelems=2, elem type=java.util.HashMap$Entry@808bc50)
	[0]		814b7a8
OBJ 814b688 (sz=24, trace=135, class=java.util.HashMap$Entry@808bc50)
	value		814b628
	key		814b5e8
ARR 814b6a8 (sz=24, trace=136, nelems=13, elem type=int)
OBJ 814b6e8 (sz=24, trace=138, class=java.lang.String@808a868)
	value		814b708
ARR 814b708 (sz=72, trace=139, nelems=28, elem type=char)
OBJ 814b728 (sz=16, trace=140, class=java.util.jar.Attributes$Name@8143ec8)
	name		8146f18
ARR 814b748 (sz=40, trace=124, nelems=23, elem type=int)
OBJ 814b7a8 (sz=24, trace=128, class=java.util.HashMap$Entry@808bc50)
	value		814b6e8
	key		814b728
OBJ 814b7c8 (sz=24, trace=130, class=java.lang.String@808a868)
	value		814b7e8
ARR 814b7e8 (sz=88, trace=131, nelems=38, elem type=char)
OBJ 814b808 (sz=16, trace=132, class=java.util.jar.Attributes@81425b8)
	map		814b828
OBJ 814b828 (sz=40, trace=133, class=java.util.HashMap@808bb90)
	table		814b848
ARR 814b848 (sz=24, trace=134, nelems=2, elem type=java.util.HashMap$Entry@808bc50)
	[0]		814b988
OBJ 814b868 (sz=24, trace=135, class=java.util.HashMap$Entry@808bc50)
	value		814b808
	key		814b7c8
ARR 814b888 (sz=24, trace=136, nelems=13, elem type=int)
OBJ 814b8c8 (sz=24, trace=138, class=java.lang.String@808a868)
	value		814b8e8
ARR 814b8e8 (sz=72, trace=139, nelems=28, elem type=char)
OBJ 814b908 (sz=16, trace=140, class=java.util.jar.Attributes$Name@8143ec8)
	name		8146f18
ARR 814b928 (sz=40, trace=124, nelems=23, elem type=int)
OBJ 814b988 (sz=24, trace=128, class=java.util.HashMap$Entry@808bc50)
	value		814b8c8
	key		814b908
OBJ 814b9a8 (sz=24, trace=130, class=java.lang.String@808a868)
	value		814b9c8
ARR 814b9c8 (sz=88, trace=131, nelems=38, elem type=char)
OBJ 814b9e8 (sz=16, trace=132, class=java.util.jar.Attributes@81425b8)
	map		814ba08
OBJ 814ba08 (sz=40, trace=133, class=java.util.HashMap@808bb90)
	table		814ba28
ARR 814ba28 (sz=24, trace=134, nelems=2, elem type=java.util.HashMap$Entry@808bc50)
	[0]		814bb68
OBJ 814ba48 (sz=24, trace=135, class=java.util.HashMap$Entry@808bc50)
	value		814b9e8
	key		814b9a8
ARR 814ba68 (sz=24, trace=136, nelems=13, elem type=int)
OBJ 814baa8 (sz=24, trace=138, class=java.lang.String@808a868)
	value		814bac8
ARR 814bac8 (sz=72, trace=139, nelems=28, elem type=char)
OBJ 814bae8 (sz=16, trace=140, class=java.util.jar.Attributes$Name@8143ec8)
	name		8146f18
ARR 814bb08 (sz=40, trace=124, nelems=23, elem type=int)
OBJ 814bb68 (sz=24, trace=128, class=java.util.HashMap$Entry@808bc50)
	value		814baa8
	key		814bae8
OBJ 814bb88 (sz=24, trace=130, class=java.lang.String@808a868)
	value		814bba8
ARR 814bba8 (sz=88, trace=131, nelems=38, elem type=char)
OBJ 814bbc8 (sz=16, trace=132, class=java.util.jar.Attributes@81425b8)
	map		814bbe8
OBJ 814bbe8 (sz=40, trace=133, class=java.util.HashMap@808bb90)
	table		814bc08
ARR 814bc08 (sz=24, trace=134, nelems=2, elem type=java.util.HashMap$Entry@808bc50)
	[0]		814bd48
OBJ 814bc28 (sz=24, trace=135, class=java.util.HashMap$Entry@808bc50)
	value		814bbc8
	key		814bb88
ARR 814bc48 (sz=24, trace=136, nelems=13, elem type=int)
OBJ 814bc88 (sz=24, trace=138, class=java.lang.String@808a868)
	value		814bca8
ARR 814bca8 (sz=72, trace=139, nelems=28, elem type=char)
OBJ 814bcc8 (sz=16, trace=140, class=java.util.jar.Attributes$Name@8143ec8)
	name		8146f18
ARR 814bce8 (sz=40, trace=124, nelems=23, elem type=int)
OBJ 814bd48 (sz=24, trace=128, class=java.util.HashMap$Entry@808bc50)
	value		814bc88
	key		814bcc8
OBJ 814bd68 (sz=24, trace=130, class=java.lang.String@808a868)
	value		814bd88
ARR 814bd88 (sz=128, trace=131, nelems=58, elem type=char)
OBJ 814bda8 (sz=16, trace=132, class=java.util.jar.Attributes@81425b8)
	map		814bdc8
OBJ 814bdc8 (sz=40, trace=133, class=java.util.HashMap@808bb90)
	table		814bde8
ARR 814bde8 (sz=24, trace=134, nelems=2, elem type=java.util.HashMap$Entry@808bc50)
	[0]		814bf28
OBJ 814be08 (sz=24, trace=135, class=java.util.HashMap$Entry@808bc50)
	next		814bfe8
	value		814bda8
	key		814bd68
ARR 814be28 (sz=24, trace=136, nelems=13, elem type=int)
OBJ 814be68 (sz=24, trace=138, class=java.lang.String@808a868)
	value		814be88
ARR 814be88 (sz=72, trace=139, nelems=28, elem type=char)
OBJ 814bea8 (sz=16, trace=140, class=java.util.jar.Attributes$Name@8143ec8)
	name		8146f18
ARR 814bec8 (sz=40, trace=124, nelems=23, elem type=int)
OBJ 814bf28 (sz=24, trace=128, class=java.util.HashMap$Entry@808bc50)
	value		814be68
	key		814bea8
OBJ 814bf48 (sz=24, trace=130, class=java.lang.String@808a868)
	value		814bf68
ARR 814bf68 (sz=88, trace=131, nelems=38, elem type=char)
OBJ 814bf88 (sz=16, trace=132, class=java.util.jar.Attributes@81425b8)
	map		814bfa8
OBJ 814bfa8 (sz=40, trace=133, class=java.util.HashMap@808bb90)
	table		814bfc8
ARR 814bfc8 (sz=24, trace=134, nelems=2, elem type=java.util.HashMap$Entry@808bc50)
	[0]		814c108
OBJ 814bfe8 (sz=24, trace=135, class=java.util.HashMap$Entry@808bc50)
	value		814bf88
	key		814bf48
ARR 814c008 (sz=24, trace=136, nelems=13, elem type=int)
OBJ 814c048 (sz=24, trace=138, class=java.lang.String@808a868)
	value		814c068
ARR 814c068 (sz=72, trace=139, nelems=28, elem type=char)
OBJ 814c088 (sz=16, trace=140, class=java.util.jar.Attributes$Name@8143ec8)
	name		8146f18
ARR 814c0a8 (sz=40, trace=124, nelems=23, elem type=int)
OBJ 814c108 (sz=24, trace=128, class=java.util.HashMap$Entry@808bc50)
	value		814c048
	key		814c088
OBJ 814c128 (sz=24, trace=130, class=java.lang.String@808a868)
	value		814c148
ARR 814c148 (sz=88, trace=131, nelems=38, elem type=char)
OBJ 814c168 (sz=16, trace=132, class=java.util.jar.Attributes@81425b8)
	map		814c188
OBJ 814c188 (sz=40, trace=133, class=java.util.HashMap@808bb90)
	table		814c1a8
ARR 814c1a8 (sz=24, trace=134, nelems=2, elem type=java.util.HashMap$Entry@808bc50)
	[0]		814c2e8
OBJ 814c1c8 (sz=24, trace=135, class=java.util.HashMap$Entry@808bc50)
	value		814c168
	key		814c128
ARR 814c1e8 (sz=24, trace=136, nelems=13, elem type=int)
OBJ 814c228 (sz=24, trace=138, class=java.lang.String@808a868)
	value		814c248
ARR 814c248 (sz=72, trace=139, nelems=28, elem type=char)
OBJ 814c268 (sz=16, trace=140, class=java.util.jar.Attributes$Name@8143ec8)
	name		8146f18
ARR 814c288 (sz=40, trace=124, nelems=23, elem type=int)
OBJ 814c2e8 (sz=24, trace=128, class=java.util.HashMap$Entry@808bc50)
	value		814c228
	key		814c268
OBJ 814c308 (sz=24, trace=130, class=java.lang.String@808a868)
	value		814c328
ARR 814c328 (sz=120, trace=131, nelems=52, elem type=char)
OBJ 814c348 (sz=16, trace=132, class=java.util.jar.Attributes@81425b8)
	map		814c368
OBJ 814c368 (sz=40, trace=133, class=java.util.HashMap@808bb90)
	table		814c388
ARR 814c388 (sz=24, trace=134, nelems=2, elem type=java.util.HashMap$Entry@808bc50)
	[0]		814c4c8
OBJ 814c3a8 (sz=24, trace=135, class=java.util.HashMap$Entry@808bc50)
	next		814c588
	value		814c348
	key		814c308
ARR 814c3c8 (sz=24, trace=136, nelems=13, elem type=int)
OBJ 814c408 (sz=24, trace=138, class=java.lang.String@808a868)
	value		814c428
ARR 814c428 (sz=72, trace=139, nelems=28, elem type=char)
OBJ 814c448 (sz=16, trace=140, class=java.util.jar.Attributes$Name@8143ec8)
	name		8146f18
ARR 814c468 (sz=40, trace=124, nelems=23, elem type=int)
OBJ 814c4c8 (sz=24, trace=128, class=java.util.HashMap$Entry@808bc50)
	value		814c408
	key		814c448
OBJ 814c4e8 (sz=24, trace=130, class=java.lang.String@808a868)
	value		814c508
ARR 814c508 (sz=88, trace=131, nelems=38, elem type=char)
OBJ 814c528 (sz=16, trace=132, class=java.util.jar.Attributes@81425b8)
	map		814c548
OBJ 814c548 (sz=40, trace=133, class=java.util.HashMap@808bb90)
	table		814c568
ARR 814c568 (sz=24, trace=134, nelems=2, elem type=java.util.HashMap$Entry@808bc50)
	[0]		814c6a8
OBJ 814c588 (sz=24, trace=135, class=java.util.HashMap$Entry@808bc50)
	value		814c528
	key		814c4e8
ARR 814c5a8 (sz=24, trace=136, nelems=13, elem type=int)
OBJ 814c5e8 (sz=24, trace=138, class=java.lang.String@808a868)
	value		814c608
ARR 814c608 (sz=72, trace=139, nelems=28, elem type=char)
OBJ 814c628 (sz=16, trace=140, class=java.util.jar.Attributes$Name@8143ec8)
	name		8146f18
ARR 814c648 (sz=40, trace=124, nelems=23, elem type=int)
OBJ 814c6a8 (sz=24, trace=128, class=java.util.HashMap$Entry@808bc50)
	value		814c5e8
	key		814c628
OBJ 814c6c8 (sz=24, trace=130, class=java.lang.String@808a868)
	value		814c6e8
ARR 814c6e8 (sz=96, trace=131, nelems=39, elem type=char)
OBJ 814c708 (sz=16, trace=132, class=java.util.jar.Attributes@81425b8)
	map		814c728
OBJ 814c728 (sz=40, trace=133, class=java.util.HashMap@808bb90)
	table		814c748
ARR 814c748 (sz=24, trace=134, nelems=2, elem type=java.util.HashMap$Entry@808bc50)
	[0]		814c888
OBJ 814c768 (sz=24, trace=135, class=java.util.HashMap$Entry@808bc50)
	next		814c948
	value		814c708
	key		814c6c8
ARR 814c788 (sz=24, trace=136, nelems=13, elem type=int)
OBJ 814c7c8 (sz=24, trace=138, class=java.lang.String@808a868)
	value		814c7e8
ARR 814c7e8 (sz=72, trace=139, nelems=28, elem type=char)
OBJ 814c808 (sz=16, trace=140, class=java.util.jar.Attributes$Name@8143ec8)
	name		8146f18
ARR 814c828 (sz=40, trace=124, nelems=23, elem type=int)
OBJ 814c888 (sz=24, trace=128, class=java.util.HashMap$Entry@808bc50)
	value		814c7c8
	key		814c808
OBJ 814c8a8 (sz=24, trace=130, class=java.lang.String@808a868)
	value		814c8c8
ARR 814c8c8 (sz=88, trace=131, nelems=38, elem type=char)
OBJ 814c8e8 (sz=16, trace=132, class=java.util.jar.Attributes@81425b8)
	map		814c908
OBJ 814c908 (sz=40, trace=133, class=java.util.HashMap@808bb90)
	table		814c928
ARR 814c928 (sz=24, trace=134, nelems=2, elem type=java.util.HashMap$Entry@808bc50)
	[0]		8154ca8
OBJ 814c948 (sz=24, trace=135, class=java.util.HashMap$Entry@808bc50)
	value		814c8e8
	key		814c8a8
ARR 814c968 (sz=24, trace=136, nelems=13, elem type=int)
OBJ 814c9a8 (sz=24, trace=138, class=java.lang.String@808a868)
	value		814c9c8
ARR 814c9c8 (sz=72, trace=139, nelems=28, elem type=char)
OBJ 814c9e8 (sz=16, trace=140, class=java.util.jar.Attributes$Name@8143ec8)
	name		8146f18
ARR 814ca08 (sz=40, trace=124, nelems=23, elem type=int)
OBJ 8154ca8 (sz=24, trace=128, class=java.util.HashMap$Entry@808bc50)
	value		814c9a8
	key		814c9e8
OBJ 8154cc8 (sz=24, trace=130, class=java.lang.String@808a868)
	value		8154ce8
ARR 8154ce8 (sz=88, trace=131, nelems=38, elem type=char)
OBJ 8154d08 (sz=16, trace=132, class=java.util.jar.Attributes@81425b8)
	map		8154d28
OBJ 8154d28 (sz=40, trace=133, class=java.util.HashMap@808bb90)
	table		8154d48
ARR 8154d48 (sz=24, trace=134, nelems=2, elem type=java.util.HashMap$Entry@808bc50)
	[0]		8154e88
OBJ 8154d68 (sz=24, trace=135, class=java.util.HashMap$Entry@808bc50)
	value		8154d08
	key		8154cc8
ARR 8154d88 (sz=24, trace=136, nelems=13, elem type=int)
OBJ 8154dc8 (sz=24, trace=138, class=java.lang.String@808a868)
	value		8154de8
ARR 8154de8 (sz=72, trace=139, nelems=28, elem type=char)
OBJ 8154e08 (sz=16, trace=140, class=java.util.jar.Attributes$Name@8143ec8)
	name		8146f18
ARR 8154e28 (sz=40, trace=124, nelems=23, elem type=int)
OBJ 8154e88 (sz=24, trace=128, class=java.util.HashMap$Entry@808bc50)
	value		8154dc8
	key		8154e08
OBJ 8154ea8 (sz=24, trace=130, class=java.lang.String@808a868)
	value		8154ec8
ARR 8154ec8 (sz=88, trace=131, nelems=38, elem type=char)
OBJ 8154ee8 (sz=16, trace=132, class=java.util.jar.Attributes@81425b8)
	map		8154f08
OBJ 8154f08 (sz=40, trace=133, class=java.util.HashMap@808bb90)
	table		8154f28
ARR 8154f28 (sz=24, trace=134, nelems=2, elem type=java.util.HashMap$Entry@808bc50)
	[0]		8155068
OBJ 8154f48 (sz=24, trace=135, class=java.util.HashMap$Entry@808bc50)
	value		8154ee8
	key		8154ea8
ARR 8154f68 (sz=24, trace=136, nelems=13, elem type=int)
OBJ 8154fa8 (sz=24, trace=138, class=java.lang.String@808a868)
	value		8154fc8
ARR 8154fc8 (sz=72, trace=139, nelems=28, elem type=char)
OBJ 8154fe8 (sz=16, trace=140, class=java.util.jar.Attributes$Name@8143ec8)
	name		8146f18
ARR 8155008 (sz=40, trace=124, nelems=23, elem type=int)
OBJ 8155068 (sz=24, trace=128, class=java.util.HashMap$Entry@808bc50)
	value		8154fa8
	key		8154fe8
OBJ 8155088 (sz=24, trace=130, class=java.lang.String@808a868)
	value		81550a8
ARR 81550a8 (sz=104, trace=131, nelems=45, elem type=char)
OBJ 81550c8 (sz=16, trace=132, class=java.util.jar.Attributes@81425b8)
	map		81550e8
OBJ 81550e8 (sz=40, trace=133, class=java.util.HashMap@808bb90)
	table		8155108
ARR 8155108 (sz=24, trace=134, nelems=2, elem type=java.util.HashMap$Entry@808bc50)
	[0]		8155248
OBJ 8155128 (sz=24, trace=135, class=java.util.HashMap$Entry@808bc50)
	value		81550c8
	key		8155088
ARR 8155148 (sz=24, trace=136, nelems=13, elem type=int)
OBJ 8155188 (sz=24, trace=138, class=java.lang.String@808a868)
	value		81551a8
ARR 81551a8 (sz=72, trace=139, nelems=28, elem type=char)
OBJ 81551c8 (sz=16, trace=140, class=java.util.jar.Attributes$Name@8143ec8)
	name		8146f18
ARR 81551e8 (sz=40, trace=124, nelems=23, elem type=int)
OBJ 8155248 (sz=24, trace=128, class=java.util.HashMap$Entry@808bc50)
	value		8155188
	key		81551c8
OBJ 8155268 (sz=24, trace=130, class=java.lang.String@808a868)
	value		8155288
ARR 8155288 (sz=88, trace=131, nelems=38, elem type=char)
OBJ 81552a8 (sz=16, trace=132, class=java.util.jar.Attributes@81425b8)
	map		81552c8
OBJ 81552c8 (sz=40, trace=133, class=java.util.HashMap@808bb90)
	table		81552e8
ARR 81552e8 (sz=24, trace=134, nelems=2, elem type=java.util.HashMap$Entry@808bc50)
	[0]		8155428
OBJ 8155308 (sz=24, trace=135, class=java.util.HashMap$Entry@808bc50)
	value		81552a8
	key		8155268
ARR 8155328 (sz=24, trace=136, nelems=13, elem type=int)
OBJ 8155368 (sz=24, trace=138, class=java.lang.String@808a868)
	value		8155388
ARR 8155388 (sz=72, trace=139, nelems=28, elem type=char)
OBJ 81553a8 (sz=16, trace=140, class=java.util.jar.Attributes$Name@8143ec8)
	name		8146f18
ARR 81553c8 (sz=40, trace=124, nelems=23, elem type=int)
OBJ 8155428 (sz=24, trace=128, class=java.util.HashMap$Entry@808bc50)
	value		8155368
	key		81553a8
OBJ 8155448 (sz=24, trace=130, class=java.lang.String@808a868)
	value		8155468
ARR 8155468 (sz=96, trace=131, nelems=39, elem type=char)
OBJ 8155488 (sz=16, trace=132, class=java.util.jar.Attributes@81425b8)
	map		81554a8
OBJ 81554a8 (sz=40, trace=133, class=java.util.HashMap@808bb90)
	table		81554c8
ARR 81554c8 (sz=24, trace=134, nelems=2, elem type=java.util.HashMap$Entry@808bc50)
	[0]		8155608
OBJ 81554e8 (sz=24, trace=135, class=java.util.HashMap$Entry@808bc50)
	value		8155488
	key		8155448
ARR 8155508 (sz=24, trace=136, nelems=13, elem type=int)
OBJ 8155548 (sz=24, trace=138, class=java.lang.String@808a868)
	value		8155568
ARR 8155568 (sz=72, trace=139, nelems=28, elem type=char)
OBJ 8155588 (sz=16, trace=140, class=java.util.jar.Attributes$Name@8143ec8)
	name		8146f18
ARR 81555a8 (sz=40, trace=124, nelems=23, elem type=int)
OBJ 8155608 (sz=24, trace=128, class=java.util.HashMap$Entry@808bc50)
	value		8155548
	key		8155588
OBJ 8155628 (sz=24, trace=130, class=java.lang.String@808a868)
	value		8155648
ARR 8155648 (sz=96, trace=131, nelems=39, elem type=char)
OBJ 8155668 (sz=16, trace=132, class=java.util.jar.Attributes@81425b8)
	map		8155688
OBJ 8155688 (sz=40, trace=133, class=java.util.HashMap@808bb90)
	table		81556a8
ARR 81556a8 (sz=24, trace=134, nelems=2, elem type=java.util.HashMap$Entry@808bc50)
	[0]		81557e8
OBJ 81556c8 (sz=24, trace=135, class=java.util.HashMap$Entry@808bc50)
	value		8155668
	key		8155628
ARR 81556e8 (sz=24, trace=136, nelems=13, elem type=int)
OBJ 8155728 (sz=24, trace=138, class=java.lang.String@808a868)
	value		8155748
ARR 8155748 (sz=72, trace=139, nelems=28, elem type=char)
OBJ 8155768 (sz=16, trace=140, class=java.util.jar.Attributes$Name@8143ec8)
	name		8146f18
ARR 8155788 (sz=40, trace=124, nelems=23, elem type=int)
OBJ 81557e8 (sz=24, trace=128, class=java.util.HashMap$Entry@808bc50)
	value		8155728
	key		8155768
OBJ 8155808 (sz=24, trace=130, class=java.lang.String@808a868)
	value		8155828
ARR 8155828 (sz=96, trace=131, nelems=39, elem type=char)
OBJ 8155848 (sz=16, trace=132, class=java.util.jar.Attributes@81425b8)
	map		8155868
OBJ 8155868 (sz=40, trace=133, class=java.util.HashMap@808bb90)
	table		8155888
ARR 8155888 (sz=24, trace=134, nelems=2, elem type=java.util.HashMap$Entry@808bc50)
	[0]		81559c8
OBJ 81558a8 (sz=24, trace=135, class=java.util.HashMap$Entry@808bc50)
	value		8155848
	key		8155808
ARR 81558c8 (sz=24, trace=136, nelems=13, elem type=int)
OBJ 8155908 (sz=24, trace=138, class=java.lang.String@808a868)
	value		8155928
ARR 8155928 (sz=72, trace=139, nelems=28, elem type=char)
OBJ 8155948 (sz=16, trace=140, class=java.util.jar.Attributes$Name@8143ec8)
	name		8146f18
ARR 8155968 (sz=40, trace=124, nelems=23, elem type=int)
OBJ 81559c8 (sz=24, trace=128, class=java.util.HashMap$Entry@808bc50)
	value		8155908
	key		8155948
OBJ 81559e8 (sz=24, trace=130, class=java.lang.String@808a868)
	value		8155a08
ARR 8155a08 (sz=104, trace=131, nelems=43, elem type=char)
OBJ 8155a28 (sz=16, trace=132, class=java.util.jar.Attributes@81425b8)
	map		8155a48
OBJ 8155a48 (sz=40, trace=133, class=java.util.HashMap@808bb90)
	table		8155a68
ARR 8155a68 (sz=24, trace=134, nelems=2, elem type=java.util.HashMap$Entry@808bc50)
	[0]		8155ba8
OBJ 8155a88 (sz=24, trace=135, class=java.util.HashMap$Entry@808bc50)
	value		8155a28
	key		81559e8
ARR 8155aa8 (sz=24, trace=136, nelems=13, elem type=int)
OBJ 8155ae8 (sz=24, trace=138, class=java.lang.String@808a868)
	value		8155b08
ARR 8155b08 (sz=72, trace=139, nelems=28, elem type=char)
OBJ 8155b28 (sz=16, trace=140, class=java.util.jar.Attributes$Name@8143ec8)
	name		8146f18
ARR 8155b48 (sz=40, trace=124, nelems=23, elem type=int)
OBJ 8155ba8 (sz=24, trace=128, class=java.util.HashMap$Entry@808bc50)
	value		8155ae8
	key		8155b28
OBJ 8155bc8 (sz=24, trace=130, class=java.lang.String@808a868)
	value		8155be8
ARR 8155be8 (sz=104, trace=131, nelems=43, elem type=char)
OBJ 8155c08 (sz=16, trace=132, class=java.util.jar.Attributes@81425b8)
	map		8155c28
OBJ 8155c28 (sz=40, trace=133, class=java.util.HashMap@808bb90)
	table		8155c48
ARR 8155c48 (sz=24, trace=134, nelems=2, elem type=java.util.HashMap$Entry@808bc50)
	[0]		8155d88
OBJ 8155c68 (sz=24, trace=135, class=java.util.HashMap$Entry@808bc50)
	value		8155c08
	key		8155bc8
ARR 8155c88 (sz=24, trace=136, nelems=13, elem type=int)
OBJ 8155cc8 (sz=24, trace=138, class=java.lang.String@808a868)
	value		8155ce8
ARR 8155ce8 (sz=72, trace=139, nelems=28, elem type=char)
OBJ 8155d08 (sz=16, trace=140, class=java.util.jar.Attributes$Name@8143ec8)
	name		8146f18
ARR 8155d28 (sz=40, trace=124, nelems=23, elem type=int)
OBJ 8155d88 (sz=24, trace=128, class=java.util.HashMap$Entry@808bc50)
	value		8155cc8
	key		8155d08
OBJ 8155da8 (sz=24, trace=130, class=java.lang.String@808a868)
	value		8155dc8
ARR 8155dc8 (sz=96, trace=131, nelems=42, elem type=char)
OBJ 8155de8 (sz=16, trace=132, class=java.util.jar.Attributes@81425b8)
	map		8155e08
OBJ 8155e08 (sz=40, trace=133, class=java.util.HashMap@808bb90)
	table		8155e28
ARR 8155e28 (sz=24, trace=134, nelems=2, elem type=java.util.HashMap$Entry@808bc50)
	[0]		8155f68
OBJ 8155e48 (sz=24, trace=135, class=java.util.HashMap$Entry@808bc50)
	next		8156028
	value		8155de8
	key		8155da8
ARR 8155e68 (sz=24, trace=136, nelems=13, elem type=int)
OBJ 8155ea8 (sz=24, trace=138, class=java.lang.String@808a868)
	value		8155ec8
ARR 8155ec8 (sz=72, trace=139, nelems=28, elem type=char)
OBJ 8155ee8 (sz=16, trace=140, class=java.util.jar.Attributes$Name@8143ec8)
	name		8146f18
ARR 8155f08 (sz=40, trace=124, nelems=23, elem type=int)
OBJ 8155f68 (sz=24, trace=128, class=java.util.HashMap$Entry@808bc50)
	value		8155ea8
	key		8155ee8
OBJ 8155f88 (sz=24, trace=130, class=java.lang.String@808a868)
	value		8155fa8
ARR 8155fa8 (sz=104, trace=131, nelems=44, elem type=char)
OBJ 8155fc8 (sz=16, trace=132, class=java.util.jar.Attributes@81425b8)
	map		8155fe8
OBJ 8155fe8 (sz=40, trace=133, class=java.util.HashMap@808bb90)
	table		8156008
ARR 8156008 (sz=24, trace=134, nelems=2, elem type=java.util.HashMap$Entry@808bc50)
	[0]		8156148
OBJ 8156028 (sz=24, trace=135, class=java.util.HashMap$Entry@808bc50)
	value		8155fc8
	key		8155f88
ARR 8156048 (sz=24, trace=136, nelems=13, elem type=int)
OBJ 8156088 (sz=24, trace=138, class=java.lang.String@808a868)
	value		81560a8
ARR 81560a8 (sz=72, trace=139, nelems=28, elem type=char)
OBJ 81560c8 (sz=16, trace=140, class=java.util.jar.Attributes$Name@8143ec8)
	name		8146f18
ARR 81560e8 (sz=40, trace=124, nelems=23, elem type=int)
OBJ 8156148 (sz=24, trace=128, class=java.util.HashMap$Entry@808bc50)
	value		8156088
	key		81560c8
OBJ 8156168 (sz=24, trace=130, class=java.lang.String@808a868)
	value		8156188
ARR 8156188 (sz=96, trace=131, nelems=42, elem type=char)
OBJ 81561a8 (sz=16, trace=132, class=java.util.jar.Attributes@81425b8)
	map		81561c8
OBJ 81561c8 (sz=40, trace=133, class=java.util.HashMap@808bb90)
	table		81561e8
ARR 81561e8 (sz=24, trace=134, nelems=2, elem type=java.util.HashMap$Entry@808bc50)
	[0]		8156348
OBJ 8156208 (sz=24, trace=135, class=java.util.HashMap$Entry@808bc50)
	value		81561a8
	key		8156168
ARR 8156228 (sz=528, trace=143, nelems=128, elem type=java.util.HashMap$Entry@808bc50)
	[1]		8157c68
	[3]		8157a88
	[5]		81578a8
	[6]		81576c8
	[9]		81574e8
	[10]		8157128
	[11]		8156d68
	[19]		81569a8
	[20]		81567c8
	[23]		81565e8
	[24]		8156408
	[25]		8156208
	[26]		8155e48
	[37]		8155c68
	[38]		8155a88
	[40]		81558a8
	[42]		81556c8
	[44]		81554e8
	[46]		8155308
	[47]		8155128
	[48]		8154f48
	[50]		8154d68
	[52]		814c768
	[54]		814c3a8
	[55]		814c1c8
	[56]		814be08
	[58]		814bc28
	[60]		814ba48
	[62]		814b868
	[64]		814b4a8
	[66]		814b2a8
	[68]		814b0c8
	[70]		814aee8
	[71]		814ab28
	[75]		814a948
	[89]		814a768
	[96]		8149f88
	[105]		8149b10
	[106]		8149708
	[107]		8149420
	[111]		8149240
	[113]		8149060
	[115]		8148ca0
	[117]		8148ac0
	[119]		8148700
	[121]		8148520
	[123]		8148160
	[125]		8147f80
	[127]		8146b60
ARR 8156248 (sz=24, trace=136, nelems=13, elem type=int)
OBJ 8156288 (sz=24, trace=138, class=java.lang.String@808a868)
	value		81562a8
ARR 81562a8 (sz=72, trace=139, nelems=28, elem type=char)
OBJ 81562c8 (sz=16, trace=140, class=java.util.jar.Attributes$Name@8143ec8)
	name		8146f18
ARR 81562e8 (sz=40, trace=124, nelems=23, elem type=int)
OBJ 8156348 (sz=24, trace=128, class=java.util.HashMap$Entry@808bc50)
	value		8156288
	key		81562c8
OBJ 8156368 (sz=24, trace=130, class=java.lang.String@808a868)
	value		8156388
ARR 8156388 (sz=88, trace=131, nelems=36, elem type=char)
OBJ 81563a8 (sz=16, trace=132, class=java.util.jar.Attributes@81425b8)
	map		81563c8
OBJ 81563c8 (sz=40, trace=133, class=java.util.HashMap@808bb90)
	table		81563e8
ARR 81563e8 (sz=24, trace=134, nelems=2, elem type=java.util.HashMap$Entry@808bc50)
	[0]		8156528
OBJ 8156408 (sz=24, trace=135, class=java.util.HashMap$Entry@808bc50)
	value		81563a8
	key		8156368
ARR 8156428 (sz=24, trace=136, nelems=13, elem type=int)
OBJ 8156468 (sz=24, trace=138, class=java.lang.String@808a868)
	value		8156488
ARR 8156488 (sz=72, trace=139, nelems=28, elem type=char)
OBJ 81564a8 (sz=16, trace=140, class=java.util.jar.Attributes$Name@8143ec8)
	name		8146f18
ARR 81564c8 (sz=40, trace=124, nelems=23, elem type=int)
OBJ 8156528 (sz=24, trace=128, class=java.util.HashMap$Entry@808bc50)
	value		8156468
	key		81564a8
OBJ 8156548 (sz=24, trace=130, class=java.lang.String@808a868)
	value		8156568
ARR 8156568 (sz=88, trace=131, nelems=36, elem type=char)
OBJ 8156588 (sz=16, trace=132, class=java.util.jar.Attributes@81425b8)
	map		81565a8
OBJ 81565a8 (sz=40, trace=133, class=java.util.HashMap@808bb90)
	table		81565c8
ARR 81565c8 (sz=24, trace=134, nelems=2, elem type=java.util.HashMap$Entry@808bc50)
	[0]		8156708
OBJ 81565e8 (sz=24, trace=135, class=java.util.HashMap$Entry@808bc50)
	value		8156588
	key		8156548
ARR 8156608 (sz=24, trace=136, nelems=13, elem type=int)
OBJ 8156648 (sz=24, trace=138, class=java.lang.String@808a868)
	value		8156668
ARR 8156668 (sz=72, trace=139, nelems=28, elem type=char)
OBJ 8156688 (sz=16, trace=140, class=java.util.jar.Attributes$Name@8143ec8)
	name		8146f18
ARR 81566a8 (sz=40, trace=124, nelems=23, elem type=int)
OBJ 8156708 (sz=24, trace=128, class=java.util.HashMap$Entry@808bc50)
	value		8156648
	key		8156688
OBJ 8156728 (sz=24, trace=130, class=java.lang.String@808a868)
	value		8156748
ARR 8156748 (sz=112, trace=131, nelems=49, elem type=char)
OBJ 8156768 (sz=16, trace=132, class=java.util.jar.Attributes@81425b8)
	map		8156788
OBJ 8156788 (sz=40, trace=133, class=java.util.HashMap@808bb90)
	table		81567a8
ARR 81567a8 (sz=24, trace=134, nelems=2, elem type=java.util.HashMap$Entry@808bc50)
	[0]		81568e8
OBJ 81567c8 (sz=24, trace=135, class=java.util.HashMap$Entry@808bc50)
	value		8156768
	key		8156728
ARR 81567e8 (sz=24, trace=136, nelems=13, elem type=int)
OBJ 8156828 (sz=24, trace=138, class=java.lang.String@808a868)
	value		8156848
ARR 8156848 (sz=72, trace=139, nelems=28, elem type=char)
OBJ 8156868 (sz=16, trace=140, class=java.util.jar.Attributes$Name@8143ec8)
	name		8146f18
ARR 8156888 (sz=40, trace=124, nelems=23, elem type=int)
OBJ 81568e8 (sz=24, trace=128, class=java.util.HashMap$Entry@808bc50)
	value		8156828
	key		8156868
OBJ 8156908 (sz=24, trace=130, class=java.lang.String@808a868)
	value		8156928
ARR 8156928 (sz=112, trace=131, nelems=48, elem type=char)
OBJ 8156948 (sz=16, trace=132, class=java.util.jar.Attributes@81425b8)
	map		8156968
OBJ 8156968 (sz=40, trace=133, class=java.util.HashMap@808bb90)
	table		8156988
ARR 8156988 (sz=24, trace=134, nelems=2, elem type=java.util.HashMap$Entry@808bc50)
	[0]		8156ac8
OBJ 81569a8 (sz=24, trace=135, class=java.util.HashMap$Entry@808bc50)
	value		8156948
	key		8156908
ARR 81569c8 (sz=24, trace=136, nelems=13, elem type=int)
OBJ 8156a08 (sz=24, trace=138, class=java.lang.String@808a868)
	value		8156a28
ARR 8156a28 (sz=72, trace=139, nelems=28, elem type=char)
OBJ 8156a48 (sz=16, trace=140, class=java.util.jar.Attributes$Name@8143ec8)
	name		8146f18
ARR 8156a68 (sz=40, trace=124, nelems=23, elem type=int)
OBJ 8156ac8 (sz=24, trace=128, class=java.util.HashMap$Entry@808bc50)
	value		8156a08
	key		8156a48
OBJ 8156ae8 (sz=24, trace=130, class=java.lang.String@808a868)
	value		8156b08
ARR 8156b08 (sz=112, trace=131, nelems=50, elem type=char)
OBJ 8156b28 (sz=16, trace=132, class=java.util.jar.Attributes@81425b8)
	map		8156b48
OBJ 8156b48 (sz=40, trace=133, class=java.util.HashMap@808bb90)
	table		8156b68
ARR 8156b68 (sz=24, trace=134, nelems=2, elem type=java.util.HashMap$Entry@808bc50)
	[0]		8156ca8
OBJ 8156b88 (sz=24, trace=135, class=java.util.HashMap$Entry@808bc50)
	value		8156b28
	key		8156ae8
ARR 8156ba8 (sz=24, trace=136, nelems=13, elem type=int)
OBJ 8156be8 (sz=24, trace=138, class=java.lang.String@808a868)
	value		8156c08
ARR 8156c08 (sz=72, trace=139, nelems=28, elem type=char)
OBJ 8156c28 (sz=16, trace=140, class=java.util.jar.Attributes$Name@8143ec8)
	name		8146f18
ARR 8156c48 (sz=40, trace=124, nelems=23, elem type=int)
OBJ 8156ca8 (sz=24, trace=128, class=java.util.HashMap$Entry@808bc50)
	value		8156be8
	key		8156c28
OBJ 8156cc8 (sz=24, trace=130, class=java.lang.String@808a868)
	value		8156ce8
ARR 8156ce8 (sz=96, trace=131, nelems=42, elem type=char)
OBJ 8156d08 (sz=16, trace=132, class=java.util.jar.Attributes@81425b8)
	map		8156d28
OBJ 8156d28 (sz=40, trace=133, class=java.util.HashMap@808bb90)
	table		8156d48
ARR 8156d48 (sz=24, trace=134, nelems=2, elem type=java.util.HashMap$Entry@808bc50)
	[0]		8156e88
OBJ 8156d68 (sz=24, trace=135, class=java.util.HashMap$Entry@808bc50)
	next		8156b88
	value		8156d08
	key		8156cc8
ARR 8156d88 (sz=24, trace=136, nelems=13, elem type=int)
OBJ 8156dc8 (sz=24, trace=138, class=java.lang.String@808a868)
	value		8156de8
ARR 8156de8 (sz=72, trace=139, nelems=28, elem type=char)
OBJ 8156e08 (sz=16, trace=140, class=java.util.jar.Attributes$Name@8143ec8)
	name		8146f18
ARR 8156e28 (sz=40, trace=124, nelems=23, elem type=int)
OBJ 8156e88 (sz=24, trace=128, class=java.util.HashMap$Entry@808bc50)
	value		8156dc8
	key		8156e08
OBJ 8156ea8 (sz=24, trace=130, class=java.lang.String@808a868)
	value		8156ec8
ARR 8156ec8 (sz=104, trace=131, nelems=46, elem type=char)
OBJ 8156ee8 (sz=16, trace=132, class=java.util.jar.Attributes@81425b8)
	map		8156f08
OBJ 8156f08 (sz=40, trace=133, class=java.util.HashMap@808bb90)
	table		8156f28
ARR 8156f28 (sz=24, trace=134, nelems=2, elem type=java.util.HashMap$Entry@808bc50)
	[0]		8157068
OBJ 8156f48 (sz=24, trace=135, class=java.util.HashMap$Entry@808bc50)
	value		8156ee8
	key		8156ea8
ARR 8156f68 (sz=24, trace=136, nelems=13, elem type=int)
OBJ 8156fa8 (sz=24, trace=138, class=java.lang.String@808a868)
	value		8156fc8
ARR 8156fc8 (sz=72, trace=139, nelems=28, elem type=char)
OBJ 8156fe8 (sz=16, trace=140, class=java.util.jar.Attributes$Name@8143ec8)
	name		8146f18
ARR 8157008 (sz=40, trace=124, nelems=23, elem type=int)
OBJ 8157068 (sz=24, trace=128, class=java.util.HashMap$Entry@808bc50)
	value		8156fa8
	key		8156fe8
OBJ 8157088 (sz=24, trace=130, class=java.lang.String@808a868)
	value		81570a8
ARR 81570a8 (sz=128, trace=131, nelems=57, elem type=char)
OBJ 81570c8 (sz=16, trace=132, class=java.util.jar.Attributes@81425b8)
	map		81570e8
OBJ 81570e8 (sz=40, trace=133, class=java.util.HashMap@808bb90)
	table		8157108
ARR 8157108 (sz=24, trace=134, nelems=2, elem type=java.util.HashMap$Entry@808bc50)
	[0]		8157248
OBJ 8157128 (sz=24, trace=135, class=java.util.HashMap$Entry@808bc50)
	next		8156f48
	value		81570c8
	key		8157088
ARR 8157148 (sz=24, trace=136, nelems=13, elem type=int)
OBJ 8157188 (sz=24, trace=138, class=java.lang.String@808a868)
	value		81571a8
ARR 81571a8 (sz=72, trace=139, nelems=28, elem type=char)
OBJ 81571c8 (sz=16, trace=140, class=java.util.jar.Attributes$Name@8143ec8)
	name		8146f18
ARR 81571e8 (sz=40, trace=124, nelems=23, elem type=int)
OBJ 8157248 (sz=24, trace=128, class=java.util.HashMap$Entry@808bc50)
	value		8157188
	key		81571c8
OBJ 8157268 (sz=24, trace=130, class=java.lang.String@808a868)
	value		8157288
ARR 8157288 (sz=112, trace=131, nelems=50, elem type=char)
OBJ 81572a8 (sz=16, trace=132, class=java.util.jar.Attributes@81425b8)
	map		81572c8
OBJ 81572c8 (sz=40, trace=133, class=java.util.HashMap@808bb90)
	table		81572e8
ARR 81572e8 (sz=24, trace=134, nelems=2, elem type=java.util.HashMap$Entry@808bc50)
	[0]		8157428
OBJ 8157308 (sz=24, trace=135, class=java.util.HashMap$Entry@808bc50)
	value		81572a8
	key		8157268
ARR 8157328 (sz=24, trace=136, nelems=13, elem type=int)
OBJ 8157368 (sz=24, trace=138, class=java.lang.String@808a868)
	value		8157388
ARR 8157388 (sz=72, trace=139, nelems=28, elem type=char)
OBJ 81573a8 (sz=16, trace=140, class=java.util.jar.Attributes$Name@8143ec8)
	name		8146f18
ARR 81573c8 (sz=40, trace=124, nelems=23, elem type=int)
OBJ 8157428 (sz=24, trace=128, class=java.util.HashMap$Entry@808bc50)
	value		8157368
	key		81573a8
OBJ 8157448 (sz=24, trace=130, class=java.lang.String@808a868)
	value		8157468
ARR 8157468 (sz=104, trace=131, nelems=46, elem type=char)
OBJ 8157488 (sz=16, trace=132, class=java.util.jar.Attributes@81425b8)
	map		81574a8
OBJ 81574a8 (sz=40, trace=133, class=java.util.HashMap@808bb90)
	table		81574c8
ARR 81574c8 (sz=24, trace=134, nelems=2, elem type=java.util.HashMap$Entry@808bc50)
	[0]		8157608
OBJ 81574e8 (sz=24, trace=135, class=java.util.HashMap$Entry@808bc50)
	next		8157308
	value		8157488
	key		8157448
ARR 8157508 (sz=24, trace=136, nelems=13, elem type=int)
OBJ 8157548 (sz=24, trace=138, class=java.lang.String@808a868)
	value		8157568
ARR 8157568 (sz=72, trace=139, nelems=28, elem type=char)
OBJ 8157588 (sz=16, trace=140, class=java.util.jar.Attributes$Name@8143ec8)
	name		8146f18
ARR 81575a8 (sz=40, trace=124, nelems=23, elem type=int)
OBJ 8157608 (sz=24, trace=128, class=java.util.HashMap$Entry@808bc50)
	value		8157548
	key		8157588
OBJ 8157628 (sz=24, trace=130, class=java.lang.String@808a868)
	value		8157648
ARR 8157648 (sz=96, trace=131, nelems=39, elem type=char)
OBJ 8157668 (sz=16, trace=132, class=java.util.jar.Attributes@81425b8)
	map		8157688
OBJ 8157688 (sz=40, trace=133, class=java.util.HashMap@808bb90)
	table		81576a8
ARR 81576a8 (sz=24, trace=134, nelems=2, elem type=java.util.HashMap$Entry@808bc50)
	[0]		81577e8
OBJ 81576c8 (sz=24, trace=135, class=java.util.HashMap$Entry@808bc50)
	value		8157668
	key		8157628
ARR 81576e8 (sz=24, trace=136, nelems=13, elem type=int)
OBJ 8157728 (sz=24, trace=138, class=java.lang.String@808a868)
	value		8157748
ARR 8157748 (sz=72, trace=139, nelems=28, elem type=char)
OBJ 8157768 (sz=16, trace=140, class=java.util.jar.Attributes$Name@8143ec8)
	name		8146f18
ARR 8157788 (sz=40, trace=124, nelems=23, elem type=int)
OBJ 81577e8 (sz=24, trace=128, class=java.util.HashMap$Entry@808bc50)
	value		8157728
	key		8157768
OBJ 8157808 (sz=24, trace=130, class=java.lang.String@808a868)
	value		8157828
ARR 8157828 (sz=88, trace=131, nelems=38, elem type=char)
OBJ 8157848 (sz=16, trace=132, class=java.util.jar.Attributes@81425b8)
	map		8157868
OBJ 8157868 (sz=40, trace=133, class=java.util.HashMap@808bb90)
	table		8157888
ARR 8157888 (sz=24, trace=134, nelems=2, elem type=java.util.HashMap$Entry@808bc50)
	[0]		81579c8
OBJ 81578a8 (sz=24, trace=135, class=java.util.HashMap$Entry@808bc50)
	value		8157848
	key		8157808
ARR 81578c8 (sz=24, trace=136, nelems=13, elem type=int)
OBJ 8157908 (sz=24, trace=138, class=java.lang.String@808a868)
	value		8157928
ARR 8157928 (sz=72, trace=139, nelems=28, elem type=char)
OBJ 8157948 (sz=16, trace=140, class=java.util.jar.Attributes$Name@8143ec8)
	name		8146f18
ARR 8157968 (sz=40, trace=124, nelems=23, elem type=int)
OBJ 81579c8 (sz=24, trace=128, class=java.util.HashMap$Entry@808bc50)
	value		8157908
	key		8157948
OBJ 81579e8 (sz=24, trace=130, class=java.lang.String@808a868)
	value		8157a08
ARR 8157a08 (sz=88, trace=131, nelems=38, elem type=char)
OBJ 8157a28 (sz=16, trace=132, class=java.util.jar.Attributes@81425b8)
	map		8157a48
OBJ 8157a48 (sz=40, trace=133, class=java.util.HashMap@808bb90)
	table		8157a68
ARR 8157a68 (sz=24, trace=134, nelems=2, elem type=java.util.HashMap$Entry@808bc50)
	[0]		8157ba8
OBJ 8157a88 (sz=24, trace=135, class=java.util.HashMap$Entry@808bc50)
	value		8157a28
	key		81579e8
ARR 8157aa8 (sz=24, trace=136, nelems=13, elem type=int)
OBJ 8157ae8 (sz=24, trace=138, class=java.lang.String@808a868)
	value		8157b08
ARR 8157b08 (sz=72, trace=139, nelems=28, elem type=char)
OBJ 8157b28 (sz=16, trace=140, class=java.util.jar.Attributes$Name@8143ec8)
	name		8146f18
ARR 8157b48 (sz=40, trace=124, nelems=23, elem type=int)
OBJ 8157ba8 (sz=24, trace=128, class=java.util.HashMap$Entry@808bc50)
	value		8157ae8
	key		8157b28
OBJ 8157bc8 (sz=24, trace=130, class=java.lang.String@808a868)
	value		8157be8
ARR 8157be8 (sz=88, trace=131, nelems=38, elem type=char)
OBJ 8157c08 (sz=16, trace=132, class=java.util.jar.Attributes@81425b8)
	map		8157c28
OBJ 8157c28 (sz=40, trace=133, class=java.util.HashMap@808bb90)
	table		8157c48
ARR 8157c48 (sz=24, trace=134, nelems=2, elem type=java.util.HashMap$Entry@808bc50)
	[0]		8157d88
OBJ 8157c68 (sz=24, trace=135, class=java.util.HashMap$Entry@808bc50)
	value		8157c08
	key		8157bc8
ARR 8157c88 (sz=24, trace=136, nelems=13, elem type=int)
OBJ 8157cc8 (sz=24, trace=138, class=java.lang.String@808a868)
	value		8157ce8
ARR 8157ce8 (sz=72, trace=139, nelems=28, elem type=char)
OBJ 8157d08 (sz=16, trace=140, class=java.util.jar.Attributes$Name@8143ec8)
	name		8146f18
ARR 8157d28 (sz=40, trace=124, nelems=23, elem type=int)
OBJ 8157d88 (sz=24, trace=128, class=java.util.HashMap$Entry@808bc50)
	value		8157cc8
	key		8157d08
OBJ 8158978 (sz=48, trace=144, class=java.util.jar.JarVerifier@8157fa0)
	manifestRawBytes	8120c40
	baos		8159620
	manifest	8141eb8
	pendingBlocks	8158e20
	sigFileData	8158cb0
	sigFileCerts	81589d0
	verifiedCerts	8158b60
OBJ 81589d0 (sz=40, trace=145, class=java.util.Hashtable@809b8d0)
	table		8158a88
ARR 8158a88 (sz=56, trace=146, nelems=11, elem type=java.util.Hashtable$Entry@808be30)
OBJ 8158b60 (sz=40, trace=147, class=java.util.Hashtable@809b8d0)
	table		8158c18
ARR 8158c18 (sz=56, trace=148, nelems=11, elem type=java.util.Hashtable$Entry@808be30)
OBJ 8158cb0 (sz=40, trace=149, class=java.util.Hashtable@809b8d0)
	table		8158d68
ARR 8158d68 (sz=56, trace=150, nelems=11, elem type=java.util.Hashtable$Entry@808be30)
OBJ 8158e20 (sz=24, trace=151, class=java.util.ArrayList@809b4b0)
	elementData	8158ed8
ARR 8158ed8 (sz=56, trace=152, nelems=10, elem type=java.lang.Object@808aef8)
OBJ 8159620 (sz=16, trace=153, class=java.io.ByteArrayOutputStream@8159148)
	buf		8159678
ARR 8159678 (sz=48, trace=154, nelems=32, elem type=byte)
ARR 8159718 (sz=32, trace=124, nelems=19, elem type=int)
OBJ 81597b0 (sz=24, trace=155, class=java.util.HashMap$Entry@808bc50)
	value		81165b0
	key		809dcd8
ARR 8159868 (sz=24, trace=156, nelems=45, elem type=int)
OBJ 8159968 (sz=32, trace=16, class=sun.misc.URLClassPath$JarLoader@8115b80)
	lmap		809e658
	handler		809e818
	csu		809e258
	jar		81ac748
	base		8159988
OBJ 8159988 (sz=56, trace=17, class=java.net.URL@809dc38)
	handler		809e818
	path		8159aa8
	authority	80a2830
	file		8159aa8
	host		80a2830
	protocol	80ac0b0
ARR 81599a8 (sz=24, trace=17, nelems=109, elem type=int)
ARR 8159a88 (sz=264, trace=25, nelems=124, elem type=char)
OBJ 8159aa8 (sz=24, trace=26, class=java.lang.String@808a868)
	value		8159a88
ARR 8159ac8 (sz=24, trace=27, nelems=41, elem type=int)
ARR 8159b48 (sz=152, trace=30, nelems=70, elem type=char)
OBJ 8159b68 (sz=24, trace=31, class=java.lang.String@808a868)
	value		8159b48
ARR 8159b88 (sz=16, trace=32, nelems=53, elem type=int)
OBJ 81ac748 (sz=48, trace=38, class=java.util.jar.JarFile@8119b58)
	jv		81b7f28
	manEntry	81accd0
	man		81b7ba8
	inflaters	81ac7a8
	name		8159b68
OBJ 81ac768 (sz=32, trace=56, class=java.lang.ref.Finalizer@809a710)
	prev		81acd90
	next		8136120
	queue		808b678
	referent	81ac748
ARR 81ac788 (sz=16, trace=57, nelems=1, elem type=int)
OBJ 81ac7a8 (sz=24, trace=58, class=java.util.Vector@808ae38)
	elementData	81ac7c8
ARR 81ac7c8 (sz=56, trace=59, nelems=10, elem type=java.lang.Object@808aef8)
	[0]		81acd70
ARR 81ac7e8 (sz=16, trace=60, nelems=151, elem type=int)
OBJ 81accd0 (sz=88, trace=76, class=java.util.jar.JarFile$JarFileEntry@81209a8)
	this$0		81ac748
	name		8119c28
ARR 81accf0 (sz=88, trace=77, nelems=71, elem type=byte)
ARR 81acd10 (sz=16, trace=78, nelems=21, elem type=int)
OBJ 81acd70 (sz=32, trace=84, class=java.util.zip.Inflater@8123448)
	buf		81b7b88
OBJ 81acd90 (sz=32, trace=87, class=java.lang.ref.Finalizer@809a710)
	prev		81b8448
	next		81ac768
	queue		808b678
	referent	81acd70
ARR 81acdb0 (sz=16, trace=88, nelems=1, elem type=int)
ARR 81b7b88 (sz=528, trace=90, nelems=512, elem type=byte)
OBJ 81b7ba8 (sz=16, trace=93, class=java.util.jar.Manifest@8141760)
	entries		81b7c48
	attr		81b7be8
ARR 81b7bc8 (sz=24, trace=93, nelems=3, elem type=int)
OBJ 81b7be8 (sz=16, trace=94, class=java.util.jar.Attributes@81425b8)
	map		81b7c08
OBJ 81b7c08 (sz=40, trace=95, class=java.util.HashMap@808bb90)
	table		81b7c28
ARR 81b7c28 (sz=80, trace=96, nelems=16, elem type=java.util.HashMap$Entry@808bc50)
	[10]		81b7de8
	[12]		81b7f08
OBJ 81b7c48 (sz=40, trace=97, class=java.util.HashMap@808bb90)
	table		81b7c68
ARR 81b7c68 (sz=80, trace=98, nelems=16, elem type=java.util.HashMap$Entry@808bc50)
ARR 81b7c88 (sz=24, trace=99, nelems=2205, elem type=int)
OBJ 81b7d28 (sz=24, trace=104, class=java.lang.String@808a868)
	value		81b7d48
ARR 81b7d48 (sz=24, trace=105, nelems=3, elem type=char)
OBJ 81b7d68 (sz=16, trace=106, class=java.util.jar.Attributes$Name@8143ec8)
	name		8144828
ARR 81b7d88 (sz=48, trace=124, nelems=27, elem type=int)
OBJ 81b7de8 (sz=24, trace=128, class=java.util.HashMap$Entry@808bc50)
	value		81b7d28
	key		81b7d68
ARR 81b7e08 (sz=24, trace=102, nelems=11, elem type=int)
OBJ 81b7e48 (sz=24, trace=104, class=java.lang.String@808a868)
	value		81b7e68
ARR 81b7e68 (sz=80, trace=105, nelems=32, elem type=char)
OBJ 81b7e88 (sz=16, trace=106, class=java.util.jar.Attributes$Name@8143ec8)
	name		8146730
ARR 81b7ea8 (sz=32, trace=124, nelems=19, elem type=int)
OBJ 81b7f08 (sz=24, trace=128, class=java.util.HashMap$Entry@808bc50)
	value		81b7e48
	key		81b7e88
OBJ 81b7f28 (sz=48, trace=144, class=java.util.jar.JarVerifier@8157fa0)
	manifestRawBytes	81accf0
	baos		81b8048
	manifest	81b7ba8
	pendingBlocks	81b8008
	sigFileData	81b7fc8
	sigFileCerts	81b7f48
	verifiedCerts	81b7f88
OBJ 81b7f48 (sz=40, trace=145, class=java.util.Hashtable@809b8d0)
	table		81b7f68
ARR 81b7f68 (sz=56, trace=146, nelems=11, elem type=java.util.Hashtable$Entry@808be30)
OBJ 81b7f88 (sz=40, trace=147, class=java.util.Hashtable@809b8d0)
	table		81b7fa8
ARR 81b7fa8 (sz=56, trace=148, nelems=11, elem type=java.util.Hashtable$Entry@808be30)
OBJ 81b7fc8 (sz=40, trace=149, class=java.util.Hashtable@809b8d0)
	table		81b7fe8
ARR 81b7fe8 (sz=56, trace=150, nelems=11, elem type=java.util.Hashtable$Entry@808be30)
OBJ 81b8008 (sz=24, trace=151, class=java.util.ArrayList@809b4b0)
	elementData	81b8028
ARR 81b8028 (sz=56, trace=152, nelems=10, elem type=java.lang.Object@808aef8)
OBJ 81b8048 (sz=16, trace=153, class=java.io.ByteArrayOutputStream@8159148)
	buf		81b8068
ARR 81b8068 (sz=48, trace=154, nelems=32, elem type=byte)
OBJ 81b8088 (sz=24, trace=155, class=java.util.HashMap$Entry@808bc50)
	value		8159968
	key		809e258
ARR 81b80a8 (sz=24, trace=156, nelems=45, elem type=int)
OBJ 81b8148 (sz=32, trace=16, class=sun.misc.URLClassPath$JarLoader@8115b80)
	lmap		809e658
	handler		809e818
	csu		809e2b8
	jar		81b8428
	base		81b8168
OBJ 81b8168 (sz=56, trace=17, class=java.net.URL@809dc38)
	handler		809e818
	path		81b8288
	authority	80a2830
	file		81b8288
	host		80a2830
	protocol	80ac0b0
ARR 81b8188 (sz=24, trace=17, nelems=113, elem type=int)
ARR 81b8268 (sz=280, trace=25, nelems=134, elem type=char)
OBJ 81b8288 (sz=24, trace=26, class=java.lang.String@808a868)
	value		81b8268
ARR 81b82a8 (sz=24, trace=27, nelems=41, elem type=int)
ARR 81b8328 (sz=152, trace=30, nelems=70, elem type=char)
OBJ 81b8348 (sz=24, trace=31, class=java.lang.String@808a868)
	value		81b8328
ARR 81b8368 (sz=16, trace=32, nelems=55, elem type=int)
OBJ 81b8428 (sz=48, trace=38, class=java.util.jar.JarFile@8119b58)
	jv		81c54c8
	manEntry	81ba270
	man		81c5148
	inflaters	81b8488
	name		81b8348
OBJ 81b8448 (sz=32, trace=56, class=java.lang.ref.Finalizer@809a710)
	prev		81ba330
	next		81acd90
	queue		808b678
	referent	81b8428
ARR 81b8468 (sz=16, trace=57, nelems=1, elem type=int)
OBJ 81b8488 (sz=24, trace=58, class=java.util.Vector@808ae38)
	elementData	81b84a8
ARR 81b84a8 (sz=56, trace=59, nelems=10, elem type=java.lang.Object@808aef8)
	[0]		81ba310
ARR 81b84c8 (sz=16, trace=60, nelems=155, elem type=int)
OBJ 81ba270 (sz=88, trace=76, class=java.util.jar.JarFile$JarFileEntry@81209a8)
	this$0		81b8428
	name		8119c28
ARR 81ba290 (sz=88, trace=77, nelems=71, elem type=byte)
ARR 81ba2b0 (sz=16, trace=78, nelems=21, elem type=int)
OBJ 81ba310 (sz=32, trace=84, class=java.util.zip.Inflater@8123448)
	buf		81c5128
OBJ 81ba330 (sz=32, trace=87, class=java.lang.ref.Finalizer@809a710)
	prev		81c59e8
	next		81b8448
	queue		808b678
	referent	81ba310
ARR 81ba350 (sz=16, trace=88, nelems=1, elem type=int)
ARR 81c5128 (sz=528, trace=90, nelems=512, elem type=byte)
OBJ 81c5148 (sz=16, trace=93, class=java.util.jar.Manifest@8141760)
	entries		81c51e8
	attr		81c5188
ARR 81c5168 (sz=24, trace=93, nelems=3, elem type=int)
OBJ 81c5188 (sz=16, trace=94, class=java.util.jar.Attributes@81425b8)
	map		81c51a8
OBJ 81c51a8 (sz=40, trace=95, class=java.util.HashMap@808bb90)
	table		81c51c8
ARR 81c51c8 (sz=80, trace=96, nelems=16, elem type=java.util.HashMap$Entry@808bc50)
	[10]		81c5388
	[12]		81c54a8
OBJ 81c51e8 (sz=40, trace=97, class=java.util.HashMap@808bb90)
	table		81c5208
ARR 81c5208 (sz=80, trace=98, nelems=16, elem type=java.util.HashMap$Entry@808bc50)
ARR 81c5228 (sz=24, trace=99, nelems=2205, elem type=int)
OBJ 81c52c8 (sz=24, trace=104, class=java.lang.String@808a868)
	value		81c52e8
ARR 81c52e8 (sz=24, trace=105, nelems=3, elem type=char)
OBJ 81c5308 (sz=16, trace=106, class=java.util.jar.Attributes$Name@8143ec8)
	name		8144828
ARR 81c5328 (sz=48, trace=124, nelems=27, elem type=int)
OBJ 81c5388 (sz=24, trace=128, class=java.util.HashMap$Entry@808bc50)
	value		81c52c8
	key		81c5308
ARR 81c53a8 (sz=24, trace=102, nelems=11, elem type=int)
OBJ 81c53e8 (sz=24, trace=104, class=java.lang.String@808a868)
	value		81c5408
ARR 81c5408 (sz=80, trace=105, nelems=32, elem type=char)
OBJ 81c5428 (sz=16, trace=106, class=java.util.jar.Attributes$Name@8143ec8)
	name		8146730
ARR 81c5448 (sz=32, trace=124, nelems=19, elem type=int)
OBJ 81c54a8 (sz=24, trace=128, class=java.util.HashMap$Entry@808bc50)
	value		81c53e8
	key		81c5428
OBJ 81c54c8 (sz=48, trace=144, class=java.util.jar.JarVerifier@8157fa0)
	manifestRawBytes	81ba290
	baos		81c55e8
	manifest	81c5148
	pendingBlocks	81c55a8
	sigFileData	81c5568
	sigFileCerts	81c54e8
	verifiedCerts	81c5528
OBJ 81c54e8 (sz=40, trace=145, class=java.util.Hashtable@809b8d0)
	table		81c5508
ARR 81c5508 (sz=56, trace=146, nelems=11, elem type=java.util.Hashtable$Entry@808be30)
OBJ 81c5528 (sz=40, trace=147, class=java.util.Hashtable@809b8d0)
	table		81c5548
ARR 81c5548 (sz=56, trace=148, nelems=11, elem type=java.util.Hashtable$Entry@808be30)
OBJ 81c5568 (sz=40, trace=149, class=java.util.Hashtable@809b8d0)
	table		81c5588
ARR 81c5588 (sz=56, trace=150, nelems=11, elem type=java.util.Hashtable$Entry@808be30)
OBJ 81c55a8 (sz=24, trace=151, class=java.util.ArrayList@809b4b0)
	elementData	81c55c8
ARR 81c55c8 (sz=56, trace=152, nelems=10, elem type=java.lang.Object@808aef8)
OBJ 81c55e8 (sz=16, trace=153, class=java.io.ByteArrayOutputStream@8159148)
	buf		81c5608
ARR 81c5608 (sz=48, trace=154, nelems=32, elem type=byte)
OBJ 81c5628 (sz=24, trace=155, class=java.util.HashMap$Entry@808bc50)
	value		81b8148
	key		809e2b8
ARR 81c5648 (sz=24, trace=156, nelems=45, elem type=int)
OBJ 81c56e8 (sz=32, trace=16, class=sun.misc.URLClassPath$JarLoader@8115b80)
	lmap		809e658
	handler		809e818
	csu		809e318
	jar		81c59c8
	base		81c5708
OBJ 81c5708 (sz=56, trace=17, class=java.net.URL@809dc38)
	handler		809e818
	path		81c5828
	authority	80a2830
	file		81c5828
	host		80a2830
	protocol	80ac0b0
ARR 81c5728 (sz=24, trace=17, nelems=113, elem type=int)
ARR 81c5808 (sz=272, trace=25, nelems=128, elem type=char)
OBJ 81c5828 (sz=24, trace=26, class=java.lang.String@808a868)
	value		81c5808
ARR 81c5848 (sz=24, trace=27, nelems=41, elem type=int)
ARR 81c58c8 (sz=152, trace=30, nelems=70, elem type=char)
OBJ 81c58e8 (sz=24, trace=31, class=java.lang.String@808a868)
	value		81c58c8
ARR 81c5908 (sz=16, trace=32, nelems=53, elem type=int)
OBJ 81c59c8 (sz=48, trace=38, class=java.util.jar.JarFile@8119b58)
	jv		81d1d00
	manEntry	81c63e8
	man		81d12c0
	inflaters	81c5a28
	name		81c58e8
OBJ 81c59e8 (sz=32, trace=56, class=java.lang.ref.Finalizer@809a710)
	prev		81c64a8
	next		81ba330
	queue		808b678
	referent	81c59c8
ARR 81c5a08 (sz=16, trace=57, nelems=1, elem type=int)
OBJ 81c5a28 (sz=24, trace=58, class=java.util.Vector@808ae38)
	elementData	81c5a48
ARR 81c5a48 (sz=56, trace=59, nelems=10, elem type=java.lang.Object@808aef8)
	[0]		81c6488
ARR 81c5a68 (sz=16, trace=60, nelems=151, elem type=int)
OBJ 81c63e8 (sz=88, trace=76, class=java.util.jar.JarFile$JarFileEntry@81209a8)
	this$0		81c59c8
	name		8119c28
ARR 81c6408 (sz=392, trace=77, nelems=376, elem type=byte)
ARR 81c6428 (sz=16, trace=78, nelems=21, elem type=int)
OBJ 81c6488 (sz=32, trace=84, class=java.util.zip.Inflater@8123448)
	buf		81d12a0
OBJ 81c64a8 (sz=32, trace=87, class=java.lang.ref.Finalizer@809a710)
	next		81c59e8
	queue		808b678
	referent	81c6488
ARR 81c64c8 (sz=16, trace=88, nelems=1, elem type=int)
ARR 81d12a0 (sz=528, trace=90, nelems=512, elem type=byte)
OBJ 81d12c0 (sz=16, trace=93, class=java.util.jar.Manifest@8141760)
	entries		81d1360
	attr		81d1300
ARR 81d12e0 (sz=24, trace=93, nelems=3, elem type=int)
OBJ 81d1300 (sz=16, trace=94, class=java.util.jar.Attributes@81425b8)
	map		81d1320
OBJ 81d1320 (sz=40, trace=95, class=java.util.HashMap@808bb90)
	table		81d1340
ARR 81d1340 (sz=80, trace=96, nelems=16, elem type=java.util.HashMap$Entry@808bc50)
	[2]		81d1ce0
	[3]		81d1bc0
	[10]		81d1500
	[12]		81d1aa0
	[13]		81d1980
	[14]		81d1740
OBJ 81d1360 (sz=40, trace=97, class=java.util.HashMap@808bb90)
	table		81d1380
ARR 81d1380 (sz=80, trace=98, nelems=16, elem type=java.util.HashMap$Entry@808bc50)
ARR 81d13a0 (sz=24, trace=99, nelems=2205, elem type=int)
OBJ 81d1440 (sz=24, trace=104, class=java.lang.String@808a868)
	value		81d1460
ARR 81d1460 (sz=24, trace=105, nelems=3, elem type=char)
OBJ 81d1480 (sz=16, trace=106, class=java.util.jar.Attributes$Name@8143ec8)
	name		8144828
ARR 81d14a0 (sz=48, trace=124, nelems=27, elem type=int)
OBJ 81d1500 (sz=24, trace=128, class=java.util.HashMap$Entry@808bc50)
	value		81d1440
	key		81d1480
ARR 81d1520 (sz=24, trace=102, nelems=17, elem type=int)
OBJ 81d1560 (sz=24, trace=104, class=java.lang.String@808a868)
	value		81d1580
ARR 81d1580 (sz=24, trace=105, nelems=5, elem type=char)
OBJ 81d15a0 (sz=16, trace=106, class=java.util.jar.Attributes$Name@8143ec8)
	name		8145f10
ARR 81d15c0 (sz=56, trace=124, nelems=31, elem type=int)
OBJ 81d1620 (sz=24, trace=128, class=java.util.HashMap$Entry@808bc50)
	value		81d1560
	key		81d15a0
ARR 81d1640 (sz=24, trace=102, nelems=17, elem type=int)
OBJ 81d1680 (sz=24, trace=104, class=java.lang.String@808a868)
	value		81d16a0
ARR 81d16a0 (sz=112, trace=105, nelems=48, elem type=char)
OBJ 81d16c0 (sz=16, trace=106, class=java.util.jar.Attributes$Name@8143ec8)
	name		8145da8
ARR 81d16e0 (sz=56, trace=124, nelems=31, elem type=int)
OBJ 81d1740 (sz=24, trace=128, class=java.util.HashMap$Entry@808bc50)
	next		81d1620
	value		81d1680
	key		81d16c0
ARR 81d1760 (sz=24, trace=102, nelems=17, elem type=int)
OBJ 81d17a0 (sz=24, trace=104, class=java.lang.String@808a868)
	value		81d17c0
ARR 81d17c0 (sz=40, trace=105, nelems=13, elem type=char)
OBJ 81d17e0 (sz=16, trace=106, class=java.util.jar.Attributes$Name@8143ec8)
	name		8145808
ARR 81d1800 (sz=56, trace=124, nelems=31, elem type=int)
OBJ 81d1860 (sz=24, trace=128, class=java.util.HashMap$Entry@808bc50)
	value		81d17a0
	key		81d17e0
ARR 81d1880 (sz=24, trace=102, nelems=17, elem type=int)
OBJ 81d18c0 (sz=24, trace=104, class=java.lang.String@808a868)
	value		81d18e0
ARR 81d18e0 (sz=112, trace=105, nelems=48, elem type=char)
OBJ 81d1900 (sz=16, trace=106, class=java.util.jar.Attributes$Name@8143ec8)
	name		81456a0
ARR 81d1920 (sz=56, trace=124, nelems=31, elem type=int)
OBJ 81d1980 (sz=24, trace=128, class=java.util.HashMap$Entry@808bc50)
	next		81d1860
	value		81d18c0
	key		81d1900
ARR 81d19a0 (sz=24, trace=102, nelems=11, elem type=int)
OBJ 81d19e0 (sz=24, trace=104, class=java.lang.String@808a868)
	value		81d1a00
ARR 81d1a00 (sz=80, trace=105, nelems=32, elem type=char)
OBJ 81d1a20 (sz=16, trace=106, class=java.util.jar.Attributes$Name@8143ec8)
	name		8146730
ARR 81d1a40 (sz=32, trace=124, nelems=19, elem type=int)
OBJ 81d1aa0 (sz=24, trace=128, class=java.util.HashMap$Entry@808bc50)
	value		81d19e0
	key		81d1a20
ARR 81d1ac0 (sz=24, trace=102, nelems=17, elem type=int)
OBJ 81d1b00 (sz=24, trace=104, class=java.lang.String@808a868)
	value		81d1b20
ARR 81d1b20 (sz=56, trace=105, nelems=22, elem type=char)
OBJ 81d1b40 (sz=16, trace=106, class=java.util.jar.Attributes$Name@8143ec8)
	name		8145970
ARR 81d1b60 (sz=56, trace=124, nelems=31, elem type=int)
OBJ 81d1bc0 (sz=24, trace=128, class=java.util.HashMap$Entry@808bc50)
	value		81d1b00
	key		81d1b40
ARR 81d1be0 (sz=24, trace=102, nelems=17, elem type=int)
OBJ 81d1c20 (sz=24, trace=104, class=java.lang.String@808a868)
	value		81d1c40
ARR 81d1c40 (sz=56, trace=105, nelems=22, elem type=char)
OBJ 81d1c60 (sz=16, trace=106, class=java.util.jar.Attributes$Name@8143ec8)
	name		8146078
ARR 81d1c80 (sz=56, trace=124, nelems=31, elem type=int)
OBJ 81d1ce0 (sz=24, trace=128, class=java.util.HashMap$Entry@808bc50)
	value		81d1c20
	key		81d1c60
OBJ 81d1d00 (sz=48, trace=144, class=java.util.jar.JarVerifier@8157fa0)
	manifestRawBytes	81c6408
	baos		81d1e20
	manifest	81d12c0
	pendingBlocks	81d1de0
	sigFileData	81d1da0
	sigFileCerts	81d1d20
	verifiedCerts	81d1d60
OBJ 81d1d20 (sz=40, trace=145, class=java.util.Hashtable@809b8d0)
	table		81d1d40
ARR 81d1d40 (sz=56, trace=146, nelems=11, elem type=java.util.Hashtable$Entry@808be30)
OBJ 81d1d60 (sz=40, trace=147, class=java.util.Hashtable@809b8d0)
	table		81d1d80
ARR 81d1d80 (sz=56, trace=148, nelems=11, elem type=java.util.Hashtable$Entry@808be30)
OBJ 81d1da0 (sz=40, trace=149, class=java.util.Hashtable@809b8d0)
	table		81d1dc0
ARR 81d1dc0 (sz=56, trace=150, nelems=11, elem type=java.util.Hashtable$Entry@808be30)
OBJ 81d1de0 (sz=24, trace=151, class=java.util.ArrayList@809b4b0)
	elementData	81d1e00
ARR 81d1e00 (sz=56, trace=152, nelems=10, elem type=java.lang.Object@808aef8)
OBJ 81d1e20 (sz=16, trace=153, class=java.io.ByteArrayOutputStream@8159148)
	buf		81d1e40
ARR 81d1e40 (sz=48, trace=154, nelems=32, elem type=byte)
OBJ 81d1e60 (sz=24, trace=155, class=java.util.HashMap$Entry@808bc50)
	next		81c5628
	value		81c56e8
	key		809e318
ARR 81d1e80 (sz=24, trace=156, nelems=237, elem type=int)
OBJ 81d2b48 (sz=16, trace=160, class=sun.misc.URLClassPath$FileLoader@81d2970)
	dir		81d2e40
	base		809e898
ARR 81d2ba0 (sz=24, trace=161, nelems=79, elem type=int)
OBJ 81d2e40 (sz=16, trace=165, class=java.io.File@809d888)
	path		81d3140
ARR 81d2ef8 (sz=24, trace=166, nelems=3, elem type=int)
ARR 81d2ff0 (sz=112, trace=167, nelems=47, elem type=char)
ARR 81d3088 (sz=24, trace=168, nelems=3, elem type=int)
OBJ 81d3140 (sz=24, trace=169, class=java.lang.String@808a868)
	value		81d2ff0
OBJ 81d31c0 (sz=24, trace=155, class=java.util.HashMap$Entry@808bc50)
	value		81d2b48
	key		809e898
ARR 81d3218 (sz=56, trace=170, nelems=281, elem type=int)
OBJ 81d40a8 (sz=16, trace=160, class=sun.misc.URLClassPath$FileLoader@81d2970)
	dir		81d4168
	base		809e8f8
ARR 81d40c8 (sz=24, trace=161, nelems=79, elem type=int)
OBJ 81d4168 (sz=16, trace=165, class=java.io.File@809d888)
	path		81d41e8
ARR 81d4188 (sz=24, trace=166, nelems=3, elem type=int)
ARR 81d41a8 (sz=88, trace=167, nelems=35, elem type=char)
ARR 81d41c8 (sz=24, trace=168, nelems=3, elem type=int)
OBJ 81d41e8 (sz=24, trace=169, class=java.lang.String@808a868)
	value		81d41a8
OBJ 81d4208 (sz=24, trace=155, class=java.util.HashMap$Entry@808bc50)
	value		81d40a8
	key		809e8f8
ARR 81d4228 (sz=56, trace=170, nelems=243, elem type=int)
OBJ 81d4e38 (sz=24, trace=188, class=java.lang.String@808a868)
	value		8114300
OBJ 81d6268 (sz=40, trace=190, class=java.util.HashMap@808bb90)
	table		81d6320
ARR 81d6320 (sz=144, trace=191, nelems=32, elem type=java.util.HashMap$Entry@808bc50)
OBJ 81d63b8 (sz=40, trace=192, class=java.util.HashMap@808bb90)
	table		81d6470
ARR 81d6470 (sz=80, trace=193, nelems=16, elem type=java.util.HashMap$Entry@808bc50)
OBJ 81d6508 (sz=40, trace=194, class=java.util.HashMap@808bb90)
	table		81d65c0
ARR 81d65c0 (sz=80, trace=195, nelems=16, elem type=java.util.HashMap$Entry@808bc50)
ARR 81d6658 (sz=48, trace=196, nelems=69, elem type=int)
OBJ 81d6958 (sz=40, trace=200, class=java.lang.Package@81d5198)
	pkgName		81d4e38
OBJ 81d6a30 (sz=24, trace=201, class=java.util.HashMap$Entry@808bc50)
	value		81d6958
	key		81d4e38
OBJ 81d6ae8 (sz=16, trace=202, class=java.io.FileInputStream@809a650)
	fd		81d6c78
OBJ 81d6be0 (sz=32, trace=203, class=java.lang.ref.Finalizer@809a710)
	prev		81d6be0
	next		81d6be0
	next		81d6be0
	queue		808b4b8
OBJ 81d6c78 (sz=16, trace=204, class=java.io.FileDescriptor@809a7d0)
ARR 81d6d30 (sz=16, trace=205, nelems=383, elem type=int)
OBJ 81d7808 (sz=24, trace=208, class=java.security.CodeSource@81d7248)
	location	809e8f8
OBJ 81d8458 (sz=24, trace=209, class=java.security.Permissions@81d7ef8)
	perms		81d84b0
OBJ 81d84b0 (sz=40, trace=210, class=java.util.Hashtable@809b8d0)
	table		81d8568
ARR 81d8568 (sz=56, trace=211, nelems=11, elem type=java.util.Hashtable$Entry@808be30)
	[3]		8203008
	[6]		8203028
ARR 81d8600 (sz=16, trace=212, nelems=123, elem type=int)
OBJ 81dbb50 (sz=40, trace=219, class=java.util.Hashtable@809b8d0)
	table		81dbc08
ARR 81dbc08 (sz=56, trace=220, nelems=11, elem type=java.util.Hashtable$Entry@808be30)
OBJ 81dc290 (sz=8, trace=221, class=java.net.UnknownContentHandler@81dc118)
ARR 81dc728 (sz=88, trace=218, nelems=129, elem type=int)
ARR 81de4c8 (sz=48, trace=235, nelems=16, elem type=char)
OBJ 81de560 (sz=24, trace=236, class=java.lang.String@808a868)
	value		81de4c8
ARR 81de5f8 (sz=24, trace=237, nelems=3, elem type=int)
ARR 81de6b0 (sz=48, trace=238, nelems=16, elem type=char)
OBJ 81de748 (sz=24, trace=239, class=java.lang.String@808a868)
	value		81de6b0
ARR 81de7e0 (sz=32, trace=233, nelems=205, elem type=int)
ARR 81df448 (sz=160, trace=248, nelems=72, elem type=char)
OBJ 81df4a0 (sz=24, trace=249, class=java.lang.String@808a868)
	value		81df448
OBJ 81df538 (sz=32, trace=250, class=java.io.FilePermission@81dd968)
	cpath		8203070
	name		81df4a0
ARR 81df5f0 (sz=24, trace=251, nelems=70, elem type=char)
OBJ 8203070 (sz=24, trace=0, class=java.lang.String@808a868)
	value		81df5f0
ARR 82030c8 (sz=16, trace=0, nelems=0, elem type=java.lang.Class@808a758)
ARR 81df800 (sz=24, trace=168, nelems=1, elem type=java.lang.Class@808a758)
	[0]		808a868
ARR 82030e8 (sz=24, trace=0, nelems=2, elem type=java.lang.Class@808a758)
	[0]		808a868
	[1]		808a868
OBJ 8203140 (sz=16, trace=0, class=java.io.FilePermissionCollection@81e0d80)
	permissions	8203198
OBJ 8203198 (sz=24, trace=0, class=java.util.Vector@808ae38)
	elementData	82031b8
ARR 82031b8 (sz=56, trace=0, nelems=10, elem type=java.lang.Object@808aef8)
	[0]		81df538
OBJ 8203028 (sz=24, trace=0, class=java.util.Hashtable$Entry@808be30)
	value		8203140
	key		81dd968
OBJ 81df8a0 (sz=48, trace=36, class=java.lang.RuntimePermission@808b0d8)
	path		81e1340
	name		81e1340
OBJ 8203210 (sz=24, trace=0, class=java.security.BasicPermissionCollection@81e1580)
	permClass	808b0d8
	permissions	81df8e8
OBJ 81df8e8 (sz=48, trace=245, class=java.util.Hashtable@809b8d0)
	table		8203268
ARR 8203268 (sz=56, trace=0, nelems=11, elem type=java.util.Hashtable$Entry@808be30)
	[8]		8203288
OBJ 8203008 (sz=24, trace=0, class=java.util.Hashtable$Entry@808be30)
	value		8203210
	key		808b0d8
OBJ 8203288 (sz=24, trace=0, class=java.util.Hashtable$Entry@808be30)
	value		81df8a0
	key		81e1340
OBJ 82032e0 (sz=32, trace=0, class=java.security.ProtectionDomain@809f9f0)
	permissions	81d8458
	principals	8203338
	classloader	809e9b8
	codesource	81d7808
ARR 8203338 (sz=16, trace=0, nelems=0, elem type=java.security.Principal@81e1da0)
OBJ 8202fe8 (sz=24, trace=0, class=java.util.HashMap$Entry@808bc50)
	value		82032e0
	key		81d7808
OBJ 81df988 (sz=48, trace=54, class=java.lang.String@808a868)
	value		8114300
ARR 8112818 (sz=16, trace=0, nelems=0, elem type=java.security.cert.Certificate@81e2540)
OBJ 81128b0 (sz=24, trace=0, class=java.util.Hashtable$Entry@808be30)
	value		8112818
	key		81df988
OBJ 8202f88 (sz=24, trace=0, class=java.util.HashMap$Entry@808bc50)
	value		809bdf0
	key		82032e0
ARR 8203390 (sz=80, trace=0, nelems=32, elem type=char)
OBJ 82033b0 (sz=24, trace=0, class=java.lang.String@808a868)
	value		8203390
OBJ 8203408 (sz=40, trace=0, class=java.lang.Package@81d5198)
	pkgName		82033b0
OBJ 8202fa8 (sz=24, trace=0, class=java.util.HashMap$Entry@808bc50)
	value		8203408
	key		82033b0
OBJ 8203460 (sz=16, trace=0, class=java.io.FileInputStream@809a650)
	fd		82034b8
OBJ 8203510 (sz=32, trace=0, class=java.lang.ref.Finalizer@809a710)
	prev		8203510
	next		8203510
	next		8203510
	queue		808b4b8
OBJ 82034b8 (sz=16, trace=0, class=java.io.FileDescriptor@809a7d0)
OBJ 8203530 (sz=24, trace=0, class=java.lang.String@808a868)
	value		8203390
OBJ 8112870 (sz=24, trace=0, class=java.util.Hashtable$Entry@808be30)
	value		8112818
	key		8203530
ARR 8203550 (sz=64, trace=0, nelems=23, elem type=char)
OBJ 81e0f90 (sz=16, trace=264, class=java.lang.String@808a868)
	value		8203550
OBJ 8203570 (sz=40, trace=0, class=java.lang.Package@81d5198)
	pkgName		81e0f90
OBJ 8202fc8 (sz=24, trace=0, class=java.util.HashMap$Entry@808bc50)
	value		8203570
	key		81e0f90
OBJ 8203590 (sz=16, trace=0, class=java.io.FileInputStream@809a650)
	fd		82035b0
OBJ 82035d0 (sz=32, trace=0, class=java.lang.ref.Finalizer@809a710)
	prev		82035d0
	next		82035d0
	next		82035d0
	queue		808b4b8
OBJ 82035b0 (sz=16, trace=0, class=java.io.FileDescriptor@809a7d0)
OBJ 82035f0 (sz=24, trace=0, class=java.lang.String@808a868)
	value		8203550
OBJ 8112890 (sz=24, trace=0, class=java.util.Hashtable$Entry@808be30)
	value		8112818
	key		82035f0
OBJ 8203610 (sz=16, trace=0, class=java.io.FileInputStream@809a650)
	fd		8203630
OBJ 8203650 (sz=32, trace=0, class=java.lang.ref.Finalizer@809a710)
	prev		8203650
	next		8203650
	next		8203650
	queue		808b4b8
OBJ 8203630 (sz=16, trace=0, class=java.io.FileDescriptor@809a7d0)
OBJ 81e1a00 (sz=24, trace=272, class=java.io.FileInputStream@809a650)
	fd		81e1b70
OBJ 8203670 (sz=32, trace=0, class=java.lang.ref.Finalizer@809a710)
	prev		8203670
	next		8203670
	next		8203670
	queue		808b4b8
OBJ 81e1b70 (sz=32, trace=274, class=java.io.FileDescriptor@809a7d0)
OBJ 8203690 (sz=16, trace=0, class=java.io.FileInputStream@809a650)
	fd		82036b0
OBJ 81e1ff0 (sz=16, trace=275, class=java.lang.ref.Finalizer@809a710)
	prev		81e1ff0
	next		81e1ff0
	next		81e1ff0
	queue		808b4b8
OBJ 82036b0 (sz=16, trace=0, class=java.io.FileDescriptor@809a7d0)
ARR 82036d0 (sz=24, trace=0, nelems=2, elem type=java.lang.Object@808aef8)
	[0]		808c870
	[1]		8099258
OBJ 82036f0 (sz=16, trace=0, class=java.io.FileInputStream@809a650)
	fd		8203710
OBJ 8203730 (sz=32, trace=0, class=java.lang.ref.Finalizer@809a710)
	prev		8203730
	next		8203730
	next		8203730
	queue		808b4b8
OBJ 8203710 (sz=16, trace=0, class=java.io.FileDescriptor@809a7d0)
OBJ 8203750 (sz=16, trace=0, class=java.io.FileInputStream@809a650)
	fd		8203770
OBJ 81e32a0 (sz=24, trace=281, class=java.lang.ref.Finalizer@809a710)
	prev		81e32a0
	next		81e32a0
	next		81e32a0
	queue		808b4b8
OBJ 8203770 (sz=16, trace=0, class=java.io.FileDescriptor@809a7d0)
OBJ 8203790 (sz=16, trace=0, class=java.io.FileInputStream@809a650)
	fd		81e3300
OBJ 82037b0 (sz=32, trace=0, class=java.lang.ref.Finalizer@809a710)
	prev		82037b0
	next		82037b0
	next		82037b0
	queue		808b4b8
OBJ 81e3300 (sz=48, trace=4, class=java.io.FileDescriptor@809a7d0)
OBJ 82037d0 (sz=16, trace=0, class=java.io.FileInputStream@809a650)
	fd		82037f0
OBJ 8203810 (sz=32, trace=0, class=java.lang.ref.Finalizer@809a710)
	prev		8203810
	next		8203810
	next		8203810
	queue		808b4b8
OBJ 82037f0 (sz=16, trace=0, class=java.io.FileDescriptor@809a7d0)
OBJ 8203830 (sz=16, trace=0, class=java.io.FileInputStream@809a650)
	fd		8203850
OBJ 8203870 (sz=32, trace=0, class=java.lang.ref.Finalizer@809a710)
	prev		8203870
	next		8203870
	next		8203870
	queue		808b4b8
OBJ 8203850 (sz=16, trace=0, class=java.io.FileDescriptor@809a7d0)
ARR 81e33b8 (sz=24, trace=282, nelems=6, elem type=java.lang.Object@808aef8)
	[0]		82038c8
	[1]		82038e8
	[2]		8203908
	[3]		8203928
	[4]		8203948
	[5]		8203968
ARR 8203988 (sz=32, trace=0, nelems=4, elem type=java.lang.Object@808aef8)
	[0]		82039e0
	[1]		8203a00
	[2]		8203a20
	[3]		8203a40
ARR 8203a60 (sz=32, trace=0, nelems=4, elem type=java.lang.Object@808aef8)
	[0]		81e5488
	[1]		8203a80
	[2]		8203aa0
	[3]		8203ac0
ARR 81e5488 (sz=56, trace=1, nelems=3, elem type=int)
ARR 8203a80 (sz=24, trace=0, nelems=3, elem type=int)
ARR 8203aa0 (sz=24, trace=0, nelems=3, elem type=int)
ARR 8203ac0 (sz=24, trace=0, nelems=3, elem type=int)
ARR 82039e0 (sz=24, trace=0, nelems=3, elem type=int)
ARR 8203a00 (sz=24, trace=0, nelems=3, elem type=int)
ARR 8203a20 (sz=24, trace=0, nelems=3, elem type=int)
ARR 8203a40 (sz=24, trace=0, nelems=3, elem type=int)
ARR 82038c8 (sz=40, trace=0, nelems=3, elem type=long)
ARR 82038e8 (sz=40, trace=0, nelems=3, elem type=long)
ARR 8203908 (sz=40, trace=0, nelems=3, elem type=long)
ARR 8203928 (sz=40, trace=0, nelems=3, elem type=long)
ARR 8203948 (sz=40, trace=0, nelems=3, elem type=long)
ARR 8203968 (sz=40, trace=0, nelems=3, elem type=long)
OBJ 8203ae0 (sz=16, trace=0, class=java.io.FileInputStream@809a650)
	fd		81e5648
OBJ 8203b00 (sz=32, trace=0, class=java.lang.ref.Finalizer@809a710)
	prev		8203b00
	next		8203b00
	next		8203b00
	queue		808b4b8
OBJ 81e5648 (sz=56, trace=5, class=java.io.FileDescriptor@809a7d0)
ARR 8111ae8 (sz=96, trace=0, nelems=20, elem type=java.lang.Object@808aef8)
	[0]		81e3550
	[1]		81e6e88
	[2]		81e4780
	[3]		81e7b88
	[4]		81eb6c8
	[5]		81e94e0
	[6]		81f9460
	[7]		81f9108
	[8]		81f58f0
	[9]		81f22b0
	[10]		81ec9a8
	[11]		81ece60
ARR 8203b58 (sz=48, trace=0, nelems=8, elem type=edu.jhu.htm.core.Base@81ec9a8)
	[0]		81e5ec8
	[1]		8203bb0
	[2]		8203bd0
	[3]		8203bf0
	[4]		81e5f28
	[5]		8203c10
	[6]		8203c30
	[7]		8203c50
OBJ 81e5ec8 (sz=24, trace=1, class=edu.jhu.htm.core.Base@81ec9a8)
	name		81f00e8
OBJ 8203bb0 (sz=32, trace=0, class=edu.jhu.htm.core.Base@81ec9a8)
	name		81f0148
OBJ 8203bd0 (sz=32, trace=0, class=edu.jhu.htm.core.Base@81ec9a8)
	name		81f01a8
OBJ 8203bf0 (sz=32, trace=0, class=edu.jhu.htm.core.Base@81ec9a8)
	name		81f0208
OBJ 81e5f28 (sz=80, trace=4, class=edu.jhu.htm.core.Base@81ec9a8)
	name		81f0268
OBJ 8203c10 (sz=32, trace=0, class=edu.jhu.htm.core.Base@81ec9a8)
	name		81f02c8
OBJ 8203c30 (sz=32, trace=0, class=edu.jhu.htm.core.Base@81ec9a8)
	name		81f0328
OBJ 8203c50 (sz=32, trace=0, class=edu.jhu.htm.core.Base@81ec9a8)
	name		81f0388
OBJ 8203c70 (sz=16, trace=0, class=java.io.FileInputStream@809a650)
	fd		8203c90
OBJ 8203cb0 (sz=32, trace=0, class=java.lang.ref.Finalizer@809a710)
	prev		8203cb0
	next		8203cb0
	next		8203cb0
	queue		808b4b8
OBJ 8203c90 (sz=16, trace=0, class=java.io.FileDescriptor@809a7d0)
ARR 8203cd0 (sz=200, trace=0, nelems=23, elem type=long)
ARR 8203d28 (sz=56, trace=0, nelems=11, elem type=float)
ARR 8203d48 (sz=56, trace=0, nelems=5, elem type=long)
ARR 8203d68 (sz=56, trace=0, nelems=5, elem type=long)
ARR 8203d88 (sz=72, trace=0, nelems=14, elem type=int)
ARR 8203de0 (sz=232, trace=0, nelems=27, elem type=long)
ARR 8203e00 (sz=120, trace=0, nelems=27, elem type=int)
ARR 81e6168 (sz=168, trace=68, nelems=8, elem type=char)
ARR 8203e20 (sz=24, trace=0, nelems=3, elem type=char)
ARR 8203e40 (sz=32, trace=0, nelems=8, elem type=char)
ARR 8203e98 (sz=80, trace=0, nelems=17, elem type=java.lang.FDBigInt@81febd8)
	[0]		8203ef0
	[16]		81e6188
OBJ 81e6188 (sz=24, trace=69, class=java.lang.FDBigInt@81febd8)
	data		8203f10
ARR 8203f10 (sz=24, trace=0, nelems=2, elem type=int)
OBJ 8203ef0 (sz=16, trace=0, class=java.lang.FDBigInt@81febd8)
	data		8203f30
ARR 8203f30 (sz=16, trace=0, nelems=1, elem type=int)
OBJ 8113240 (sz=72, trace=0, class=java.lang.Thread@808ab90)
	inheritedAccessControlContext	8203f88
	group		808aae8
	name		8203fa8
ARR 8203fa8 (sz=32, trace=0, nelems=8, elem type=char)
OBJ 8203f88 (sz=24, trace=0, class=java.security.AccessControlContext@808ac90)
ARR 809ecd8 (sz=16, trace=1, nelems=0, elem type=short)
ARR 809ecf8 (sz=16, trace=1, nelems=0, elem type=int)
ARR 809ed58 (sz=88, trace=1, nelems=76, elem type=byte)
ARR 809ed78 (sz=16, trace=1, nelems=0, elem type=short)
ARR 809edb8 (sz=336, trace=1, nelems=317, elem type=byte)
ARR 809edf8 (sz=24, trace=1, nelems=7, elem type=byte)
ARR 809ee18 (sz=16, trace=1, nelems=0, elem type=short)
ARR 809ee38 (sz=24, trace=1, nelems=9, elem type=byte)
ARR 809ee58 (sz=16, trace=1, nelems=0, elem type=short)
ARR 809ee98 (sz=32, trace=1, nelems=15, elem type=byte)
ARR 809eeb8 (sz=16, trace=1, nelems=0, elem type=short)
ARR 809eef8 (sz=96, trace=1, nelems=42, elem type=short)
ARR 809ef38 (sz=48, trace=1, nelems=8, elem type=int)
ARR 809ef58 (sz=32, trace=1, nelems=8, elem type=short)
ARR 809ef78 (sz=592, trace=1, nelems=580, elem type=byte)
ARR 809efb8 (sz=232, trace=1, nelems=108, elem type=short)
ARR 809eff8 (sz=48, trace=1, nelems=8, elem type=int)
ARR 809f018 (sz=48, trace=1, nelems=8, elem type=int)
ARR 809f038 (sz=32, trace=1, nelems=4, elem type=int)
ARR 809f058 (sz=48, trace=1, nelems=16, elem type=short)
CLS 808aef8 (name=java.lang.Object, trace=1)
CLS 809f310 (name=java.io.Serializable, trace=1)
	super		808aef8
CLS 809f330 (name=java.lang.Comparable, trace=1)
	super		808aef8
CLS 809f350 (name=java.lang.CharSequence, trace=1)
	super		808aef8
CLS 808a868 (name=java.lang.String, trace=1)
	super		808aef8
	static CASE_INSENSITIVE_ORDER	808aa28
	static serialPersistentFields	808a988
CLS 808a758 (name=java.lang.Class, trace=1)
	super		808aef8
	static class$java$lang$Class	808a758
	static reflectionFactory	808b238
	static serialPersistentFields	808ba50
ARR 809f370 (sz=24, trace=1, nelems=7, elem type=byte)
ARR 809f390 (sz=16, trace=1, nelems=0, elem type=short)
CLS 809f3b0 (name=java.lang.Cloneable, trace=1)
	super		808aef8
ARR 809f3d0 (sz=680, trace=1, nelems=668, elem type=byte)
ARR 809f3f0 (sz=264, trace=1, nelems=126, elem type=short)
ARR 809f430 (sz=32, trace=1, nelems=4, elem type=int)
ARR 809f450 (sz=48, trace=1, nelems=8, elem type=int)
ARR 809f470 (sz=32, trace=1, nelems=4, elem type=int)
ARR 809f490 (sz=32, trace=1, nelems=4, elem type=int)
ARR 809f4b0 (sz=32, trace=1, nelems=4, elem type=int)
ARR 809f4d0 (sz=48, trace=1, nelems=8, elem type=int)
ARR 809f4f0 (sz=48, trace=1, nelems=8, elem type=int)
ARR 809f510 (sz=48, trace=1, nelems=8, elem type=int)
ARR 809f530 (sz=208, trace=1, nelems=48, elem type=int)
ARR 809f550 (sz=64, trace=1, nelems=12, elem type=int)
CLS 809f570 (name=java.lang.ClassLoader, trace=1)
	super		808aef8
	static sys_paths	809d468
	static usr_paths	809d3e8
	static nativeLibraryContext	808b098
	static systemNativeLibraries	808afb8
	static loadedLibraryNames	808aed8
	static scl	809e9b8
ARR 809f590 (sz=48, trace=1, nelems=16, elem type=short)
ARR 809f5b0 (sz=304, trace=1, nelems=289, elem type=byte)
ARR 809f5d0 (sz=72, trace=1, nelems=30, elem type=short)
ARR 809f610 (sz=32, trace=1, nelems=4, elem type=int)
ARR 809f630 (sz=32, trace=1, nelems=4, elem type=int)
CLS 809f650 (name=java.lang.System, trace=1)
	super		808aef8
	static props	808ba30
	static err	809b250
	static out	809ab70
	static in	809aa90
ARR 809f670 (sz=24, trace=1, nelems=4, elem type=short)
ARR 809f690 (sz=192, trace=1, nelems=173, elem type=byte)
ARR 809f6d0 (sz=72, trace=1, nelems=30, elem type=short)
ARR 809f710 (sz=48, trace=1, nelems=8, elem type=int)
ARR 809f730 (sz=48, trace=1, nelems=8, elem type=int)
CLS 809f750 (name=java.lang.Throwable, trace=1)
	super		808aef8
ARR 809f770 (sz=40, trace=1, nelems=27, elem type=byte)
ARR 809f790 (sz=24, trace=1, nelems=6, elem type=short)
CLS 809f7d0 (name=java.lang.Error, trace=1)
	super		809f750
ARR 809f7f0 (sz=32, trace=1, nelems=13, elem type=byte)
ARR 809f810 (sz=16, trace=1, nelems=0, elem type=short)
CLS 809f850 (name=java.lang.ThreadDeath, trace=1)
	super		809f7d0
ARR 809f870 (sz=40, trace=1, nelems=27, elem type=byte)
ARR 809f890 (sz=24, trace=1, nelems=6, elem type=short)
CLS 809f8d0 (name=java.lang.Exception, trace=1)
	super		809f750
ARR 809f8f0 (sz=40, trace=1, nelems=27, elem type=byte)
ARR 809f910 (sz=24, trace=1, nelems=6, elem type=short)
CLS 809f950 (name=java.lang.RuntimeException, trace=1)
	super		809f8d0
ARR 809f970 (sz=232, trace=1, nelems=213, elem type=byte)
ARR 809f990 (sz=72, trace=1, nelems=30, elem type=short)
ARR 809f9d0 (sz=32, trace=1, nelems=4, elem type=int)
CLS 809f9f0 (name=java.security.ProtectionDomain, trace=1)
	super		808aef8
ARR 809fa10 (sz=24, trace=1, nelems=4, elem type=short)
ARR 809fa30 (sz=240, trace=1, nelems=227, elem type=byte)
ARR 809fa50 (sz=88, trace=1, nelems=36, elem type=short)
CLS 808ac90 (name=java.security.AccessControlContext, trace=1)
	super		808aef8
ARR 809fa90 (sz=24, trace=1, nelems=4, elem type=short)
ARR 809fab0 (sz=48, trace=1, nelems=32, elem type=byte)
ARR 809fad0 (sz=40, trace=1, nelems=12, elem type=short)
CLS 809fb10 (name=java.lang.ClassNotFoundException, trace=1)
	super		809f8d0
ARR 809fb30 (sz=32, trace=1, nelems=16, elem type=byte)
ARR 809fb50 (sz=32, trace=1, nelems=16, elem type=byte)
ARR 809fb70 (sz=16, trace=1, nelems=0, elem type=short)
CLS 809fbb0 (name=java.lang.LinkageError, trace=1)
	super		809f7d0
ARR 809fbd0 (sz=16, trace=1, nelems=0, elem type=short)
CLS 809fc10 (name=java.lang.NoClassDefFoundError, trace=1)
	super		809fbb0
ARR 809fc30 (sz=32, trace=1, nelems=16, elem type=byte)
ARR 809fc50 (sz=16, trace=1, nelems=0, elem type=short)
CLS 809fc90 (name=java.lang.ClassCastException, trace=1)
	super		809f950
ARR 809fcb0 (sz=32, trace=1, nelems=16, elem type=byte)
ARR 809fcd0 (sz=16, trace=1, nelems=0, elem type=short)
CLS 809fd10 (name=java.lang.ArrayStoreException, trace=1)
	super		809f950
ARR 809fd30 (sz=32, trace=1, nelems=16, elem type=byte)
ARR 809fd50 (sz=32, trace=1, nelems=16, elem type=byte)
ARR 809fd70 (sz=16, trace=1, nelems=0, elem type=short)
CLS 809fdb0 (name=java.lang.VirtualMachineError, trace=1)
	super		809f7d0
ARR 809fdd0 (sz=16, trace=1, nelems=0, elem type=short)
CLS 809fe10 (name=java.lang.OutOfMemoryError, trace=1)
	super		809fdb0
ARR 809fe30 (sz=32, trace=1, nelems=16, elem type=byte)
ARR 809fe50 (sz=16, trace=1, nelems=0, elem type=short)
CLS 809fe90 (name=java.lang.StackOverflowError, trace=1)
	super		809fdb0
ARR 809feb0 (sz=120, trace=1, nelems=103, elem type=byte)
ARR 809fed0 (sz=88, trace=1, nelems=36, elem type=short)
ARR 809ff10 (sz=48, trace=1, nelems=8, elem type=int)
CLS 809ff30 (name=java.lang.ref.Reference, trace=1)
	super		808aef8
	static lock	808b2f8
ARR 809ff50 (sz=40, trace=1, nelems=12, elem type=short)
ARR 809ff70 (sz=40, trace=1, nelems=27, elem type=byte)
ARR 809ff90 (sz=40, trace=1, nelems=12, elem type=short)
CLS 808cfa8 (name=java.lang.ref.SoftReference, trace=1)
	super		809ff30
ARR 809ffd0 (sz=32, trace=1, nelems=16, elem type=byte)
ARR 809fff0 (sz=16, trace=1, nelems=0, elem type=short)
CLS 809af10 (name=java.lang.ref.WeakReference, trace=1)
	super		809ff30
ARR 80a0030 (sz=32, trace=1, nelems=13, elem type=byte)
ARR 80a0050 (sz=16, trace=1, nelems=0, elem type=short)
CLS 80a0090 (name=java.lang.ref.FinalReference, trace=1)
	super		809ff30
ARR 80a00b0 (sz=32, trace=1, nelems=15, elem type=byte)
ARR 80a00d0 (sz=16, trace=1, nelems=0, elem type=short)
CLS 80a0110 (name=java.lang.ref.PhantomReference, trace=1)
	super		809ff30
ARR 80a0130 (sz=152, trace=1, nelems=137, elem type=byte)
ARR 80a0150 (sz=72, trace=1, nelems=30, elem type=short)
ARR 80a0190 (sz=48, trace=1, nelems=8, elem type=int)
ARR 80a01b0 (sz=48, trace=1, nelems=8, elem type=int)
ARR 80a01d0 (sz=80, trace=1, nelems=16, elem type=int)
CLS 809a710 (name=java.lang.ref.Finalizer, trace=1)
	super		80a0090
	static lock	808b6f0
	static unfinalized	81c64a8
	static queue	808b678
ARR 80a01f0 (sz=48, trace=1, nelems=16, elem type=short)
ARR 80a0210 (sz=344, trace=1, nelems=329, elem type=byte)
ARR 80a0250 (sz=24, trace=1, nelems=9, elem type=byte)
ARR 80a0270 (sz=16, trace=1, nelems=0, elem type=short)
CLS 80a02b0 (name=java.lang.Runnable, trace=1)
	super		808aef8
ARR 80a02d0 (sz=256, trace=1, nelems=120, elem type=short)
ARR 80a0310 (sz=64, trace=1, nelems=12, elem type=int)
CLS 808ab90 (name=java.lang.Thread, trace=1)
	super		808aef8
ARR 80a0330 (sz=24, trace=1, nelems=4, elem type=short)
ARR 80a0350 (sz=240, trace=1, nelems=225, elem type=byte)
ARR 80a0370 (sz=136, trace=1, nelems=60, elem type=short)
ARR 80a03b0 (sz=48, trace=1, nelems=8, elem type=int)
ARR 80a03d0 (sz=64, trace=1, nelems=12, elem type=int)
ARR 80a03f0 (sz=64, trace=1, nelems=12, elem type=int)
ARR 80a0410 (sz=64, trace=1, nelems=12, elem type=int)
ARR 80a0430 (sz=64, trace=1, nelems=12, elem type=int)
ARR 80a0450 (sz=48, trace=1, nelems=8, elem type=int)
ARR 80a0470 (sz=48, trace=1, nelems=8, elem type=int)
ARR 80a0490 (sz=48, trace=1, nelems=8, elem type=int)
ARR 80a04b0 (sz=48, trace=1, nelems=8, elem type=int)
ARR 80a04d0 (sz=48, trace=1, nelems=8, elem type=int)
ARR 80a04f0 (sz=64, trace=1, nelems=12, elem type=int)
ARR 80a0510 (sz=48, trace=1, nelems=8, elem type=int)
ARR 80a0530 (sz=64, trace=1, nelems=12, elem type=int)
ARR 80a0550 (sz=48, trace=1, nelems=8, elem type=int)
CLS 808aa48 (name=java.lang.ThreadGroup, trace=1)
	super		808aef8
ARR 80a0570 (sz=232, trace=1, nelems=213, elem type=byte)
ARR 80a0590 (sz=336, trace=1, nelems=319, elem type=byte)
ARR 80a05b0 (sz=40, trace=1, nelems=25, elem type=byte)
ARR 80a05d0 (sz=16, trace=1, nelems=0, elem type=short)
CLS 80a0610 (name=java.util.Dictionary, trace=1)
	super		808aef8
ARR 80a0650 (sz=48, trace=1, nelems=34, elem type=byte)
ARR 80a0670 (sz=16, trace=1, nelems=0, elem type=short)
CLS 80a06b0 (name=java.util.Map, trace=1)
	super		808aef8
ARR 80a06d0 (sz=24, trace=1, nelems=4, elem type=short)
ARR 80a06f0 (sz=184, trace=1, nelems=84, elem type=short)
ARR 80a0730 (sz=32, trace=1, nelems=4, elem type=int)
ARR 80a0750 (sz=48, trace=1, nelems=8, elem type=int)
CLS 809b8d0 (name=java.util.Hashtable, trace=1)
	super		80a0610
	static emptyIterator	808b950
	static emptyEnumerator	808b890
ARR 80a0770 (sz=88, trace=1, nelems=36, elem type=short)
ARR 80a0790 (sz=96, trace=1, nelems=42, elem type=short)
ARR 80a07d0 (sz=32, trace=1, nelems=4, elem type=int)
CLS 808b990 (name=java.util.Properties, trace=1)
	super		809b8d0
	static hexDigit	808b970
	static whiteSpaceChars	80a08d0
	static specialSaveChars	80a0890
	static strictKeyValueSeparators	80a0850
	static keyValueSeparators	80a0810
ARR 80a07f0 (sz=32, trace=1, nelems=7, elem type=char)
OBJ 80a0810 (sz=24, trace=1, class=java.lang.String@808a868)
	value		80a07f0
ARR 80a0830 (sz=16, trace=1, nelems=2, elem type=char)
OBJ 80a0850 (sz=24, trace=1, class=java.lang.String@808a868)
	value		80a0830
ARR 80a0870 (sz=32, trace=1, nelems=9, elem type=char)
OBJ 80a0890 (sz=24, trace=1, class=java.lang.String@808a868)
	value		80a0870
ARR 80a08b0 (sz=24, trace=1, nelems=5, elem type=char)
OBJ 80a08d0 (sz=24, trace=1, class=java.lang.String@808a868)
	value		80a08b0
ARR 80a08f0 (sz=120, trace=1, nelems=105, elem type=byte)
ARR 80a0910 (sz=72, trace=1, nelems=30, elem type=short)
ARR 80a0950 (sz=32, trace=1, nelems=4, elem type=int)
CLS 80a0970 (name=java.lang.reflect.AccessibleObject, trace=1)
	super		808aef8
	static class$java$lang$Class	808a758
	static reflectionFactory	808b238
	static ACCESS_PERMISSION	808ae18
ARR 80a0990 (sz=24, trace=1, nelems=4, elem type=short)
ARR 80a09b0 (sz=264, trace=1, nelems=249, elem type=byte)
ARR 80a09f0 (sz=32, trace=1, nelems=19, elem type=byte)
ARR 80a0a10 (sz=40, trace=1, nelems=12, elem type=short)
CLS 80a0a50 (name=java.lang.reflect.Member, trace=1)
	super		808aef8
ARR 80a0a70 (sz=112, trace=1, nelems=48, elem type=short)
ARR 80a0ab0 (sz=32, trace=1, nelems=4, elem type=int)
CLS 80a0ad0 (name=java.lang.reflect.Field, trace=1)
	super		80a0970
ARR 80a0af0 (sz=208, trace=1, nelems=196, elem type=byte)
ARR 80a0b30 (sz=136, trace=1, nelems=60, elem type=short)
ARR 80a0b70 (sz=32, trace=1, nelems=4, elem type=int)
CLS 80a0b90 (name=java.lang.reflect.Method, trace=1)
	super		80a0970
ARR 80a0bb0 (sz=192, trace=1, nelems=174, elem type=byte)
ARR 80a0bf0 (sz=96, trace=1, nelems=42, elem type=short)
ARR 80a0c30 (sz=32, trace=1, nelems=4, elem type=int)
CLS 8098e00 (name=java.lang.reflect.Constructor, trace=1)
	super		80a0970
ARR 80a0c50 (sz=32, trace=1, nelems=13, elem type=byte)
ARR 80a0c70 (sz=16, trace=1, nelems=0, elem type=short)
CLS 80a0cb0 (name=sun.reflect.MagicAccessorImpl, trace=1)
	super		808aef8
ARR 80a0cd0 (sz=40, trace=1, nelems=22, elem type=byte)
ARR 80a0d10 (sz=32, trace=1, nelems=14, elem type=byte)
ARR 80a0d30 (sz=16, trace=1, nelems=0, elem type=short)
CLS 80a0d70 (name=sun.reflect.MethodAccessor, trace=1)
	super		808aef8
ARR 80a0d90 (sz=16, trace=1, nelems=0, elem type=short)
CLS 80a0dd0 (name=sun.reflect.MethodAccessorImpl, trace=1)
	super		80a0cb0
ARR 80a0df0 (sz=40, trace=1, nelems=24, elem type=byte)
ARR 80a0e30 (sz=32, trace=1, nelems=16, elem type=byte)
ARR 80a0e50 (sz=16, trace=1, nelems=0, elem type=short)
CLS 80a0e90 (name=sun.reflect.ConstructorAccessor, trace=1)
	super		808aef8
ARR 80a0eb0 (sz=16, trace=1, nelems=0, elem type=short)
CLS 80a0ef0 (name=sun.reflect.ConstructorAccessorImpl, trace=1)
	super		80a0cb0
ARR 80a0f10 (sz=32, trace=1, nelems=13, elem type=byte)
ARR 80a0f30 (sz=16, trace=1, nelems=0, elem type=short)
CLS 80a0f70 (name=sun.reflect.DelegatingClassLoader, trace=1)
	super		809f570
ARR 80a0f90 (sz=264, trace=1, nelems=252, elem type=byte)
ARR 80a0fb0 (sz=168, trace=1, nelems=149, elem type=byte)
ARR 80a0fd0 (sz=120, trace=1, nelems=103, elem type=byte)
ARR 80a1010 (sz=48, trace=1, nelems=29, elem type=byte)
ARR 80a1030 (sz=16, trace=1, nelems=0, elem type=short)
CLS 80a1070 (name=java.util.Collection, trace=1)
	super		808aef8
ARR 80a1090 (sz=16, trace=1, nelems=0, elem type=short)
CLS 80a10d0 (name=java.util.AbstractCollection, trace=1)
	super		808aef8
ARR 80a1110 (sz=64, trace=1, nelems=45, elem type=byte)
ARR 80a1150 (sz=16, trace=1, nelems=0, elem type=short)
CLS 80a1190 (name=java.util.List, trace=1)
	super		808aef8
ARR 80a11b0 (sz=24, trace=1, nelems=3, elem type=int)
ARR 80a11f0 (sz=24, trace=1, nelems=6, elem type=short)
CLS 80a1230 (name=java.util.AbstractList, trace=1)
	super		80a10d0
ARR 80a1250 (sz=40, trace=1, nelems=12, elem type=short)
ARR 80a1290 (sz=24, trace=1, nelems=7, elem type=byte)
ARR 80a12b0 (sz=16, trace=1, nelems=0, elem type=short)
CLS 80a12d0 (name=java.util.RandomAccess, trace=1)
	super		808aef8
ARR 80a12f0 (sz=40, trace=1, nelems=7, elem type=int)
ARR 80a1330 (sz=64, trace=1, nelems=24, elem type=short)
ARR 80a1370 (sz=32, trace=1, nelems=4, elem type=int)
ARR 80a1390 (sz=32, trace=1, nelems=4, elem type=int)
CLS 808ae38 (name=java.util.Vector, trace=1)
	super		80a1230
ARR 80a13b0 (sz=24, trace=1, nelems=4, elem type=short)
ARR 80a13d0 (sz=200, trace=1, nelems=188, elem type=byte)
ARR 80a1410 (sz=72, trace=1, nelems=30, elem type=short)
CLS 8098d20 (name=java.lang.StringBuffer, trace=1)
	super		808aef8
	static NULL	8098dc0
ARR 80a1450 (sz=80, trace=1, nelems=67, elem type=byte)
ARR 80a1470 (sz=72, trace=1, nelems=30, elem type=short)
CLS 80a14b0 (name=java.nio.Buffer, trace=1)
	super		808aef8
ARR 80a14d0 (sz=48, trace=1, nelems=29, elem type=byte)
ARR 80a14f0 (sz=48, trace=1, nelems=35, elem type=byte)
ARR 80a1510 (sz=16, trace=1, nelems=0, elem type=short)
CLS 80a1550 (name=sun.misc.AtomicLong, trace=1)
	super		808aef8
ARR 80a1570 (sz=24, trace=1, nelems=6, elem type=short)
CLS 80a15b0 (name=sun.misc.AtomicLongCSImpl, trace=1)
	super		80a1550
ARR 80a15d0 (sz=104, trace=1, nelems=86, elem type=byte)
ARR 80a1610 (sz=72, trace=1, nelems=30, elem type=short)
ARR 80a1650 (sz=48, trace=1, nelems=8, elem type=int)
CLS 809d488 (name=java.lang.Boolean, trace=1)
	super		808aef8
	static TYPE	80a1e30
	static FALSE	809d548
	static TRUE	809d528
ARR 80a1670 (sz=280, trace=1, nelems=266, elem type=byte)
ARR 80a16b0 (sz=792, trace=1, nelems=390, elem type=short)
CLS 80a16f0 (name=java.lang.Character, trace=1)
	super		808aef8
	static A_DATA	80a17d0
	static A	80983e8
	static Y_DATA	80a1790
	static Y	80983c8
	static X_DATA	80a1750
	static X	8098370
	static charMap	808d5c0
	static TYPE	80a1e50
ARR 80a1710 (sz=32, trace=1, nelems=8, elem type=short)
ARR 80a1730 (sz=2064, trace=1, nelems=1024, elem type=char)
OBJ 80a1750 (sz=24, trace=1, class=java.lang.String@808a868)
	value		80a1730
ARR 80a1770 (sz=7728, trace=1, nelems=3856, elem type=char)
OBJ 80a1790 (sz=24, trace=1, class=java.lang.String@808a868)
	value		80a1770
ARR 80a17b0 (sz=2728, trace=1, nelems=1356, elem type=char)
OBJ 80a17d0 (sz=24, trace=1, class=java.lang.String@808a868)
	value		80a17b0
ARR 80a17f0 (sz=136, trace=1, nelems=120, elem type=byte)
ARR 80a1810 (sz=48, trace=1, nelems=34, elem type=byte)
ARR 80a1850 (sz=24, trace=1, nelems=6, elem type=short)
CLS 80a1890 (name=java.lang.Number, trace=1)
	super		808aef8
ARR 80a18f0 (sz=112, trace=1, nelems=48, elem type=short)
CLS 80a1930 (name=java.lang.Float, trace=1)
	super		80a1890
	static TYPE	80a1dd0
ARR 80a1950 (sz=136, trace=1, nelems=124, elem type=byte)
ARR 80a19b0 (sz=112, trace=1, nelems=48, elem type=short)
CLS 80a19f0 (name=java.lang.Double, trace=1)
	super		80a1890
	static TYPE	80a1df0
ARR 80a1a10 (sz=152, trace=1, nelems=136, elem type=byte)
ARR 80a1a70 (sz=72, trace=1, nelems=30, elem type=short)
ARR 80a1ab0 (sz=32, trace=1, nelems=4, elem type=int)
CLS 80a1ad0 (name=java.lang.Byte, trace=1)
	super		80a1890
ARR 80a1af0 (sz=152, trace=1, nelems=136, elem type=byte)
ARR 80a1b50 (sz=72, trace=1, nelems=30, elem type=short)
ARR 80a1b90 (sz=32, trace=1, nelems=4, elem type=int)
CLS 80a1bb0 (name=java.lang.Short, trace=1)
	super		80a1890
ARR 80a1bd0 (sz=208, trace=1, nelems=192, elem type=byte)
ARR 80a1c30 (sz=112, trace=1, nelems=48, elem type=short)
ARR 80a1c70 (sz=64, trace=1, nelems=12, elem type=int)
ARR 80a1c90 (sz=32, trace=1, nelems=4, elem type=int)
CLS 809c228 (name=java.lang.Integer, trace=1)
	super		80a1890
	static DigitOnes	809bcf0
	static DigitTens	809bcd0
	static digits	809bcb0
	static TYPE	80a1db0
ARR 80a1cb0 (sz=200, trace=1, nelems=185, elem type=byte)
ARR 80a1d10 (sz=72, trace=1, nelems=30, elem type=short)
ARR 80a1d50 (sz=32, trace=1, nelems=4, elem type=int)
ARR 80a1d70 (sz=64, trace=1, nelems=12, elem type=int)
CLS 80a1d90 (name=java.lang.Long, trace=1)
	super		80a1890
OBJ 80a1db0 (sz=56, trace=1, class=java.lang.Class@808a758)
OBJ 80a1dd0 (sz=56, trace=1, class=java.lang.Class@808a758)
OBJ 80a1df0 (sz=56, trace=1, class=java.lang.Class@808a758)
OBJ 80a1e10 (sz=56, trace=1, class=java.lang.Class@808a758)
OBJ 80a1e30 (sz=56, trace=1, class=java.lang.Class@808a758)
OBJ 80a1e50 (sz=56, trace=1, class=java.lang.Class@808a758)
OBJ 80a1e70 (sz=56, trace=1, class=java.lang.Class@808a758)
OBJ 80a1e90 (sz=56, trace=1, class=java.lang.Class@808a758)
OBJ 80a1eb0 (sz=56, trace=1, class=java.lang.Class@808a758)
OBJ 80a1ed0 (sz=8, trace=1, class=java.lang.Object@808aef8)
OBJ 80a1ef0 (sz=8, trace=1, class=java.lang.Object@808aef8)
OBJ 80a1fb0 (sz=24, trace=1, class=java.lang.OutOfMemoryError@809fe10)
ARR 80a1fd0 (sz=32, trace=1, nelems=16, elem type=byte)
ARR 80a1ff0 (sz=16, trace=1, nelems=0, elem type=short)
CLS 80a2030 (name=java.lang.NullPointerException, trace=1)
	super		809f950
OBJ 80a20d0 (sz=24, trace=1, class=java.lang.NullPointerException@80a2030)
ARR 80a20f0 (sz=32, trace=1, nelems=16, elem type=byte)
ARR 80a2110 (sz=16, trace=1, nelems=0, elem type=short)
CLS 80a2150 (name=java.lang.ArithmeticException, trace=1)
	super		809f950
OBJ 80a21f0 (sz=24, trace=1, class=java.lang.ArithmeticException@80a2150)
	detailMessage	808a8e8
ARR 80a2210 (sz=112, trace=1, nelems=95, elem type=byte)
ARR 80a2230 (sz=72, trace=1, nelems=30, elem type=short)
CLS 80a2270 (name=java.lang.StrictMath, trace=1)
	super		808aef8
ARR 80a2290 (sz=176, trace=1, nelems=162, elem type=byte)
ARR 80a22d0 (sz=96, trace=1, nelems=42, elem type=short)
ARR 80a2310 (sz=32, trace=1, nelems=4, elem type=int)
CLS 808a908 (name=java.io.ObjectStreamField, trace=1)
	super		808aef8
ARR 80a2350 (sz=64, trace=1, nelems=51, elem type=byte)
ARR 80a2390 (sz=24, trace=1, nelems=11, elem type=byte)
ARR 80a23b0 (sz=16, trace=1, nelems=0, elem type=short)
CLS 80a23f0 (name=java.util.Comparator, trace=1)
	super		808aef8
ARR 80a2410 (sz=24, trace=1, nelems=6, elem type=short)
CLS 808a9a8 (name=java.lang.String$CaseInsensitiveComparator, trace=1)
	super		808aef8
ARR 80a2450 (sz=32, trace=1, nelems=8, elem type=short)
ARR 80a2470 (sz=24, trace=1, nelems=6, elem type=char)
OBJ 80a2490 (sz=24, trace=1, class=java.lang.String@808a868)
	value		80a2470
ARR 80a24d0 (sz=104, trace=1, nelems=86, elem type=byte)
ARR 80a24f0 (sz=16, trace=1, nelems=0, elem type=short)
CLS 80a2530 (name=java.security.AccessController, trace=1)
	super		808aef8
ARR 80a2570 (sz=32, trace=1, nelems=16, elem type=byte)
ARR 80a2590 (sz=120, trace=1, nelems=102, elem type=byte)
ARR 80a25b0 (sz=96, trace=1, nelems=81, elem type=byte)
ARR 80a25f0 (sz=24, trace=1, nelems=12, elem type=byte)
ARR 80a2610 (sz=16, trace=1, nelems=0, elem type=short)
CLS 80a2650 (name=java.security.Guard, trace=1)
	super		808aef8
ARR 80a2670 (sz=24, trace=1, nelems=6, elem type=short)
CLS 80a26b0 (name=java.security.Permission, trace=1)
	super		808aef8
ARR 80a26f0 (sz=24, trace=1, nelems=3, elem type=int)
ARR 80a2730 (sz=40, trace=1, nelems=12, elem type=short)
CLS 80a2770 (name=java.security.BasicPermission, trace=1)
	super		80a26b0
ARR 80a2790 (sz=16, trace=1, nelems=0, elem type=short)
CLS 808ad78 (name=java.lang.reflect.ReflectPermission, trace=1)
	super		80a2770
ARR 80a27d0 (sz=56, trace=1, nelems=20, elem type=char)
OBJ 80a27f0 (sz=24, trace=1, class=java.lang.String@808a868)
	value		80a27d0
ARR 80a2810 (sz=16, trace=1, nelems=0, elem type=char)
OBJ 80a2830 (sz=24, trace=1, class=java.lang.String@808a868)
	value		80a2810
ARR 80a2850 (sz=16, trace=1, nelems=2, elem type=char)
OBJ 80a2870 (sz=24, trace=1, class=java.lang.String@808a868)
	value		80a2850
ARR 80a2890 (sz=16, trace=1, nelems=1, elem type=char)
OBJ 80a28b0 (sz=24, trace=1, class=java.lang.String@808a868)
	value		80a2890
ARR 80a28d0 (sz=40, trace=1, nelems=25, elem type=byte)
ARR 80a2910 (sz=24, trace=1, nelems=9, elem type=byte)
ARR 80a2930 (sz=16, trace=1, nelems=0, elem type=short)
CLS 80a2970 (name=java.security.PrivilegedAction, trace=1)
	super		808aef8
ARR 80a2990 (sz=16, trace=1, nelems=0, elem type=short)
CLS 80a29d0 (name=sun.reflect.ReflectionFactory$GetReflectionFactoryAction, trace=1)
	super		808aef8
ARR 80a29f0 (sz=24, trace=1, nelems=4, elem type=short)
ARR 80a2a30 (sz=72, trace=1, nelems=54, elem type=byte)
ARR 80a2a50 (sz=24, trace=1, nelems=6, elem type=short)
CLS 808aff8 (name=java.util.Stack, trace=1)
	super		808ae38
ARR 80a2a90 (sz=304, trace=1, nelems=291, elem type=byte)
ARR 80a2ab0 (sz=120, trace=1, nelems=54, elem type=short)
ARR 80a2af0 (sz=32, trace=1, nelems=4, elem type=int)
CLS 808b198 (name=sun.reflect.ReflectionFactory, trace=1)
	super		808aef8
	static class$sun$reflect$ConstructorAccessorImpl	80a0ef0
	static class$java$lang$Class	808a758
	static langReflectAccess	8098ff8
	static soleInstance	808b238
	static reflectionFactoryAccessPerm	808b178
ARR 80a2b10 (sz=32, trace=1, nelems=8, elem type=short)
ARR 80a2b30 (sz=32, trace=1, nelems=16, elem type=byte)
ARR 80a2b50 (sz=16, trace=1, nelems=0, elem type=short)
CLS 808b0d8 (name=java.lang.RuntimePermission, trace=1)
	super		80a2770
ARR 80a2b90 (sz=64, trace=1, nelems=23, elem type=char)
OBJ 80a2bb0 (sz=24, trace=1, class=java.lang.String@808a868)
	value		80a2b90
ARR 80a2bd0 (sz=40, trace=1, nelems=23, elem type=byte)
ARR 80a2bf0 (sz=16, trace=1, nelems=0, elem type=short)
CLS 808b258 (name=java.lang.ref.Reference$Lock, trace=1)
	super		808aef8
ARR 80a2c30 (sz=32, trace=1, nelems=8, elem type=short)
ARR 80a2c50 (sz=72, trace=1, nelems=58, elem type=byte)
ARR 80a2c70 (sz=16, trace=1, nelems=0, elem type=short)
ARR 80a2cb0 (sz=80, trace=1, nelems=16, elem type=int)
CLS 808b318 (name=java.lang.ref.Reference$ReferenceHandler, trace=1)
	super		808ab90
ARR 80a2cd0 (sz=32, trace=1, nelems=8, elem type=short)
ARR 80a2cf0 (sz=48, trace=1, nelems=17, elem type=char)
OBJ 80a2d10 (sz=24, trace=1, class=java.lang.String@808a868)
	value		80a2cf0
ARR 80a2d30 (sz=96, trace=1, nelems=83, elem type=byte)
ARR 80a2d50 (sz=72, trace=1, nelems=30, elem type=short)
ARR 80a2d90 (sz=96, trace=1, nelems=20, elem type=int)
ARR 80a2db0 (sz=48, trace=1, nelems=8, elem type=int)
ARR 80a2dd0 (sz=80, trace=1, nelems=16, elem type=int)
CLS 808b5d8 (name=java.lang.ref.ReferenceQueue, trace=1)
	super		808aef8
	static ENQUEUED	808b598
	static NULL	808b4b8
ARR 80a2df0 (sz=40, trace=1, nelems=12, elem type=short)
ARR 80a2e10 (sz=40, trace=1, nelems=23, elem type=byte)
ARR 80a2e30 (sz=16, trace=1, nelems=0, elem type=short)
CLS 808b418 (name=java.lang.ref.ReferenceQueue$Null, trace=1)
	super		808b5d8
ARR 80a2e70 (sz=32, trace=1, nelems=8, elem type=short)
ARR 80a2e90 (sz=40, trace=1, nelems=23, elem type=byte)
ARR 80a2eb0 (sz=16, trace=1, nelems=0, elem type=short)
CLS 808b4d8 (name=java.lang.ref.ReferenceQueue$Lock, trace=1)
	super		808aef8
ARR 80a2ef0 (sz=32, trace=1, nelems=8, elem type=short)
ARR 80a2f10 (sz=56, trace=1, nelems=38, elem type=byte)
ARR 80a2f30 (sz=16, trace=1, nelems=0, elem type=short)
ARR 80a2f70 (sz=32, trace=1, nelems=4, elem type=int)
CLS 808b710 (name=java.lang.ref.Finalizer$FinalizerThread, trace=1)
	super		808ab90
ARR 80a2f90 (sz=24, trace=1, nelems=4, elem type=short)
ARR 80a2fb0 (sz=32, trace=1, nelems=9, elem type=char)
OBJ 80a2fd0 (sz=24, trace=1, class=java.lang.String@808a868)
	value		80a2fb0
ARR 80a2ff0 (sz=48, trace=1, nelems=30, elem type=byte)
ARR 80a3030 (sz=24, trace=1, nelems=11, elem type=byte)
ARR 80a3050 (sz=16, trace=1, nelems=0, elem type=short)
CLS 80a3090 (name=java.util.Enumeration, trace=1)
	super		808aef8
ARR 80a30b0 (sz=16, trace=1, nelems=0, elem type=short)
CLS 808b7f0 (name=java.util.Hashtable$EmptyEnumerator, trace=1)
	super		808aef8
ARR 80a30f0 (sz=24, trace=1, nelems=4, elem type=short)
ARR 80a3110 (sz=48, trace=1, nelems=34, elem type=byte)
ARR 80a3150 (sz=32, trace=1, nelems=13, elem type=byte)
ARR 80a3170 (sz=16, trace=1, nelems=0, elem type=short)
CLS 80a31b0 (name=java.util.Iterator, trace=1)
	super		808aef8
ARR 80a31d0 (sz=16, trace=1, nelems=0, elem type=short)
CLS 808b8b0 (name=java.util.Hashtable$EmptyIterator, trace=1)
	super		808aef8
ARR 80a3210 (sz=24, trace=1, nelems=4, elem type=short)
ARR 80a3230 (sz=24, trace=1, nelems=5, elem type=char)
OBJ 80a3250 (sz=24, trace=1, class=java.lang.String@808a868)
	value		80a3230
ARR 80a3270 (sz=872, trace=1, nelems=856, elem type=byte)
ARR 80a32b0 (sz=432, trace=1, nelems=210, elem type=short)
ARR 80a32f0 (sz=96, trace=1, nelems=20, elem type=int)
ARR 80a3310 (sz=32, trace=1, nelems=4, elem type=int)
ARR 80a3330 (sz=32, trace=1, nelems=4, elem type=int)
ARR 80a3350 (sz=48, trace=1, nelems=8, elem type=int)
ARR 80a3370 (sz=48, trace=1, nelems=8, elem type=int)
ARR 80a3390 (sz=48, trace=1, nelems=8, elem type=int)
ARR 80a33b0 (sz=48, trace=1, nelems=8, elem type=int)
ARR 80a33d0 (sz=48, trace=1, nelems=8, elem type=int)
ARR 80a33f0 (sz=32, trace=1, nelems=4, elem type=int)
ARR 80a3410 (sz=32, trace=1, nelems=4, elem type=int)
ARR 80a3430 (sz=32, trace=1, nelems=4, elem type=int)
ARR 80a3450 (sz=32, trace=1, nelems=4, elem type=int)
ARR 80a3470 (sz=48, trace=1, nelems=8, elem type=int)
ARR 80a3490 (sz=32, trace=1, nelems=4, elem type=int)
ARR 80a34b0 (sz=48, trace=1, nelems=8, elem type=int)
ARR 80a34d0 (sz=96, trace=1, nelems=20, elem type=int)
ARR 80a34f0 (sz=32, trace=1, nelems=4, elem type=int)
CLS 80a3510 (name=java.io.ObjectStreamClass, trace=1)
	super		808aef8
	static reflectors	808bd10
	static localDescs	808bb10
	static reflFactory	808b238
	static serialPersistentFields	808ba50
	static NO_FIELDS	808ba50
ARR 80a3530 (sz=104, trace=1, nelems=44, elem type=short)
ARR 80a3550 (sz=144, trace=1, nelems=130, elem type=byte)
ARR 80a3570 (sz=152, trace=1, nelems=138, elem type=byte)
ARR 80a35b0 (sz=40, trace=1, nelems=12, elem type=short)
ARR 80a35f0 (sz=48, trace=1, nelems=8, elem type=int)
CLS 80a3610 (name=java.util.AbstractMap, trace=1)
	super		808aef8
ARR 80a3630 (sz=48, trace=1, nelems=16, elem type=short)
ARR 80a3670 (sz=24, trace=1, nelems=3, elem type=int)
ARR 80a36b0 (sz=48, trace=1, nelems=18, elem type=short)
CLS 808ba70 (name=sun.misc.SoftCache, trace=1)
	super		80a3610
ARR 80a36f0 (sz=48, trace=1, nelems=16, elem type=short)
ARR 80a3710 (sz=328, trace=1, nelems=309, elem type=byte)
ARR 80a3750 (sz=32, trace=1, nelems=5, elem type=int)
ARR 80a3790 (sz=144, trace=1, nelems=66, elem type=short)
ARR 80a37d0 (sz=32, trace=1, nelems=4, elem type=int)
CLS 808bb90 (name=java.util.HashMap, trace=1)
	super		80a3610
	static NULL_KEY	808bb70
ARR 80a37f0 (sz=96, trace=1, nelems=40, elem type=short)
ARR 80a3810 (sz=96, trace=1, nelems=81, elem type=byte)
ARR 80a3850 (sz=32, trace=1, nelems=20, elem type=byte)
ARR 80a3870 (sz=16, trace=1, nelems=0, elem type=short)
CLS 80a38b0 (name=java.util.Map$Entry, trace=1)
	super		808aef8
ARR 80a38d0 (sz=24, trace=1, nelems=4, elem type=short)
ARR 80a38f0 (sz=64, trace=1, nelems=24, elem type=short)
CLS 808bc50 (name=java.util.HashMap$Entry, trace=1)
	super		808aef8
ARR 80a3930 (sz=32, trace=1, nelems=8, elem type=short)
ARR 80a3970 (sz=32, trace=1, nelems=16, elem type=byte)
ARR 80a3990 (sz=32, trace=1, nelems=16, elem type=byte)
ARR 80a39b0 (sz=16, trace=1, nelems=0, elem type=short)
CLS 80a39f0 (name=java.lang.IncompatibleClassChangeError, trace=1)
	super		809fbb0
ARR 80a3a10 (sz=16, trace=1, nelems=0, elem type=short)
CLS 80a3a50 (name=java.lang.NoSuchMethodError, trace=1)
	super		80a39f0
ARR 80a3a70 (sz=88, trace=1, nelems=76, elem type=byte)
ARR 80a3ab0 (sz=64, trace=1, nelems=24, elem type=short)
CLS 808be30 (name=java.util.Hashtable$Entry, trace=1)
	super		808aef8
ARR 80a3af0 (sz=32, trace=1, nelems=8, elem type=short)
ARR 80a3b30 (sz=216, trace=1, nelems=199, elem type=byte)
ARR 80a3b50 (sz=48, trace=1, nelems=18, elem type=short)
ARR 80a3b90 (sz=32, trace=1, nelems=4, elem type=int)
ARR 80a3bb0 (sz=32, trace=1, nelems=4, elem type=int)
ARR 80a3bd0 (sz=48, trace=1, nelems=8, elem type=int)
ARR 80a3bf0 (sz=32, trace=1, nelems=4, elem type=int)
ARR 80a3c10 (sz=48, trace=1, nelems=8, elem type=int)
CLS 80a3c30 (name=java.lang.StringCoding, trace=1)
	super		808aef8
	static encoder	808cf30
	static decoder	808cf10
ARR 80a3c50 (sz=72, trace=1, nelems=28, elem type=short)
ARR 80a3c70 (sz=96, trace=1, nelems=83, elem type=byte)
ARR 80a3c90 (sz=48, trace=1, nelems=18, elem type=short)
CLS 808ce70 (name=java.lang.ThreadLocal, trace=1)
	super		808aef8
ARR 80a3cd0 (sz=32, trace=1, nelems=8, elem type=short)
ARR 80a3cf0 (sz=192, trace=1, nelems=174, elem type=byte)
ARR 80a3d10 (sz=112, trace=1, nelems=48, elem type=short)
ARR 80a3d50 (sz=32, trace=1, nelems=4, elem type=int)
ARR 80a3d70 (sz=48, trace=1, nelems=8, elem type=int)
ARR 80a3d90 (sz=48, trace=1, nelems=8, elem type=int)
ARR 80a3db0 (sz=48, trace=1, nelems=8, elem type=int)
ARR 80a3dd0 (sz=64, trace=1, nelems=12, elem type=int)
ARR 80a3df0 (sz=32, trace=1, nelems=4, elem type=int)
CLS 80a3e10 (name=sun.io.Converters, trace=1)
	super		808aef8
	static class$sun$io$Converters	80a3e10
	static classCache	808d048
	static converterPrefix	808cf88
	static lock	80a3e10
ARR 80a3e30 (sz=48, trace=1, nelems=17, elem type=char)
OBJ 80a3e50 (sz=24, trace=1, class=java.lang.String@808a868)
	value		80a3e30
ARR 80a3e70 (sz=128, trace=1, nelems=113, elem type=byte)
ARR 80a3e90 (sz=16, trace=1, nelems=0, elem type=short)
CLS 80a3ed0 (name=sun.reflect.Reflection, trace=1)
	super		808aef8
ARR 80a3f10 (sz=32, trace=1, nelems=10, elem type=char)
OBJ 80a3f30 (sz=24, trace=1, class=java.lang.String@808a868)
	value		80a3f10
ARR 80a3f50 (sz=32, trace=1, nelems=10, elem type=char)
OBJ 80a3f70 (sz=24, trace=1, class=java.lang.String@808a868)
	value		80a3f50
ARR 80a3fb0 (sz=48, trace=1, nelems=32, elem type=byte)
ARR 80a3ff0 (sz=40, trace=1, nelems=12, elem type=short)
CLS 80a4030 (name=sun.security.action.GetPropertyAction, trace=1)
	super		808aef8
ARR 80a4050 (sz=40, trace=1, nelems=13, elem type=char)
OBJ 80a4070 (sz=24, trace=1, class=java.lang.String@808a868)
	value		80a4050
ARR 80a4090 (sz=136, trace=1, nelems=118, elem type=byte)
ARR 80a40b0 (sz=64, trace=1, nelems=24, elem type=short)
CLS 808d068 (name=java.lang.ThreadLocal$ThreadLocalMap, trace=1)
	super		808aef8
ARR 80a40f0 (sz=40, trace=1, nelems=12, elem type=short)
ARR 80a4110 (sz=48, trace=1, nelems=36, elem type=byte)
ARR 80a4130 (sz=24, trace=1, nelems=6, elem type=short)
CLS 808d128 (name=java.lang.ThreadLocal$ThreadLocalMap$Entry, trace=1)
	super		809af10
ARR 80a4170 (sz=40, trace=1, nelems=12, elem type=short)
ARR 80a41b0 (sz=288, trace=1, nelems=276, elem type=byte)
ARR 80a41f0 (sz=96, trace=1, nelems=42, elem type=short)
ARR 80a4230 (sz=48, trace=1, nelems=8, elem type=int)
ARR 80a4250 (sz=32, trace=1, nelems=4, elem type=int)
ARR 80a4270 (sz=32, trace=1, nelems=4, elem type=int)
ARR 80a4290 (sz=32, trace=1, nelems=4, elem type=int)
CLS 80a42b0 (name=java.nio.charset.Charset, trace=1)
	super		808aef8
	static gate	8098d00
	static cache	82036d0
	static standardProvider	808d2e0
ARR 80a42d0 (sz=40, trace=1, nelems=12, elem type=short)
ARR 80a42f0 (sz=176, trace=1, nelems=164, elem type=byte)
ARR 80a4310 (sz=136, trace=1, nelems=121, elem type=byte)
ARR 80a4330 (sz=48, trace=1, nelems=36, elem type=byte)
ARR 80a4350 (sz=16, trace=1, nelems=0, elem type=short)
CLS 80a4390 (name=java.nio.charset.spi.CharsetProvider, trace=1)
	super		808aef8
ARR 80a43b0 (sz=64, trace=1, nelems=24, elem type=short)
ARR 80a43f0 (sz=64, trace=1, nelems=12, elem type=int)
CLS 80a4410 (name=sun.nio.cs.AbstractCharsetProvider, trace=1)
	super		80a4390
ARR 80a4430 (sz=24, trace=1, nelems=4, elem type=short)
ARR 80a4450 (sz=24, trace=1, nelems=6, elem type=short)
CLS 808d240 (name=sun.nio.cs.StandardCharsets, trace=1)
	super		80a4410
	static instance	8098ce0
ARR 80a4490 (sz=376, trace=1, nelems=358, elem type=byte)
ARR 80a44d0 (sz=32, trace=1, nelems=19, elem type=byte)
ARR 80a4510 (sz=16, trace=1, nelems=0, elem type=short)
CLS 80a4550 (name=java.util.SortedMap, trace=1)
	super		808aef8
ARR 80a4570 (sz=32, trace=1, nelems=5, elem type=int)
ARR 80a45b0 (sz=112, trace=1, nelems=48, elem type=short)
ARR 80a45f0 (sz=48, trace=1, nelems=8, elem type=int)
ARR 80a4610 (sz=48, trace=1, nelems=8, elem type=int)
ARR 80a4630 (sz=64, trace=1, nelems=12, elem type=int)
ARR 80a4650 (sz=48, trace=1, nelems=8, elem type=int)
CLS 808d300 (name=java.util.TreeMap, trace=1)
	super		80a3610
ARR 80a4670 (sz=96, trace=1, nelems=40, elem type=short)
ARR 80a4690 (sz=32, trace=1, nelems=8, elem type=char)
OBJ 80a46b0 (sz=24, trace=1, class=java.lang.String@808a868)
	value		80a4690
ARR 80a46d0 (sz=32, trace=1, nelems=8, elem type=char)
OBJ 80a46f0 (sz=24, trace=1, class=java.lang.String@808a868)
	value		80a46d0
ARR 80a4710 (sz=32, trace=1, nelems=8, elem type=char)
OBJ 80a4730 (sz=24, trace=1, class=java.lang.String@808a868)
	value		80a4710
ARR 80a4750 (sz=40, trace=1, nelems=14, elem type=char)
OBJ 80a4770 (sz=24, trace=1, class=java.lang.String@808a868)
	value		80a4750
ARR 80a4790 (sz=48, trace=1, nelems=16, elem type=char)
OBJ 80a47b0 (sz=24, trace=1, class=java.lang.String@808a868)
	value		80a4790
ARR 80a47d0 (sz=24, trace=1, nelems=5, elem type=char)
OBJ 80a47f0 (sz=24, trace=1, class=java.lang.String@808a868)
	value		80a47d0
ARR 80a4810 (sz=32, trace=1, nelems=9, elem type=char)
OBJ 80a4830 (sz=24, trace=1, class=java.lang.String@808a868)
	value		80a4810
ARR 80a4850 (sz=16, trace=1, nelems=2, elem type=char)
OBJ 80a4870 (sz=24, trace=1, class=java.lang.String@808a868)
	value		80a4850
ARR 80a4890 (sz=24, trace=1, nelems=6, elem type=char)
OBJ 80a48b0 (sz=24, trace=1, class=java.lang.String@808a868)
	value		80a4890
ARR 80a48d0 (sz=24, trace=1, nelems=5, elem type=char)
OBJ 80a48f0 (sz=24, trace=1, class=java.lang.String@808a868)
	value		80a48d0
ARR 80a4910 (sz=32, trace=1, nelems=7, elem type=char)
OBJ 80a4930 (sz=24, trace=1, class=java.lang.String@808a868)
	value		80a4910
ARR 80a4950 (sz=24, trace=1, nelems=3, elem type=char)
OBJ 80a4970 (sz=24, trace=1, class=java.lang.String@808a868)
	value		80a4950
ARR 80a4990 (sz=48, trace=1, nelems=16, elem type=char)
OBJ 80a49b0 (sz=24, trace=1, class=java.lang.String@808a868)
	value		80a4990
ARR 80a49d0 (sz=40, trace=1, nelems=14, elem type=char)
OBJ 80a49f0 (sz=24, trace=1, class=java.lang.String@808a868)
	value		80a49d0
ARR 80a4a10 (sz=96, trace=1, nelems=78, elem type=byte)
ARR 80a4a50 (sz=88, trace=1, nelems=36, elem type=short)
CLS 808d440 (name=java.util.TreeMap$Entry, trace=1)
	super		808aef8
ARR 80a4a90 (sz=32, trace=1, nelems=8, elem type=short)
ARR 80a4ab0 (sz=24, trace=1, nelems=4, elem type=char)
OBJ 80a4ad0 (sz=24, trace=1, class=java.lang.String@808a868)
	value		80a4ab0
ARR 80a4b10 (sz=24, trace=1, nelems=5, elem type=char)
OBJ 80a4b30 (sz=24, trace=1, class=java.lang.String@808a868)
	value		80a4b10
ARR 80a4b50 (sz=24, trace=1, nelems=5, elem type=char)
OBJ 80a4b70 (sz=24, trace=1, class=java.lang.String@808a868)
	value		80a4b50
ARR 80a4b90 (sz=24, trace=1, nelems=4, elem type=char)
OBJ 80a4bb0 (sz=24, trace=1, class=java.lang.String@808a868)
	value		80a4b90
ARR 80a4bd0 (sz=24, trace=1, nelems=6, elem type=char)
OBJ 80a4bf0 (sz=24, trace=1, class=java.lang.String@808a868)
	value		80a4bd0
ARR 80a4c10 (sz=24, trace=1, nelems=6, elem type=char)
OBJ 80a4c30 (sz=24, trace=1, class=java.lang.String@808a868)
	value		80a4c10
ARR 80a4c50 (sz=32, trace=1, nelems=8, elem type=char)
OBJ 80a4c70 (sz=24, trace=1, class=java.lang.String@808a868)
	value		80a4c50
ARR 80a4c90 (sz=32, trace=1, nelems=8, elem type=char)
OBJ 80a4cb0 (sz=24, trace=1, class=java.lang.String@808a868)
	value		80a4c90
ARR 80a4cd0 (sz=48, trace=1, nelems=15, elem type=char)
OBJ 80a4cf0 (sz=24, trace=1, class=java.lang.String@808a868)
	value		80a4cd0
ARR 80a4d10 (sz=32, trace=1, nelems=10, elem type=char)
OBJ 80a4d30 (sz=24, trace=1, class=java.lang.String@808a868)
	value		80a4d10
ARR 80a4d50 (sz=32, trace=1, nelems=8, elem type=char)
OBJ 80a4d70 (sz=24, trace=1, class=java.lang.String@808a868)
	value		80a4d50
ARR 80a4d90 (sz=32, trace=1, nelems=8, elem type=char)
OBJ 80a4db0 (sz=24, trace=1, class=java.lang.String@808a868)
	value		80a4d90
ARR 80a4dd0 (sz=32, trace=1, nelems=10, elem type=char)
OBJ 80a4df0 (sz=24, trace=1, class=java.lang.String@808a868)
	value		80a4dd0
ARR 80a4e10 (sz=32, trace=1, nelems=10, elem type=char)
OBJ 80a4e30 (sz=24, trace=1, class=java.lang.String@808a868)
	value		80a4e10
ARR 80a4e50 (sz=32, trace=1, nelems=10, elem type=char)
OBJ 80a4e70 (sz=24, trace=1, class=java.lang.String@808a868)
	value		80a4e50
ARR 80a4e90 (sz=32, trace=1, nelems=10, elem type=char)
OBJ 80a4eb0 (sz=24, trace=1, class=java.lang.String@808a868)
	value		80a4e90
ARR 80a4ed0 (sz=32, trace=1, nelems=10, elem type=char)
OBJ 80a4ef0 (sz=24, trace=1, class=java.lang.String@808a868)
	value		80a4ed0
ARR 80a4f10 (sz=24, trace=1, nelems=6, elem type=char)
OBJ 80a4f30 (sz=24, trace=1, class=java.lang.String@808a868)
	value		80a4f10
ARR 80a4f50 (sz=16, trace=1, nelems=2, elem type=char)
OBJ 80a4f70 (sz=24, trace=1, class=java.lang.String@808a868)
	value		80a4f50
ARR 80a4f90 (sz=24, trace=1, nelems=6, elem type=char)
OBJ 80a4fb0 (sz=24, trace=1, class=java.lang.String@808a868)
	value		80a4f90
ARR 80a4fd0 (sz=24, trace=1, nelems=5, elem type=char)
OBJ 80a4ff0 (sz=24, trace=1, class=java.lang.String@808a868)
	value		80a4fd0
ARR 80a5010 (sz=40, trace=1, nelems=11, elem type=char)
OBJ 80a5030 (sz=24, trace=1, class=java.lang.String@808a868)
	value		80a5010
ARR 80a5050 (sz=24, trace=1, nelems=3, elem type=char)
OBJ 80a5070 (sz=24, trace=1, class=java.lang.String@808a868)
	value		80a5050
ARR 80a5090 (sz=32, trace=1, nelems=7, elem type=char)
OBJ 80a50b0 (sz=24, trace=1, class=java.lang.String@808a868)
	value		80a5090
ARR 80a50d0 (sz=32, trace=1, nelems=9, elem type=char)
OBJ 80a50f0 (sz=24, trace=1, class=java.lang.String@808a868)
	value		80a50d0
ARR 80a5110 (sz=48, trace=1, nelems=15, elem type=char)
OBJ 80a5130 (sz=24, trace=1, class=java.lang.String@808a868)
	value		80a5110
ARR 80a5150 (sz=24, trace=1, nelems=6, elem type=char)
OBJ 80a5170 (sz=24, trace=1, class=java.lang.String@808a868)
	value		80a5150
ARR 80a5190 (sz=32, trace=1, nelems=9, elem type=char)
OBJ 80a51b0 (sz=24, trace=1, class=java.lang.String@808a868)
	value		80a5190
ARR 80a51d0 (sz=40, trace=1, nelems=11, elem type=char)
OBJ 80a51f0 (sz=24, trace=1, class=java.lang.String@808a868)
	value		80a51d0
ARR 80a5210 (sz=40, trace=1, nelems=11, elem type=char)
OBJ 80a5230 (sz=24, trace=1, class=java.lang.String@808a868)
	value		80a5210
ARR 80a5250 (sz=40, trace=1, nelems=11, elem type=char)
OBJ 80a5270 (sz=24, trace=1, class=java.lang.String@808a868)
	value		80a5250
ARR 80a5290 (sz=32, trace=1, nelems=7, elem type=char)
OBJ 80a52b0 (sz=24, trace=1, class=java.lang.String@808a868)
	value		80a5290
ARR 80a52d0 (sz=32, trace=1, nelems=10, elem type=char)
OBJ 80a52f0 (sz=24, trace=1, class=java.lang.String@808a868)
	value		80a52d0
ARR 80a5310 (sz=24, trace=1, nelems=6, elem type=char)
OBJ 80a5330 (sz=24, trace=1, class=java.lang.String@808a868)
	value		80a5310
ARR 80a5350 (sz=32, trace=1, nelems=7, elem type=char)
OBJ 80a5370 (sz=24, trace=1, class=java.lang.String@808a868)
	value		80a5350
ARR 80a5390 (sz=24, trace=1, nelems=5, elem type=char)
OBJ 80a53b0 (sz=24, trace=1, class=java.lang.String@808a868)
	value		80a5390
ARR 80a53d0 (sz=24, trace=1, nelems=3, elem type=char)
OBJ 80a53f0 (sz=24, trace=1, class=java.lang.String@808a868)
	value		80a53d0
ARR 80a5410 (sz=24, trace=1, nelems=6, elem type=char)
OBJ 80a5430 (sz=24, trace=1, class=java.lang.String@808a868)
	value		80a5410
ARR 80a5450 (sz=24, trace=1, nelems=6, elem type=char)
OBJ 80a5470 (sz=24, trace=1, class=java.lang.String@808a868)
	value		80a5450
ARR 80a5490 (sz=16, trace=1, nelems=2, elem type=char)
OBJ 80a54b0 (sz=24, trace=1, class=java.lang.String@808a868)
	value		80a5490
ARR 80a54d0 (sz=40, trace=1, nelems=11, elem type=char)
OBJ 80a54f0 (sz=24, trace=1, class=java.lang.String@808a868)
	value		80a54d0
ARR 80a5510 (sz=40, trace=1, nelems=11, elem type=char)
OBJ 80a5530 (sz=24, trace=1, class=java.lang.String@808a868)
	value		80a5510
ARR 80a5550 (sz=48, trace=1, nelems=15, elem type=char)
OBJ 80a5570 (sz=24, trace=1, class=java.lang.String@808a868)
	value		80a5550
ARR 80a5590 (sz=40, trace=1, nelems=12, elem type=char)
OBJ 80a55b0 (sz=24, trace=1, class=java.lang.String@808a868)
	value		80a5590
ARR 80a55d0 (sz=24, trace=1, nelems=6, elem type=char)
OBJ 80a55f0 (sz=24, trace=1, class=java.lang.String@808a868)
	value		80a55d0
ARR 80a5610 (sz=24, trace=1, nelems=6, elem type=char)
OBJ 80a5630 (sz=24, trace=1, class=java.lang.String@808a868)
	value		80a5610
ARR 80a5650 (sz=24, trace=1, nelems=4, elem type=char)
OBJ 80a5670 (sz=24, trace=1, class=java.lang.String@808a868)
	value		80a5650
ARR 80a5690 (sz=40, trace=1, nelems=11, elem type=char)
OBJ 80a56b0 (sz=24, trace=1, class=java.lang.String@808a868)
	value		80a5690
ARR 80a56d0 (sz=56, trace=1, nelems=43, elem type=byte)
ARR 80a56f0 (sz=16, trace=1, nelems=0, elem type=short)
CLS 80991b8 (name=sun.nio.cs.ISO_8859_15, trace=1)
	super		80a42b0
ARR 80a5730 (sz=32, trace=1, nelems=8, elem type=short)
ARR 80a5750 (sz=48, trace=1, nelems=15, elem type=char)
OBJ 80a5770 (sz=24, trace=1, class=java.lang.String@808a868)
	value		80a5750
ARR 80a5790 (sz=64, trace=1, nelems=48, elem type=byte)
ARR 80a57d0 (sz=16, trace=1, nelems=0, elem type=short)
CLS 80a5810 (name=java.lang.Class$3, trace=1)
	super		808aef8
ARR 80a5830 (sz=24, trace=1, nelems=4, elem type=short)
ARR 80a5870 (sz=136, trace=1, nelems=121, elem type=byte)
ARR 80a5890 (sz=160, trace=1, nelems=72, elem type=short)
CLS 80a58d0 (name=java.lang.reflect.Modifier, trace=1)
	super		808aef8
ARR 80a58f0 (sz=24, trace=1, nelems=4, elem type=short)
ARR 80a5910 (sz=96, trace=1, nelems=78, elem type=byte)
ARR 80a5950 (sz=48, trace=1, nelems=29, elem type=byte)
ARR 80a5970 (sz=16, trace=1, nelems=0, elem type=short)
CLS 80a59b0 (name=sun.reflect.LangReflectAccess, trace=1)
	super		808aef8
ARR 80a59d0 (sz=16, trace=1, nelems=0, elem type=short)
CLS 8098f58 (name=java.lang.reflect.ReflectAccess, trace=1)
	super		808aef8
ARR 80a5a10 (sz=48, trace=1, nelems=35, elem type=byte)
ARR 80a5a50 (sz=40, trace=1, nelems=12, elem type=short)
CLS 80a5a90 (name=java.lang.Class$1, trace=1)
	super		808aef8
ARR 80a5ab0 (sz=24, trace=1, nelems=4, elem type=short)
ARR 80a5ad0 (sz=184, trace=1, nelems=43, elem type=int)
ARR 80a5af0 (sz=96, trace=1, nelems=78, elem type=byte)
ARR 80a5b30 (sz=16, trace=1, nelems=0, elem type=short)
ARR 80a5b70 (sz=32, trace=1, nelems=4, elem type=int)
CLS 80a5b90 (name=sun.reflect.ReflectionFactory$1, trace=1)
	super		808aef8
ARR 80a5bb0 (sz=24, trace=1, nelems=4, elem type=short)
ARR 80a5bd0 (sz=88, trace=1, nelems=35, elem type=char)
OBJ 80a5bf0 (sz=24, trace=1, class=java.lang.String@808a868)
	value		80a5bd0
ARR 80a5c10 (sz=88, trace=1, nelems=76, elem type=byte)
ARR 80a5c30 (sz=48, trace=1, nelems=18, elem type=short)
CLS 8099038 (name=sun.reflect.NativeConstructorAccessorImpl, trace=1)
	super		80a0ef0
ARR 80a5c70 (sz=48, trace=1, nelems=32, elem type=byte)
ARR 80a5c90 (sz=24, trace=1, nelems=6, elem type=short)
CLS 80990f8 (name=sun.reflect.DelegatingConstructorAccessorImpl, trace=1)
	super		80a0ef0
ARR 80a5cd0 (sz=136, trace=1, nelems=117, elem type=byte)
ARR 80a5cf0 (sz=40, trace=1, nelems=26, elem type=byte)
ARR 80a5d10 (sz=24, trace=1, nelems=6, elem type=short)
CLS 80a5d50 (name=java.lang.StringCoding$StringDecoder, trace=1)
	super		808aef8
ARR 80a5d70 (sz=24, trace=1, nelems=4, elem type=short)
ARR 80a5d90 (sz=40, trace=1, nelems=12, elem type=short)
ARR 80a5dd0 (sz=32, trace=1, nelems=4, elem type=int)
CLS 80992b8 (name=java.lang.StringCoding$CharsetSD, trace=1)
	super		80a5d50
ARR 80a5df0 (sz=40, trace=1, nelems=12, elem type=short)
ARR 80a5e10 (sz=40, trace=1, nelems=23, elem type=byte)
ARR 80a5e30 (sz=152, trace=1, nelems=136, elem type=byte)
ARR 80a5e50 (sz=272, trace=1, nelems=254, elem type=byte)
ARR 80a5e70 (sz=160, trace=1, nelems=72, elem type=short)
ARR 80a5eb0 (sz=48, trace=1, nelems=8, elem type=int)
CLS 80a5ed0 (name=java.nio.charset.CharsetDecoder, trace=1)
	super		808aef8
	static stateNames	8099378
ARR 80a5ef0 (sz=48, trace=1, nelems=18, elem type=short)
ARR 80a5f30 (sz=96, trace=1, nelems=20, elem type=int)
ARR 80a5f50 (sz=96, trace=1, nelems=20, elem type=int)
ARR 80a5f70 (sz=32, trace=1, nelems=4, elem type=int)
CLS 80a5f90 (name=sun.nio.cs.SingleByteDecoder, trace=1)
	super		80a5ed0
	static class$sun$nio$cs$SingleByteDecoder	80a5f90
ARR 80a5fb0 (sz=24, trace=1, nelems=6, elem type=short)
CLS 8099398 (name=sun.nio.cs.ISO_8859_15$Decoder, trace=1)
	super		80a5f90
	static byteToCharTable	80a6030
ARR 80a5ff0 (sz=24, trace=1, nelems=4, elem type=short)
ARR 80a6010 (sz=528, trace=1, nelems=256, elem type=char)
OBJ 80a6030 (sz=24, trace=1, class=java.lang.String@808a868)
	value		80a6010
ARR 80a6050 (sz=24, trace=1, nelems=5, elem type=char)
OBJ 80a6070 (sz=24, trace=1, class=java.lang.String@808a868)
	value		80a6050
ARR 80a6090 (sz=24, trace=1, nelems=6, elem type=char)
OBJ 80a60b0 (sz=24, trace=1, class=java.lang.String@808a868)
	value		80a6090
ARR 80a60d0 (sz=32, trace=1, nelems=10, elem type=char)
OBJ 80a60f0 (sz=24, trace=1, class=java.lang.String@808a868)
	value		80a60d0
ARR 80a6110 (sz=32, trace=1, nelems=7, elem type=char)
OBJ 80a6130 (sz=24, trace=1, class=java.lang.String@808a868)
	value		80a6110
ARR 80a6150 (sz=72, trace=1, nelems=28, elem type=char)
OBJ 80a6170 (sz=24, trace=1, class=java.lang.String@808a868)
	value		80a6150
ARR 80a6190 (sz=16, trace=1, nelems=1, elem type=char)
OBJ 80a61b0 (sz=24, trace=1, class=java.lang.String@808a868)
	value		80a6190
ARR 80a61d0 (sz=48, trace=1, nelems=36, elem type=byte)
ARR 80a61f0 (sz=64, trace=1, nelems=24, elem type=short)
CLS 8099458 (name=java.nio.charset.CodingErrorAction, trace=1)
	super		808aef8
	static REPORT	8099538
	static REPLACE	8099518
	static IGNORE	80994f8
ARR 80a6230 (sz=24, trace=1, nelems=6, elem type=char)
OBJ 80a6250 (sz=24, trace=1, class=java.lang.String@808a868)
	value		80a6230
ARR 80a6270 (sz=32, trace=1, nelems=7, elem type=char)
OBJ 80a6290 (sz=24, trace=1, class=java.lang.String@808a868)
	value		80a6270
ARR 80a62b0 (sz=24, trace=1, nelems=6, elem type=char)
OBJ 80a62d0 (sz=24, trace=1, class=java.lang.String@808a868)
	value		80a62b0
ARR 80a62f0 (sz=264, trace=1, nelems=249, elem type=byte)
ARR 80a6330 (sz=72, trace=1, nelems=30, elem type=short)
ARR 80a6370 (sz=32, trace=1, nelems=4, elem type=int)
CLS 80a6390 (name=java.nio.ByteBuffer, trace=1)
	super		80a14b0
ARR 80a63b0 (sz=368, trace=1, nelems=351, elem type=byte)
ARR 80a63d0 (sz=16, trace=1, nelems=0, elem type=short)
CLS 809b090 (name=java.nio.HeapByteBuffer, trace=1)
	super		80a6390
ARR 80a6410 (sz=448, trace=1, nelems=433, elem type=byte)
ARR 80a6430 (sz=96, trace=1, nelems=42, elem type=short)
ARR 80a6470 (sz=48, trace=1, nelems=8, elem type=int)
CLS 80a6490 (name=java.nio.Bits, trace=1)
	super		808aef8
	static byteOrder	8099718
	static unsafe	8099638
ARR 80a64b0 (sz=144, trace=1, nelems=132, elem type=byte)
ARR 80a64d0 (sz=40, trace=1, nelems=12, elem type=short)
CLS 8099598 (name=sun.misc.Unsafe, trace=1)
	super		808aef8
	static theUnsafe	8099638
ARR 80a6510 (sz=56, trace=1, nelems=39, elem type=byte)
ARR 80a6530 (sz=48, trace=1, nelems=18, elem type=short)
CLS 8099658 (name=java.nio.ByteOrder, trace=1)
	super		808aef8
	static LITTLE_ENDIAN	8099718
	static BIG_ENDIAN	80996f8
ARR 80a6570 (sz=32, trace=1, nelems=10, elem type=char)
OBJ 80a6590 (sz=24, trace=1, class=java.lang.String@808a868)
	value		80a6570
ARR 80a65b0 (sz=40, trace=1, nelems=13, elem type=char)
OBJ 80a65d0 (sz=24, trace=1, class=java.lang.String@808a868)
	value		80a65b0
ARR 80a65f0 (sz=192, trace=1, nelems=173, elem type=byte)
ARR 80a6630 (sz=48, trace=1, nelems=18, elem type=short)
ARR 80a6670 (sz=32, trace=1, nelems=4, elem type=int)
ARR 80a6690 (sz=32, trace=1, nelems=4, elem type=int)
CLS 80a66b0 (name=java.nio.CharBuffer, trace=1)
	super		80a14b0
ARR 80a66d0 (sz=192, trace=1, nelems=173, elem type=byte)
ARR 80a66f0 (sz=16, trace=1, nelems=0, elem type=short)
ARR 80a6730 (sz=32, trace=1, nelems=4, elem type=int)
CLS 80a6750 (name=java.nio.HeapCharBuffer, trace=1)
	super		80a66b0
ARR 80a6770 (sz=144, trace=1, nelems=131, elem type=byte)
ARR 80a6790 (sz=160, trace=1, nelems=72, elem type=short)
CLS 8099758 (name=java.nio.charset.CoderResult, trace=1)
	super		808aef8
	static unmappableCache	8099998
	static malformedCache	80998d8
	static OVERFLOW	8099818
	static UNDERFLOW	80997f8
	static names	8099738
ARR 80a67d0 (sz=40, trace=1, nelems=12, elem type=short)
ARR 80a67f0 (sz=32, trace=1, nelems=9, elem type=char)
OBJ 80a6810 (sz=24, trace=1, class=java.lang.String@808a868)
	value		80a67f0
ARR 80a6830 (sz=32, trace=1, nelems=8, elem type=char)
OBJ 80a6850 (sz=24, trace=1, class=java.lang.String@808a868)
	value		80a6830
ARR 80a6870 (sz=32, trace=1, nelems=9, elem type=char)
OBJ 80a6890 (sz=24, trace=1, class=java.lang.String@808a868)
	value		80a6870
ARR 80a68b0 (sz=32, trace=1, nelems=10, elem type=char)
OBJ 80a68d0 (sz=24, trace=1, class=java.lang.String@808a868)
	value		80a68b0
ARR 80a68f0 (sz=40, trace=1, nelems=24, elem type=byte)
ARR 80a6910 (sz=80, trace=1, nelems=68, elem type=byte)
ARR 80a6930 (sz=24, trace=1, nelems=6, elem type=short)
CLS 80a6970 (name=java.nio.charset.CoderResult$Cache, trace=1)
	super		808aef8
ARR 80a6990 (sz=32, trace=1, nelems=8, elem type=short)
ARR 80a69b0 (sz=16, trace=1, nelems=0, elem type=short)
CLS 8099838 (name=java.nio.charset.CoderResult$1, trace=1)
	super		80a6970
ARR 80a69f0 (sz=32, trace=1, nelems=8, elem type=short)
ARR 80a6a10 (sz=40, trace=1, nelems=26, elem type=byte)
ARR 80a6a30 (sz=16, trace=1, nelems=0, elem type=short)
CLS 80998f8 (name=java.nio.charset.CoderResult$2, trace=1)
	super		80a6970
ARR 80a6a70 (sz=40, trace=1, nelems=12, elem type=short)
ARR 80a6a90 (sz=104, trace=1, nelems=85, elem type=byte)
ARR 80a6ab0 (sz=48, trace=1, nelems=18, elem type=short)
CLS 80a6af0 (name=sun.misc.Version, trace=1)
	super		808aef8
	static java_runtime_version	80a6bb0
	static java_runtime_name	80a6b70
	static java_version	80a6b30
ARR 80a6b10 (sz=32, trace=1, nelems=8, elem type=char)
OBJ 80a6b30 (sz=24, trace=1, class=java.lang.String@808a868)
	value		80a6b10
ARR 80a6b50 (sz=112, trace=1, nelems=48, elem type=char)
OBJ 80a6b70 (sz=24, trace=1, class=java.lang.String@808a868)
	value		80a6b50
ARR 80a6b90 (sz=40, trace=1, nelems=12, elem type=char)
OBJ 80a6bb0 (sz=24, trace=1, class=java.lang.String@808a868)
	value		80a6b90
ARR 80a6bd0 (sz=40, trace=1, nelems=12, elem type=char)
OBJ 80a6bf0 (sz=24, trace=1, class=java.lang.String@808a868)
	value		80a6bd0
ARR 80a6c10 (sz=56, trace=1, nelems=20, elem type=char)
OBJ 80a6c30 (sz=24, trace=1, class=java.lang.String@808a868)
	value		80a6c10
ARR 80a6c50 (sz=48, trace=1, nelems=17, elem type=char)
OBJ 80a6c70 (sz=24, trace=1, class=java.lang.String@808a868)
	value		80a6c50
ARR 80a6c90 (sz=112, trace=1, nelems=98, elem type=byte)
ARR 80a6cb0 (sz=72, trace=1, nelems=60, elem type=byte)
ARR 80a6cd0 (sz=40, trace=1, nelems=12, elem type=short)
ARR 80a6d10 (sz=32, trace=1, nelems=4, elem type=int)
CLS 80a6d30 (name=java.io.InputStream, trace=1)
	super		808aef8
ARR 80a6d50 (sz=40, trace=1, nelems=12, elem type=short)
ARR 80a6d90 (sz=48, trace=1, nelems=8, elem type=int)
CLS 809a650 (name=java.io.FileInputStream, trace=1)
	super		80a6d30
ARR 80a6db0 (sz=56, trace=1, nelems=40, elem type=byte)
ARR 80a6dd0 (sz=64, trace=1, nelems=24, elem type=short)
CLS 809a7d0 (name=java.io.FileDescriptor, trace=1)
	super		808aef8
	static err	809a8b0
	static out	809a890
	static in	809a870
ARR 80a6e10 (sz=128, trace=1, nelems=110, elem type=byte)
ARR 80a6e30 (sz=48, trace=1, nelems=32, elem type=byte)
ARR 80a6e50 (sz=16, trace=1, nelems=0, elem type=short)
CLS 80a6e90 (name=java.io.OutputStream, trace=1)
	super		808aef8
ARR 80a6eb0 (sz=48, trace=1, nelems=18, elem type=short)
ARR 80a6ef0 (sz=48, trace=1, nelems=8, elem type=int)
CLS 809a8d0 (name=java.io.FileOutputStream, trace=1)
	super		80a6e90
ARR 80a6f10 (sz=120, trace=1, nelems=106, elem type=byte)
ARR 80a6f30 (sz=64, trace=1, nelems=51, elem type=byte)
ARR 80a6f50 (sz=24, trace=1, nelems=6, elem type=short)
CLS 80a6f90 (name=java.io.FilterInputStream, trace=1)
	super		80a6d30
ARR 80a6fb0 (sz=88, trace=1, nelems=36, elem type=short)
CLS 809a9f0 (name=java.io.BufferedInputStream, trace=1)
	super		80a6f90
ARR 80a6ff0 (sz=208, trace=1, nelems=190, elem type=byte)
ARR 80a7010 (sz=56, trace=1, nelems=40, elem type=byte)
ARR 80a7030 (sz=24, trace=1, nelems=6, elem type=short)
ARR 80a7070 (sz=32, trace=1, nelems=4, elem type=int)
CLS 80a7090 (name=java.io.FilterOutputStream, trace=1)
	super		80a6e90
ARR 80a70b0 (sz=72, trace=1, nelems=30, elem type=short)
ARR 80a70f0 (sz=64, trace=1, nelems=12, elem type=int)
ARR 80a7110 (sz=64, trace=1, nelems=12, elem type=int)
ARR 80a7130 (sz=80, trace=1, nelems=16, elem type=int)
ARR 80a7150 (sz=80, trace=1, nelems=16, elem type=int)
ARR 80a7170 (sz=80, trace=1, nelems=16, elem type=int)
ARR 80a7190 (sz=80, trace=1, nelems=16, elem type=int)
ARR 80a71b0 (sz=80, trace=1, nelems=16, elem type=int)
ARR 80a71d0 (sz=48, trace=1, nelems=8, elem type=int)
ARR 80a71f0 (sz=48, trace=1, nelems=8, elem type=int)
ARR 80a7210 (sz=48, trace=1, nelems=8, elem type=int)
ARR 80a7230 (sz=48, trace=1, nelems=8, elem type=int)
ARR 80a7250 (sz=48, trace=1, nelems=8, elem type=int)
ARR 80a7270 (sz=48, trace=1, nelems=8, elem type=int)
ARR 80a7290 (sz=48, trace=1, nelems=8, elem type=int)
ARR 80a72b0 (sz=48, trace=1, nelems=8, elem type=int)
ARR 80a72d0 (sz=48, trace=1, nelems=8, elem type=int)
CLS 809aad0 (name=java.io.PrintStream, trace=1)
	super		80a7090
ARR 80a72f0 (sz=72, trace=1, nelems=60, elem type=byte)
ARR 80a7310 (sz=40, trace=1, nelems=12, elem type=short)
CLS 809ab90 (name=java.io.BufferedOutputStream, trace=1)
	super		80a7090
ARR 80a7350 (sz=96, trace=1, nelems=80, elem type=byte)
ARR 80a7370 (sz=72, trace=1, nelems=56, elem type=byte)
ARR 80a7390 (sz=48, trace=1, nelems=18, elem type=short)
ARR 80a73d0 (sz=48, trace=1, nelems=8, elem type=int)
ARR 80a73f0 (sz=48, trace=1, nelems=8, elem type=int)
CLS 80a7410 (name=java.io.Writer, trace=1)
	super		808aef8
ARR 80a7430 (sz=24, trace=1, nelems=6, elem type=short)
ARR 80a7470 (sz=32, trace=1, nelems=4, elem type=int)
CLS 809ac70 (name=java.io.OutputStreamWriter, trace=1)
	super		80a7410
ARR 80a7490 (sz=160, trace=1, nelems=148, elem type=byte)
ARR 80a74b0 (sz=48, trace=1, nelems=18, elem type=short)
ARR 80a74f0 (sz=32, trace=1, nelems=4, elem type=int)
ARR 80a7510 (sz=48, trace=1, nelems=8, elem type=int)
ARR 80a7530 (sz=64, trace=1, nelems=12, elem type=int)
ARR 80a7550 (sz=48, trace=1, nelems=8, elem type=int)
ARR 80a7570 (sz=64, trace=1, nelems=12, elem type=int)
ARR 80a7590 (sz=32, trace=1, nelems=4, elem type=int)
CLS 80a75b0 (name=sun.nio.cs.StreamEncoder, trace=1)
	super		80a7410
	static class$sun$nio$cs$StreamEncoder	80a75b0
ARR 80a75d0 (sz=40, trace=1, nelems=12, elem type=short)
ARR 80a75f0 (sz=272, trace=1, nelems=260, elem type=byte)
ARR 80a7610 (sz=120, trace=1, nelems=54, elem type=short)
CLS 809ad30 (name=sun.nio.cs.StreamEncoder$CharsetSE, trace=1)
	super		80a75b0
ARR 80a7650 (sz=32, trace=1, nelems=8, elem type=short)
ARR 80a7670 (sz=64, trace=1, nelems=24, elem type=char)
OBJ 80a7690 (sz=24, trace=1, class=java.lang.String@808a868)
	value		80a7670
ARR 80a76b0 (sz=48, trace=1, nelems=30, elem type=byte)
ARR 80a76d0 (sz=192, trace=1, nelems=178, elem type=byte)
ARR 80a76f0 (sz=344, trace=1, nelems=330, elem type=byte)
ARR 80a7710 (sz=168, trace=1, nelems=78, elem type=short)
ARR 80a7750 (sz=48, trace=1, nelems=8, elem type=int)
ARR 80a7770 (sz=80, trace=1, nelems=16, elem type=int)
CLS 80a7790 (name=java.nio.charset.CharsetEncoder, trace=1)
	super		808aef8
	static stateNames	809adf0
ARR 80a77b0 (sz=112, trace=1, nelems=48, elem type=short)
ARR 80a77f0 (sz=128, trace=1, nelems=28, elem type=int)
ARR 80a7810 (sz=128, trace=1, nelems=28, elem type=int)
ARR 80a7830 (sz=32, trace=1, nelems=4, elem type=int)
CLS 80a7850 (name=sun.nio.cs.SingleByteEncoder, trace=1)
	super		80a7790
	static class$sun$nio$cs$SingleByteEncoder	80a7850
ARR 80a7870 (sz=24, trace=1, nelems=4, elem type=short)
ARR 80a7890 (sz=40, trace=1, nelems=12, elem type=short)
CLS 809ae30 (name=sun.nio.cs.ISO_8859_15$Encoder, trace=1)
	super		80a7850
	static index1	809ae10
	static index2	80a7910
ARR 80a78d0 (sz=24, trace=1, nelems=4, elem type=short)
ARR 80a78f0 (sz=1464, trace=1, nelems=723, elem type=char)
OBJ 80a7910 (sz=24, trace=1, class=java.lang.String@808a868)
	value		80a78f0
ARR 80a7930 (sz=72, trace=1, nelems=28, elem type=char)
OBJ 80a7950 (sz=24, trace=1, class=java.lang.String@808a868)
	value		80a7930
ARR 80a7970 (sz=104, trace=1, nelems=92, elem type=byte)
ARR 80a7990 (sz=64, trace=1, nelems=24, elem type=short)
CLS 809afd0 (name=sun.nio.cs.Surrogate$Parser, trace=1)
	super		808aef8
ARR 80a79d0 (sz=24, trace=1, nelems=4, elem type=short)
ARR 80a79f0 (sz=104, trace=1, nelems=92, elem type=byte)
ARR 80a7a10 (sz=136, trace=1, nelems=60, elem type=short)
ARR 80a7a50 (sz=32, trace=1, nelems=4, elem type=int)
CLS 80a7a70 (name=sun.nio.cs.Surrogate, trace=1)
	super		808aef8
	static class$sun$nio$cs$Surrogate	80a7a70
ARR 80a7a90 (sz=32, trace=1, nelems=8, elem type=short)
ARR 80a7ab0 (sz=56, trace=1, nelems=20, elem type=char)
OBJ 80a7ad0 (sz=24, trace=1, class=java.lang.String@808a868)
	value		80a7ab0
ARR 80a7af0 (sz=128, trace=1, nelems=115, elem type=byte)
ARR 80a7b10 (sz=88, trace=1, nelems=36, elem type=short)
ARR 80a7b50 (sz=64, trace=1, nelems=12, elem type=int)
ARR 80a7b70 (sz=48, trace=1, nelems=8, elem type=int)
ARR 80a7b90 (sz=80, trace=1, nelems=16, elem type=int)
ARR 80a7bb0 (sz=48, trace=1, nelems=8, elem type=int)
ARR 80a7bd0 (sz=48, trace=1, nelems=8, elem type=int)
ARR 80a7bf0 (sz=64, trace=1, nelems=12, elem type=int)
CLS 809b170 (name=java.io.BufferedWriter, trace=1)
	super		80a7410
ARR 80a7c10 (sz=40, trace=1, nelems=14, elem type=char)
OBJ 80a7c30 (sz=24, trace=1, class=java.lang.String@808a868)
	value		80a7c10
ARR 80a7c50 (sz=528, trace=1, nelems=515, elem type=byte)
ARR 80a7c70 (sz=160, trace=1, nelems=72, elem type=short)
ARR 80a7cb0 (sz=64, trace=1, nelems=12, elem type=int)
ARR 80a7cd0 (sz=48, trace=1, nelems=8, elem type=int)
ARR 80a7cf0 (sz=32, trace=1, nelems=4, elem type=int)
ARR 80a7d10 (sz=64, trace=1, nelems=12, elem type=int)
ARR 80a7d30 (sz=32, trace=1, nelems=4, elem type=int)
ARR 80a7d50 (sz=32, trace=1, nelems=4, elem type=int)
ARR 80a7d70 (sz=32, trace=1, nelems=4, elem type=int)
ARR 80a7d90 (sz=32, trace=1, nelems=4, elem type=int)
ARR 80a7db0 (sz=32, trace=1, nelems=4, elem type=int)
ARR 80a7dd0 (sz=32, trace=1, nelems=4, elem type=int)
CLS 809b750 (name=java.util.logging.LogManager, trace=1)
	super		808aef8
	static class$java$util$logging$LogManager	809b750
	static defaultLevel	809b690
	static emptyHandlers	809b490
	static manager	809b7f0
ARR 80a7df0 (sz=64, trace=1, nelems=24, elem type=short)
ARR 80a7e10 (sz=168, trace=1, nelems=149, elem type=byte)
ARR 80a7e30 (sz=112, trace=1, nelems=48, elem type=short)
ARR 80a7e70 (sz=32, trace=1, nelems=4, elem type=int)
CLS 809b3f0 (name=java.util.logging.Handler, trace=1)
	super		808aef8
ARR 80a7eb0 (sz=192, trace=1, nelems=180, elem type=byte)
ARR 80a7ef0 (sz=192, trace=1, nelems=90, elem type=short)
ARR 80a7f30 (sz=48, trace=1, nelems=8, elem type=int)
ARR 80a7f50 (sz=32, trace=1, nelems=4, elem type=int)
ARR 80a7f70 (sz=64, trace=1, nelems=12, elem type=int)
ARR 80a7f90 (sz=32, trace=1, nelems=4, elem type=int)
ARR 80a7fb0 (sz=32, trace=1, nelems=4, elem type=int)
ARR 80a7fd0 (sz=32, trace=1, nelems=4, elem type=int)
CLS 809b590 (name=java.util.logging.Level, trace=1)
	super		808aef8
	static class$java$util$logging$Level	809b590
	static ALL	809b730
	static FINEST	809b710
	static FINER	809b6f0
	static FINE	809b6d0
	static CONFIG	809b6b0
	static INFO	809b690
	static WARNING	809b670
	static SEVERE	809b650
	static OFF	809b630
	static defaultBundle	80a80f0
	static known	809b550
ARR 80a7ff0 (sz=216, trace=1, nelems=201, elem type=byte)
ARR 80a8030 (sz=40, trace=1, nelems=7, elem type=int)
ARR 80a8070 (sz=48, trace=1, nelems=18, elem type=short)
ARR 80a80b0 (sz=32, trace=1, nelems=4, elem type=int)
CLS 809b4b0 (name=java.util.ArrayList, trace=1)
	super		80a1230
ARR 80a80d0 (sz=80, trace=1, nelems=34, elem type=char)
OBJ 80a80f0 (sz=24, trace=1, class=java.lang.String@808a868)
	value		80a80d0
ARR 80a8110 (sz=24, trace=1, nelems=3, elem type=char)
OBJ 80a8130 (sz=24, trace=1, class=java.lang.String@808a868)
	value		80a8110
ARR 80a8150 (sz=64, trace=1, nelems=23, elem type=char)
OBJ 80a8170 (sz=24, trace=1, class=java.lang.String@808a868)
	value		80a8150
ARR 80a8190 (sz=24, trace=1, nelems=6, elem type=char)
OBJ 80a81b0 (sz=24, trace=1, class=java.lang.String@808a868)
	value		80a8190
ARR 80a81d0 (sz=32, trace=1, nelems=7, elem type=char)
OBJ 80a81f0 (sz=24, trace=1, class=java.lang.String@808a868)
	value		80a81d0
ARR 80a8210 (sz=24, trace=1, nelems=4, elem type=char)
OBJ 80a8230 (sz=24, trace=1, class=java.lang.String@808a868)
	value		80a8210
ARR 80a8250 (sz=24, trace=1, nelems=6, elem type=char)
OBJ 80a8270 (sz=24, trace=1, class=java.lang.String@808a868)
	value		80a8250
ARR 80a8290 (sz=24, trace=1, nelems=4, elem type=char)
OBJ 80a82b0 (sz=24, trace=1, class=java.lang.String@808a868)
	value		80a8290
ARR 80a82d0 (sz=24, trace=1, nelems=5, elem type=char)
OBJ 80a82f0 (sz=24, trace=1, class=java.lang.String@808a868)
	value		80a82d0
ARR 80a8310 (sz=24, trace=1, nelems=6, elem type=char)
OBJ 80a8330 (sz=24, trace=1, class=java.lang.String@808a868)
	value		80a8310
ARR 80a8350 (sz=24, trace=1, nelems=3, elem type=char)
OBJ 80a8370 (sz=24, trace=1, class=java.lang.String@808a868)
	value		80a8350
ARR 80a8390 (sz=64, trace=1, nelems=25, elem type=char)
OBJ 80a83b0 (sz=24, trace=1, class=java.lang.String@808a868)
	value		80a8390
ARR 80a83d0 (sz=232, trace=1, nelems=219, elem type=byte)
ARR 80a8410 (sz=72, trace=1, nelems=30, elem type=short)
ARR 80a8450 (sz=48, trace=1, nelems=8, elem type=int)
ARR 80a8470 (sz=48, trace=1, nelems=8, elem type=int)
ARR 80a8490 (sz=48, trace=1, nelems=8, elem type=int)
CLS 809b810 (name=java.beans.PropertyChangeSupport, trace=1)
	super		808aef8
ARR 80a84b0 (sz=72, trace=1, nelems=28, elem type=char)
OBJ 80a84d0 (sz=24, trace=1, class=java.lang.String@808a868)
	value		80a84b0
ARR 80a84f0 (sz=72, trace=1, nelems=60, elem type=byte)
ARR 80a8510 (sz=48, trace=1, nelems=18, elem type=short)
CLS 809b9b0 (name=java.util.logging.LogManager$LogNode, trace=1)
	super		808aef8
ARR 80a8550 (sz=24, trace=1, nelems=4, elem type=short)
ARR 80a8570 (sz=64, trace=1, nelems=47, elem type=byte)
ARR 80a8590 (sz=16, trace=1, nelems=0, elem type=short)
CLS 809ba70 (name=java.util.logging.LoggingPermission, trace=1)
	super		80a2770
ARR 80a85d0 (sz=32, trace=1, nelems=7, elem type=char)
OBJ 80a85f0 (sz=24, trace=1, class=java.lang.String@808a868)
	value		80a85d0
ARR 80a8610 (sz=216, trace=1, nelems=197, elem type=byte)
ARR 80a8630 (sz=24, trace=1, nelems=6, elem type=short)
ARR 80a8670 (sz=32, trace=1, nelems=4, elem type=int)
CLS 809bb30 (name=java.lang.Runtime, trace=1)
	super		808aef8
	static currentRuntime	809bbd0
ARR 80a8690 (sz=56, trace=1, nelems=40, elem type=byte)
ARR 80a86b0 (sz=24, trace=1, nelems=6, elem type=short)
ARR 80a86f0 (sz=48, trace=1, nelems=8, elem type=int)
CLS 809bbf0 (name=java.util.logging.LogManager$Cleaner, trace=1)
	super		808ab90
ARR 80a8710 (sz=32, trace=1, nelems=8, elem type=short)
ARR 80a8730 (sz=32, trace=1, nelems=7, elem type=char)
OBJ 80a8750 (sz=24, trace=1, class=java.lang.String@808a868)
	value		80a8730
ARR 80a8770 (sz=24, trace=1, nelems=3, elem type=char)
OBJ 80a8790 (sz=24, trace=1, class=java.lang.String@808a868)
	value		80a8770
ARR 80a87b0 (sz=184, trace=1, nelems=169, elem type=byte)
ARR 80a87d0 (sz=112, trace=1, nelems=48, elem type=short)
ARR 80a8810 (sz=48, trace=1, nelems=8, elem type=int)
ARR 80a8830 (sz=48, trace=1, nelems=8, elem type=int)
ARR 80a8850 (sz=64, trace=1, nelems=12, elem type=int)
ARR 80a8870 (sz=32, trace=1, nelems=4, elem type=int)
ARR 80a8890 (sz=96, trace=1, nelems=20, elem type=int)
ARR 80a88b0 (sz=80, trace=1, nelems=16, elem type=int)
ARR 80a88d0 (sz=80, trace=1, nelems=16, elem type=int)
ARR 80a88f0 (sz=32, trace=1, nelems=4, elem type=int)
CLS 80a8910 (name=java.lang.Shutdown, trace=1)
	super		808aef8
	static lock	809bdd0
	static hooks	809beb0
ARR 80a8930 (sz=40, trace=1, nelems=12, elem type=short)
ARR 80a8950 (sz=40, trace=1, nelems=23, elem type=byte)
ARR 80a8970 (sz=16, trace=1, nelems=0, elem type=short)
CLS 809bd30 (name=java.lang.Shutdown$Lock, trace=1)
	super		808aef8
ARR 80a89b0 (sz=32, trace=1, nelems=8, elem type=short)
ARR 80a89d0 (sz=176, trace=1, nelems=161, elem type=byte)
ARR 80a89f0 (sz=80, trace=1, nelems=63, elem type=byte)
ARR 80a8a30 (sz=48, trace=1, nelems=31, elem type=byte)
ARR 80a8a70 (sz=16, trace=1, nelems=0, elem type=short)
CLS 80a8ab0 (name=java.util.Set, trace=1)
	super		808aef8
ARR 80a8ad0 (sz=24, trace=1, nelems=3, elem type=int)
ARR 80a8b10 (sz=16, trace=1, nelems=0, elem type=short)
ARR 80a8b50 (sz=48, trace=1, nelems=8, elem type=int)
CLS 80a8b70 (name=java.util.AbstractSet, trace=1)
	super		80a10d0
ARR 80a8bb0 (sz=40, trace=1, nelems=7, elem type=int)
ARR 80a8bf0 (sz=48, trace=1, nelems=18, elem type=short)
ARR 80a8c30 (sz=32, trace=1, nelems=4, elem type=int)
CLS 809be10 (name=java.util.HashSet, trace=1)
	super		80a8b70
	static PRESENT	809bdf0
ARR 80a8c50 (sz=48, trace=1, nelems=35, elem type=byte)
ARR 80a8c70 (sz=24, trace=1, nelems=6, elem type=short)
CLS 809bf10 (name=java.lang.Shutdown$WrappedHook, trace=1)
	super		808aef8
ARR 80a8cb0 (sz=24, trace=1, nelems=4, elem type=short)
ARR 80a8cd0 (sz=56, trace=1, nelems=42, elem type=byte)
ARR 80a8cf0 (sz=24, trace=1, nelems=6, elem type=short)
ARR 80a8d30 (sz=32, trace=1, nelems=4, elem type=int)
CLS 80a8d50 (name=java.lang.Terminator, trace=1)
	super		808aef8
	static handler	809c0c8
ARR 80a8d70 (sz=24, trace=1, nelems=4, elem type=short)
ARR 80a8d90 (sz=48, trace=1, nelems=31, elem type=byte)
ARR 80a8dd0 (sz=40, trace=1, nelems=26, elem type=byte)
ARR 80a8df0 (sz=40, trace=1, nelems=12, elem type=short)
CLS 80a8e30 (name=sun.misc.SignalHandler, trace=1)
	super		808aef8
	static SIG_IGN	809c3e8
	static SIG_DFL	809c3c8
ARR 80a8e50 (sz=16, trace=1, nelems=0, elem type=short)
CLS 809c028 (name=java.lang.Terminator$1, trace=1)
	super		808aef8
ARR 80a8e90 (sz=24, trace=1, nelems=4, elem type=short)
ARR 80a8eb0 (sz=160, trace=1, nelems=141, elem type=byte)
ARR 80a8ed0 (sz=64, trace=1, nelems=24, elem type=short)
ARR 80a8f10 (sz=96, trace=1, nelems=20, elem type=int)
CLS 809c168 (name=sun.misc.Signal, trace=1)
	super		808aef8
	static signals	809c128
	static handlers	809c0e8
ARR 80a8f30 (sz=24, trace=1, nelems=4, elem type=short)
ARR 80a8f50 (sz=24, trace=1, nelems=3, elem type=char)
OBJ 80a8f70 (sz=24, trace=1, class=java.lang.String@808a868)
	value		80a8f50
ARR 80a8f90 (sz=48, trace=1, nelems=34, elem type=byte)
ARR 80a8fd0 (sz=24, trace=1, nelems=6, elem type=short)
CLS 809c328 (name=sun.misc.NativeSignalHandler, trace=1)
	super		808aef8
ARR 80a9010 (sz=24, trace=1, nelems=3, elem type=char)
OBJ 80a9030 (sz=24, trace=1, class=java.lang.String@808a868)
	value		80a9010
ARR 80a9050 (sz=24, trace=1, nelems=4, elem type=char)
OBJ 80a9070 (sz=24, trace=1, class=java.lang.String@808a868)
	value		80a9050
ARR 80a9090 (sz=72, trace=1, nelems=56, elem type=byte)
ARR 80a90b0 (sz=432, trace=1, nelems=417, elem type=byte)
ARR 80a90d0 (sz=232, trace=1, nelems=108, elem type=short)
ARR 80a9110 (sz=64, trace=1, nelems=12, elem type=int)
ARR 80a9130 (sz=48, trace=1, nelems=8, elem type=int)
ARR 80a9150 (sz=48, trace=1, nelems=8, elem type=int)
ARR 80a9170 (sz=48, trace=1, nelems=8, elem type=int)
ARR 80a9190 (sz=48, trace=1, nelems=8, elem type=int)
CLS 809c548 (name=java.util.logging.Logger, trace=1)
	super		808aef8
	static global	809c5e8
	static treeLock	809c528
	static emptyHandlers	809c508
ARR 80a91b0 (sz=24, trace=1, nelems=6, elem type=short)
CLS 809c6a8 (name=java.util.logging.LogManager$RootLogger, trace=1)
	super		809c548
ARR 80a91f0 (sz=32, trace=1, nelems=8, elem type=short)
ARR 80a9210 (sz=24, trace=1, nelems=6, elem type=char)
OBJ 80a9230 (sz=24, trace=1, class=java.lang.String@808a868)
	value		80a9210
ARR 80a9250 (sz=24, trace=1, nelems=6, elem type=char)
OBJ 80a9270 (sz=24, trace=1, class=java.lang.String@808a868)
	value		80a9250
ARR 80a9290 (sz=16, trace=1, nelems=1, elem type=char)
OBJ 80a92b0 (sz=24, trace=1, class=java.lang.String@808a868)
	value		80a9290
ARR 80a92d0 (sz=64, trace=1, nelems=47, elem type=byte)
ARR 80a92f0 (sz=24, trace=1, nelems=6, elem type=short)
CLS 809c788 (name=java.util.HashMap$Values, trace=1)
	super		80a10d0
ARR 80a9330 (sz=32, trace=1, nelems=8, elem type=short)
ARR 80a9350 (sz=56, trace=1, nelems=41, elem type=byte)
ARR 80a9370 (sz=88, trace=1, nelems=75, elem type=byte)
ARR 80a93b0 (sz=72, trace=1, nelems=30, elem type=short)
CLS 80a93f0 (name=java.util.HashMap$HashIterator, trace=1)
	super		808aef8
ARR 80a9410 (sz=32, trace=1, nelems=8, elem type=short)
ARR 80a9430 (sz=24, trace=1, nelems=6, elem type=short)
CLS 80a9470 (name=java.util.HashMap$ValueIterator, trace=1)
	super		80a93f0
ARR 80a9490 (sz=48, trace=1, nelems=16, elem type=short)
ARR 80a94b0 (sz=72, trace=1, nelems=30, elem type=char)
OBJ 80a94d0 (sz=24, trace=1, class=java.lang.String@808a868)
	value		80a94b0
ARR 80a94f0 (sz=72, trace=1, nelems=29, elem type=char)
OBJ 80a9510 (sz=24, trace=1, class=java.lang.String@808a868)
	value		80a94f0
ARR 80a9530 (sz=32, trace=1, nelems=9, elem type=char)
OBJ 80a9550 (sz=24, trace=1, class=java.lang.String@808a868)
	value		80a9530
ARR 80a9570 (sz=472, trace=1, nelems=457, elem type=byte)
ARR 80a95b0 (sz=144, trace=1, nelems=66, elem type=short)
ARR 80a95f0 (sz=32, trace=1, nelems=4, elem type=int)
ARR 80a9610 (sz=32, trace=1, nelems=4, elem type=int)
ARR 80a9630 (sz=48, trace=1, nelems=8, elem type=int)
CLS 809d888 (name=java.io.File, trace=1)
	super		808aef8
	static tmpFileLock	809c9e8
	static pathSeparator	809c9c8
	static separator	809c988
	static fs	809c948
ARR 80a9650 (sz=80, trace=1, nelems=68, elem type=byte)
ARR 80a9670 (sz=64, trace=1, nelems=24, elem type=short)
CLS 80a96b0 (name=java.io.FileSystem, trace=1)
	super		808aef8
ARR 80a96d0 (sz=184, trace=1, nelems=169, elem type=byte)
ARR 80a96f0 (sz=40, trace=1, nelems=12, elem type=short)
ARR 80a9730 (sz=32, trace=1, nelems=4, elem type=int)
CLS 809c8a8 (name=java.io.UnixFileSystem, trace=1)
	super		80a96b0
ARR 80a9750 (sz=40, trace=1, nelems=14, elem type=char)
OBJ 80a9770 (sz=24, trace=1, class=java.lang.String@808a868)
	value		80a9750
ARR 80a9790 (sz=40, trace=1, nelems=14, elem type=char)
OBJ 80a97b0 (sz=24, trace=1, class=java.lang.String@808a868)
	value		80a9790
ARR 80a97d0 (sz=24, trace=1, nelems=3, elem type=char)
OBJ 80a97f0 (sz=24, trace=1, class=java.lang.String@808a868)
	value		80a97d0
ARR 80a9810 (sz=16, trace=1, nelems=1, elem type=char)
OBJ 80a9830 (sz=24, trace=1, class=java.lang.String@808a868)
	value		80a9810
ARR 80a9850 (sz=48, trace=1, nelems=18, elem type=char)
OBJ 80a9870 (sz=24, trace=1, class=java.lang.String@808a868)
	value		80a9850
ARR 80a9890 (sz=136, trace=1, nelems=117, elem type=byte)
ARR 80a98b0 (sz=40, trace=1, nelems=26, elem type=byte)
ARR 80a98d0 (sz=24, trace=1, nelems=6, elem type=short)
CLS 80a9910 (name=java.lang.StringCoding$StringEncoder, trace=1)
	super		808aef8
ARR 80a9930 (sz=24, trace=1, nelems=4, elem type=short)
ARR 80a9950 (sz=40, trace=1, nelems=12, elem type=short)
ARR 80a9990 (sz=32, trace=1, nelems=4, elem type=int)
CLS 809ca28 (name=java.lang.StringCoding$CharsetSE, trace=1)
	super		80a9910
ARR 80a99b0 (sz=40, trace=1, nelems=12, elem type=short)
ARR 80a99d0 (sz=128, trace=1, nelems=109, elem type=byte)
ARR 80a9a10 (sz=112, trace=1, nelems=48, elem type=short)
ARR 80a9a50 (sz=48, trace=1, nelems=8, elem type=int)
CLS 80a9a70 (name=java.util.Hashtable$Enumerator, trace=1)
	super		808aef8
ARR 80a9a90 (sz=32, trace=1, nelems=8, elem type=short)
ARR 80a9ab0 (sz=176, trace=1, nelems=157, elem type=byte)
ARR 80a9ad0 (sz=80, trace=1, nelems=67, elem type=byte)
ARR 80a9af0 (sz=48, trace=1, nelems=18, elem type=short)
ARR 80a9b30 (sz=48, trace=1, nelems=8, elem type=int)
CLS 80a9b50 (name=java.io.Reader, trace=1)
	super		808aef8
ARR 80a9b70 (sz=160, trace=1, nelems=72, elem type=short)
ARR 80a9bb0 (sz=64, trace=1, nelems=12, elem type=int)
ARR 80a9bd0 (sz=80, trace=1, nelems=16, elem type=int)
ARR 80a9bf0 (sz=80, trace=1, nelems=16, elem type=int)
ARR 80a9c10 (sz=48, trace=1, nelems=8, elem type=int)
ARR 80a9c30 (sz=48, trace=1, nelems=8, elem type=int)
ARR 80a9c50 (sz=48, trace=1, nelems=8, elem type=int)
ARR 80a9c70 (sz=48, trace=1, nelems=8, elem type=int)
ARR 80a9c90 (sz=64, trace=1, nelems=12, elem type=int)
CLS 80a9cb0 (name=java.io.BufferedReader, trace=1)
	super		80a9b50
ARR 80a9cd0 (sz=88, trace=1, nelems=75, elem type=byte)
ARR 80a9cf0 (sz=24, trace=1, nelems=6, elem type=short)
ARR 80a9d30 (sz=32, trace=1, nelems=4, elem type=int)
CLS 80a9d50 (name=java.io.InputStreamReader, trace=1)
	super		80a9b50
ARR 80a9d70 (sz=184, trace=1, nelems=166, elem type=byte)
ARR 80a9d90 (sz=88, trace=1, nelems=36, elem type=short)
ARR 80a9dd0 (sz=32, trace=1, nelems=4, elem type=int)
ARR 80a9df0 (sz=80, trace=1, nelems=16, elem type=int)
ARR 80a9e10 (sz=112, trace=1, nelems=24, elem type=int)
ARR 80a9e30 (sz=48, trace=1, nelems=8, elem type=int)
ARR 80a9e50 (sz=64, trace=1, nelems=12, elem type=int)
ARR 80a9e70 (sz=32, trace=1, nelems=4, elem type=int)
ARR 80a9e90 (sz=32, trace=1, nelems=4, elem type=int)
CLS 80a9eb0 (name=sun.nio.cs.StreamDecoder, trace=1)
	super		80a9b50
	static class$sun$nio$cs$StreamDecoder	80a9eb0
ARR 80a9ed0 (sz=40, trace=1, nelems=12, elem type=short)
ARR 80a9ef0 (sz=88, trace=1, nelems=70, elem type=byte)
ARR 80a9f30 (sz=24, trace=1, nelems=9, elem type=byte)
ARR 80a9f50 (sz=16, trace=1, nelems=0, elem type=short)
CLS 80a9f90 (name=sun.nio.cs.HistoricallyNamedCharset, trace=1)
	super		808aef8
ARR 80a9fd0 (sz=24, trace=1, nelems=6, elem type=short)
ARR 80aa010 (sz=32, trace=1, nelems=4, elem type=int)
CLS 809cd08 (name=sun.nio.cs.ISO_8859_1, trace=1)
	super		80a42b0
	static class$sun$nio$cs$ISO_8859_1	809cd08
ARR 80aa030 (sz=40, trace=1, nelems=12, elem type=short)
ARR 80aa050 (sz=56, trace=1, nelems=20, elem type=char)
OBJ 80aa070 (sz=24, trace=1, class=java.lang.String@808a868)
	value		80aa050
ARR 80aa090 (sz=56, trace=1, nelems=21, elem type=char)
OBJ 80aa0b0 (sz=24, trace=1, class=java.lang.String@808a868)
	value		80aa090
ARR 80aa0d0 (sz=88, trace=1, nelems=38, elem type=char)
OBJ 80aa0f0 (sz=24, trace=1, class=java.lang.String@808a868)
	value		80aa0d0
ARR 80aa110 (sz=64, trace=1, nelems=23, elem type=char)
OBJ 80aa130 (sz=24, trace=1, class=java.lang.String@808a868)
	value		80aa110
ARR 80aa150 (sz=72, trace=1, nelems=30, elem type=char)
OBJ 80aa170 (sz=24, trace=1, class=java.lang.String@808a868)
	value		80aa150
ARR 80aa190 (sz=232, trace=1, nelems=218, elem type=byte)
ARR 80aa1b0 (sz=88, trace=1, nelems=36, elem type=short)
ARR 80aa1f0 (sz=80, trace=1, nelems=16, elem type=int)
ARR 80aa210 (sz=32, trace=1, nelems=4, elem type=int)
CLS 80aa230 (name=sun.nio.cs.StreamDecoder$CharsetSD, trace=1)
	super		80a9eb0
ARR 80aa250 (sz=32, trace=1, nelems=8, elem type=short)
ARR 80aa270 (sz=64, trace=1, nelems=24, elem type=char)
OBJ 80aa290 (sz=24, trace=1, class=java.lang.String@808a868)
	value		80aa270
ARR 80aa2b0 (sz=128, trace=1, nelems=114, elem type=byte)
ARR 80aa2d0 (sz=24, trace=1, nelems=6, elem type=short)
ARR 80aa310 (sz=64, trace=1, nelems=12, elem type=int)
ARR 80aa330 (sz=64, trace=1, nelems=12, elem type=int)
CLS 80aa350 (name=sun.nio.cs.ISO_8859_1$Decoder, trace=1)
	super		80a5ed0
ARR 80aa370 (sz=32, trace=1, nelems=8, elem type=short)
ARR 80aa390 (sz=24, trace=1, nelems=6, elem type=char)
OBJ 80aa3b0 (sz=24, trace=1, class=java.lang.String@808a868)
	value		80aa390
ARR 80aa3d0 (sz=48, trace=1, nelems=35, elem type=byte)
ARR 80aa3f0 (sz=72, trace=1, nelems=56, elem type=byte)
ARR 80aa430 (sz=24, trace=1, nelems=6, elem type=short)
CLS 80aa470 (name=java.util.EventObject, trace=1)
	super		808aef8
ARR 80aa490 (sz=64, trace=1, nelems=24, elem type=short)
CLS 80aa4d0 (name=java.beans.PropertyChangeEvent, trace=1)
	super		80aa470
ARR 80aa4f0 (sz=24, trace=1, nelems=3, elem type=char)
OBJ 80aa510 (sz=24, trace=1, class=java.lang.String@808a868)
	value		80aa4f0
ARR 80aa530 (sz=48, trace=1, nelems=17, elem type=char)
OBJ 80aa550 (sz=24, trace=1, class=java.lang.String@808a868)
	value		80aa530
ARR 80aa570 (sz=56, trace=1, nelems=21, elem type=char)
OBJ 80aa590 (sz=24, trace=1, class=java.lang.String@808a868)
	value		80aa570
ARR 80aa5b0 (sz=48, trace=1, nelems=36, elem type=byte)
ARR 80aa5f0 (sz=24, trace=1, nelems=6, elem type=short)
CLS 80aa630 (name=java.lang.ClassLoader$3, trace=1)
	super		808aef8
ARR 80aa650 (sz=24, trace=1, nelems=4, elem type=short)
ARR 80aa670 (sz=32, trace=1, nelems=7, elem type=char)
OBJ 80aa690 (sz=24, trace=1, class=java.lang.String@808a868)
	value		80aa670
ARR 80aa6b0 (sz=104, trace=1, nelems=92, elem type=byte)
ARR 80aa6d0 (sz=64, trace=1, nelems=24, elem type=short)
ARR 80aa710 (sz=80, trace=1, nelems=16, elem type=int)
CLS 809d5a8 (name=java.lang.ClassLoader$NativeLibrary, trace=1)
	super		808aef8
ARR 80aa730 (sz=24, trace=1, nelems=4, elem type=short)
ARR 80aa750 (sz=64, trace=1, nelems=50, elem type=byte)
ARR 80aa770 (sz=72, trace=1, nelems=30, elem type=short)
CLS 80aa7b0 (name=sun.misc.VM, trace=1)
	super		808aef8
ARR 80aa7d0 (sz=56, trace=1, nelems=41, elem type=byte)
ARR 80aa7f0 (sz=16, trace=1, nelems=0, elem type=short)
CLS 80aa830 (name=java.lang.Compiler, trace=1)
	super		808aef8
ARR 80aa850 (sz=24, trace=1, nelems=4, elem type=short)
ARR 80aa870 (sz=96, trace=1, nelems=81, elem type=byte)
ARR 80aa8b0 (sz=16, trace=1, nelems=0, elem type=short)
ARR 80aa8f0 (sz=32, trace=1, nelems=4, elem type=int)
CLS 80aa910 (name=java.lang.Compiler$1, trace=1)
	super		808aef8
ARR 80aa930 (sz=24, trace=1, nelems=4, elem type=short)
ARR 80aa950 (sz=40, trace=1, nelems=13, elem type=char)
OBJ 80aa970 (sz=24, trace=1, class=java.lang.String@808a868)
	value		80aa950
ARR 80aa990 (sz=40, trace=1, nelems=12, elem type=char)
OBJ 80aa9b0 (sz=24, trace=1, class=java.lang.String@808a868)
	value		80aa990
ARR 80aa9d0 (sz=32, trace=1, nelems=7, elem type=char)
OBJ 80aa9f0 (sz=24, trace=1, class=java.lang.String@808a868)
	value		80aa9d0
ARR 80aaa10 (sz=232, trace=1, nelems=217, elem type=byte)
ARR 80aaa30 (sz=64, trace=1, nelems=24, elem type=short)
ARR 80aaa70 (sz=112, trace=1, nelems=24, elem type=int)
ARR 80aaa90 (sz=48, trace=1, nelems=8, elem type=int)
CLS 809d7c8 (name=sun.misc.Launcher, trace=1)
	super		808aef8
	static launcher	809d868
	static factory	809d7a8
ARR 80aaab0 (sz=56, trace=1, nelems=20, elem type=short)
ARR 80aaad0 (sz=96, trace=1, nelems=81, elem type=byte)
ARR 80aab10 (sz=24, trace=1, nelems=9, elem type=byte)
ARR 80aab30 (sz=16, trace=1, nelems=0, elem type=short)
CLS 80aab70 (name=java.net.URLStreamHandlerFactory, trace=1)
	super		808aef8
ARR 80aab90 (sz=24, trace=1, nelems=6, elem type=short)
ARR 80aabd0 (sz=64, trace=1, nelems=12, elem type=int)
CLS 809d708 (name=sun.misc.Launcher$Factory, trace=1)
	super		808aef8
	static PREFIX	80aac30
ARR 80aabf0 (sz=32, trace=1, nelems=8, elem type=short)
ARR 80aac10 (sz=56, trace=1, nelems=20, elem type=char)
OBJ 80aac30 (sz=24, trace=1, class=java.lang.String@808a868)
	value		80aac10
ARR 80aac50 (sz=176, trace=1, nelems=157, elem type=byte)
ARR 80aac70 (sz=368, trace=1, nelems=356, elem type=byte)
ARR 80aac90 (sz=128, trace=1, nelems=116, elem type=byte)
ARR 80aacb0 (sz=48, trace=1, nelems=18, elem type=short)
ARR 80aacf0 (sz=48, trace=1, nelems=8, elem type=int)
CLS 80aad10 (name=java.security.SecureClassLoader, trace=1)
	super		809f570
ARR 80aad30 (sz=40, trace=1, nelems=12, elem type=short)
ARR 80aad70 (sz=32, trace=1, nelems=4, elem type=int)
ARR 80aad90 (sz=32, trace=1, nelems=4, elem type=int)
CLS 80aadb0 (name=java.net.URLClassLoader, trace=1)
	super		80aad10
ARR 80aadd0 (sz=72, trace=1, nelems=28, elem type=short)
ARR 80aadf0 (sz=24, trace=1, nelems=6, elem type=short)
ARR 80aae30 (sz=32, trace=1, nelems=4, elem type=int)
CLS 809d9a0 (name=sun.misc.Launcher$ExtClassLoader, trace=1)
	super		80aadb0
ARR 80aae50 (sz=32, trace=1, nelems=8, elem type=short)
ARR 80aae70 (sz=24, trace=1, nelems=3, elem type=char)
OBJ 80aae90 (sz=24, trace=1, class=java.lang.String@808a868)
	value		80aae70
ARR 80aaeb0 (sz=144, trace=1, nelems=129, elem type=byte)
ARR 80aaed0 (sz=40, trace=1, nelems=12, elem type=short)
CLS 80aaf10 (name=sun.security.util.Debug, trace=1)
	super		808aef8
ARR 80aaf30 (sz=56, trace=1, nelems=19, elem type=char)
OBJ 80aaf50 (sz=24, trace=1, class=java.lang.String@808a868)
	value		80aaf30
ARR 80aaf70 (sz=64, trace=1, nelems=24, elem type=char)
OBJ 80aaf90 (sz=24, trace=1, class=java.lang.String@808a868)
	value		80aaf70
ARR 80aafb0 (sz=40, trace=1, nelems=13, elem type=char)
OBJ 80aafd0 (sz=24, trace=1, class=java.lang.String@808a868)
	value		80aafb0
ARR 80aaff0 (sz=112, trace=1, nelems=96, elem type=byte)
ARR 80ab030 (sz=112, trace=1, nelems=48, elem type=short)
CLS 80ab070 (name=java.util.StringTokenizer, trace=1)
	super		808aef8
ARR 80ab0b0 (sz=48, trace=1, nelems=35, elem type=byte)
ARR 80ab0f0 (sz=24, trace=1, nelems=12, elem type=byte)
ARR 80ab110 (sz=16, trace=1, nelems=0, elem type=short)
CLS 80ab150 (name=java.security.PrivilegedExceptionAction, trace=1)
	super		808aef8
ARR 80ab170 (sz=24, trace=1, nelems=6, elem type=short)
CLS 80ab1b0 (name=sun.misc.Launcher$1, trace=1)
	super		808aef8
ARR 80ab1d0 (sz=32, trace=1, nelems=8, elem type=short)
ARR 80ab1f0 (sz=160, trace=1, nelems=144, elem type=byte)
ARR 80ab210 (sz=24, trace=1, nelems=6, elem type=short)
ARR 80ab250 (sz=32, trace=1, nelems=4, elem type=int)
CLS 80ab270 (name=sun.net.www.ParseUtil, trace=1)
	super		808aef8
	static encodedInPath	809db20
ARR 80ab290 (sz=240, trace=1, nelems=221, elem type=byte)
ARR 80ab2d0 (sz=112, trace=1, nelems=48, elem type=short)
ARR 80ab310 (sz=32, trace=1, nelems=4, elem type=int)
CLS 809da80 (name=java.util.BitSet, trace=1)
	super		808aef8
	static trailingZeroTable	809da60
ARR 80ab330 (sz=408, trace=1, nelems=391, elem type=byte)
ARR 80ab370 (sz=232, trace=1, nelems=108, elem type=short)
ARR 80ab3b0 (sz=48, trace=1, nelems=8, elem type=int)
ARR 80ab3d0 (sz=48, trace=1, nelems=8, elem type=int)
ARR 80ab3f0 (sz=48, trace=1, nelems=8, elem type=int)
ARR 80ab410 (sz=48, trace=1, nelems=8, elem type=int)
ARR 80ab430 (sz=96, trace=1, nelems=20, elem type=int)
CLS 809dc38 (name=java.net.URL, trace=1)
	super		808aef8
	static streamHandlerLock	809dc18
	static handlers	809dbd8
	static protocolPathProp	80ab470
ARR 80ab450 (sz=64, trace=1, nelems=26, elem type=char)
OBJ 80ab470 (sz=24, trace=1, class=java.lang.String@808a868)
	value		80ab450
ARR 80ab490 (sz=24, trace=1, nelems=4, elem type=char)
OBJ 80ab4b0 (sz=24, trace=1, class=java.lang.String@808a868)
	value		80ab490
ARR 80ab4d0 (sz=56, trace=1, nelems=44, elem type=byte)
ARR 80ab4f0 (sz=48, trace=1, nelems=18, elem type=short)
CLS 80ab530 (name=java.net.Parts, trace=1)
	super		808aef8
ARR 80ab550 (sz=448, trace=1, nelems=436, elem type=byte)
ARR 80ab590 (sz=384, trace=1, nelems=186, elem type=short)
ARR 80ab5d0 (sz=32, trace=1, nelems=4, elem type=int)
ARR 80ab5f0 (sz=32, trace=1, nelems=4, elem type=int)
ARR 80ab610 (sz=32, trace=1, nelems=4, elem type=int)
ARR 80ab630 (sz=32, trace=1, nelems=4, elem type=int)
ARR 80ab650 (sz=32, trace=1, nelems=4, elem type=int)
ARR 80ab670 (sz=32, trace=1, nelems=4, elem type=int)
CLS 809dcf8 (name=java.util.Locale, trace=1)
	super		808aef8
	static compressedIsoCountries	80ab6f0
	static compressedIsoLanguages	80ab6b0
	static defaultLocale	809e038
	static CANADA_FRENCH	809e018
	static CANADA	809dff8
	static US	809dfd8
	static UK	809dfb8
	static TAIWAN	809df98
	static PRC	809df78
	static CHINA	809df58
	static KOREA	809df38
	static JAPAN	809df18
	static ITALY	809def8
	static GERMANY	809ded8
	static FRANCE	809deb8
	static TRADITIONAL_CHINESE	809de98
	static SIMPLIFIED_CHINESE	809de78
	static CHINESE	809de58
	static KOREAN	809de38
	static JAPANESE	809de18
	static ITALIAN	809ddf8
	static GERMAN	809ddd8
	static FRENCH	809ddb8
	static ENGLISH	809dd98
ARR 80ab690 (sz=1720, trace=1, nelems=852, elem type=char)
OBJ 80ab6b0 (sz=24, trace=1, class=java.lang.String@808a868)
	value		80ab690
ARR 80ab6d0 (sz=2880, trace=1, nelems=1434, elem type=char)
OBJ 80ab6f0 (sz=24, trace=1, class=java.lang.String@808a868)
	value		80ab6d0
ARR 80ab710 (sz=16, trace=1, nelems=2, elem type=char)
OBJ 80ab730 (sz=24, trace=1, class=java.lang.String@808a868)
	value		80ab710
ARR 80ab750 (sz=16, trace=1, nelems=2, elem type=char)
OBJ 80ab770 (sz=24, trace=1, class=java.lang.String@808a868)
	value		80ab750
ARR 80ab790 (sz=16, trace=1, nelems=2, elem type=char)
OBJ 80ab7b0 (sz=24, trace=1, class=java.lang.String@808a868)
	value		80ab790
ARR 80ab7d0 (sz=16, trace=1, nelems=2, elem type=char)
OBJ 80ab7f0 (sz=24, trace=1, class=java.lang.String@808a868)
	value		80ab7d0
ARR 80ab810 (sz=16, trace=1, nelems=2, elem type=char)
OBJ 80ab830 (sz=24, trace=1, class=java.lang.String@808a868)
	value		80ab810
ARR 80ab850 (sz=16, trace=1, nelems=2, elem type=char)
OBJ 80ab870 (sz=24, trace=1, class=java.lang.String@808a868)
	value		80ab850
ARR 80ab890 (sz=16, trace=1, nelems=2, elem type=char)
OBJ 80ab8b0 (sz=24, trace=1, class=java.lang.String@808a868)
	value		80ab890
ARR 80ab8d0 (sz=16, trace=1, nelems=2, elem type=char)
OBJ 80ab8f0 (sz=24, trace=1, class=java.lang.String@808a868)
	value		80ab8d0
ARR 80ab910 (sz=16, trace=1, nelems=2, elem type=char)
OBJ 80ab930 (sz=24, trace=1, class=java.lang.String@808a868)
	value		80ab910
ARR 80ab950 (sz=16, trace=1, nelems=2, elem type=char)
OBJ 80ab970 (sz=24, trace=1, class=java.lang.String@808a868)
	value		80ab950
ARR 80ab990 (sz=16, trace=1, nelems=2, elem type=char)
OBJ 80ab9b0 (sz=24, trace=1, class=java.lang.String@808a868)
	value		80ab990
ARR 80ab9d0 (sz=16, trace=1, nelems=2, elem type=char)
OBJ 80ab9f0 (sz=24, trace=1, class=java.lang.String@808a868)
	value		80ab9d0
ARR 80aba10 (sz=16, trace=1, nelems=2, elem type=char)
OBJ 80aba30 (sz=24, trace=1, class=java.lang.String@808a868)
	value		80aba10
ARR 80aba50 (sz=16, trace=1, nelems=2, elem type=char)
OBJ 80aba70 (sz=24, trace=1, class=java.lang.String@808a868)
	value		80aba50
ARR 80aba90 (sz=16, trace=1, nelems=2, elem type=char)
OBJ 80abab0 (sz=24, trace=1, class=java.lang.String@808a868)
	value		80aba90
ARR 80abad0 (sz=16, trace=1, nelems=2, elem type=char)
OBJ 80abaf0 (sz=24, trace=1, class=java.lang.String@808a868)
	value		80abad0
ARR 80abb10 (sz=16, trace=1, nelems=2, elem type=char)
OBJ 80abb30 (sz=24, trace=1, class=java.lang.String@808a868)
	value		80abb10
ARR 80abb50 (sz=16, trace=1, nelems=2, elem type=char)
OBJ 80abb70 (sz=24, trace=1, class=java.lang.String@808a868)
	value		80abb50
ARR 80abb90 (sz=16, trace=1, nelems=2, elem type=char)
OBJ 80abbb0 (sz=24, trace=1, class=java.lang.String@808a868)
	value		80abb90
ARR 80abbd0 (sz=16, trace=1, nelems=2, elem type=char)
OBJ 80abbf0 (sz=24, trace=1, class=java.lang.String@808a868)
	value		80abbd0
ARR 80abc10 (sz=40, trace=1, nelems=13, elem type=char)
OBJ 80abc30 (sz=24, trace=1, class=java.lang.String@808a868)
	value		80abc10
ARR 80abc50 (sz=40, trace=1, nelems=11, elem type=char)
OBJ 80abc70 (sz=24, trace=1, class=java.lang.String@808a868)
	value		80abc50
ARR 80abc90 (sz=40, trace=1, nelems=12, elem type=char)
OBJ 80abcb0 (sz=24, trace=1, class=java.lang.String@808a868)
	value		80abc90
ARR 80abcd0 (sz=40, trace=1, nelems=12, elem type=char)
OBJ 80abcf0 (sz=24, trace=1, class=java.lang.String@808a868)
	value		80abcd0
ARR 80abd10 (sz=16, trace=1, nelems=1, elem type=char)
OBJ 80abd30 (sz=24, trace=1, class=java.lang.String@808a868)
	value		80abd10
ARR 80abd50 (sz=32, trace=1, nelems=8, elem type=char)
OBJ 80abd70 (sz=24, trace=1, class=java.lang.String@808a868)
	value		80abd50
ARR 80abd90 (sz=112, trace=1, nelems=100, elem type=byte)
ARR 80abdb0 (sz=224, trace=1, nelems=211, elem type=byte)
ARR 80abdd0 (sz=16, trace=1, nelems=0, elem type=short)
ARR 80abe10 (sz=48, trace=1, nelems=8, elem type=int)
CLS 80abe30 (name=java.net.URLStreamHandler, trace=1)
	super		808aef8
ARR 80abe50 (sz=16, trace=1, nelems=0, elem type=short)
ARR 80abe90 (sz=32, trace=1, nelems=4, elem type=int)
CLS 809e138 (name=sun.net.www.protocol.file.Handler, trace=1)
	super		80abe30
ARR 80abed0 (sz=304, trace=1, nelems=286, elem type=byte)
ARR 80abef0 (sz=96, trace=1, nelems=42, elem type=short)
ARR 80abf30 (sz=48, trace=1, nelems=8, elem type=int)
ARR 80abf50 (sz=48, trace=1, nelems=8, elem type=int)
ARR 80abf70 (sz=80, trace=1, nelems=16, elem type=int)
ARR 80abf90 (sz=32, trace=1, nelems=4, elem type=int)
ARR 80abfb0 (sz=48, trace=1, nelems=8, elem type=int)
ARR 80abfd0 (sz=48, trace=1, nelems=8, elem type=int)
ARR 80abff0 (sz=32, trace=1, nelems=4, elem type=int)
ARR 80ac010 (sz=32, trace=1, nelems=4, elem type=int)
CLS 809e4d8 (name=sun.misc.URLClassPath, trace=1)
	super		808aef8
	static JAVA_VERSION	80a6b30
	static USER_AGENT_JAVA_VERSION	80ac070
ARR 80ac030 (sz=56, trace=1, nelems=20, elem type=short)
ARR 80ac050 (sz=48, trace=1, nelems=15, elem type=char)
OBJ 80ac070 (sz=24, trace=1, class=java.lang.String@808a868)
	value		80ac050
ARR 80ac090 (sz=24, trace=1, nelems=3, elem type=char)
OBJ 80ac0b0 (sz=24, trace=1, class=java.lang.String@808a868)
	value		80ac090
ARR 80ac0d0 (sz=152, trace=1, nelems=136, elem type=byte)
ARR 80ac0f0 (sz=24, trace=1, nelems=6, elem type=short)
ARR 80ac130 (sz=32, trace=1, nelems=4, elem type=int)
CLS 809e778 (name=sun.net.www.protocol.jar.Handler, trace=1)
	super		80abe30
	static separator	80ac170
ARR 80ac150 (sz=16, trace=1, nelems=2, elem type=char)
OBJ 80ac170 (sz=24, trace=1, class=java.lang.String@808a868)
	value		80ac150
ARR 80ac190 (sz=136, trace=1, nelems=123, elem type=byte)
ARR 80ac1b0 (sz=16, trace=1, nelems=0, elem type=short)
CLS 809e918 (name=sun.misc.Launcher$AppClassLoader, trace=1)
	super		80aadb0
ARR 80ac1f0 (sz=32, trace=1, nelems=8, elem type=short)
ARR 80ac210 (sz=48, trace=1, nelems=15, elem type=char)
OBJ 80ac230 (sz=24, trace=1, class=java.lang.String@808a868)
	value		80ac210
ARR 80ac250 (sz=64, trace=1, nelems=47, elem type=byte)
ARR 80ac290 (sz=48, trace=1, nelems=18, elem type=short)
CLS 80ac2d0 (name=sun.misc.Launcher$2, trace=1)
	super		808aef8
ARR 80ac2f0 (sz=32, trace=1, nelems=8, elem type=short)
ARR 80ac310 (sz=32, trace=1, nelems=8, elem type=char)
OBJ 80ac330 (sz=24, trace=1, class=java.lang.String@808a868)
	value		80ac310
ARR 80ac350 (sz=56, trace=1, nelems=21, elem type=char)
OBJ 80ac370 (sz=24, trace=1, class=java.lang.String@808a868)
	value		80ac350
ARR 80ac390 (sz=96, trace=1, nelems=84, elem type=byte)
ARR 80ac3d0 (sz=40, trace=1, nelems=12, elem type=short)
ARR 80ac410 (sz=32, trace=1, nelems=4, elem type=int)
CLS 80ac430 (name=java.lang.SystemClassLoaderAction, trace=1)
	super		808aef8
	static class$java$lang$ClassLoader	809f570
ARR 80ac450 (sz=56, trace=1, nelems=21, elem type=char)
OBJ 80ac470 (sz=24, trace=1, class=java.lang.String@808a868)
	value		80ac450
ARR 80ac490 (sz=64, trace=1, nelems=24, elem type=char)
OBJ 80ac4b0 (sz=24, trace=1, class=java.lang.String@808a868)
	value		80ac490
ARR 807ab38 (sz=80, trace=8, nelems=68, elem type=byte)
ARR 8114870 (sz=40, trace=8, nelems=12, elem type=short)
ARR 81148e8 (sz=32, trace=8, nelems=4, elem type=int)
CLS 8114940 (name=java.net.URLClassLoader$1, trace=8)
	super		808aef8
ARR 8114960 (sz=24, trace=8, nelems=4, elem type=short)
ARR 8114e70 (sz=24, trace=12, nelems=6, elem type=char)
OBJ 8114f08 (sz=24, trace=12, class=java.lang.String@808a868)
	value		8114e70
ARR 81151d0 (sz=96, trace=15, nelems=81, elem type=byte)
ARR 8115270 (sz=40, trace=15, nelems=12, elem type=short)
CLS 81152e8 (name=sun.misc.URLClassPath$2, trace=15)
	super		808aef8
ARR 8115308 (sz=48, trace=15, nelems=16, elem type=short)
ARR 8115630 (sz=344, trace=16, nelems=330, elem type=byte)
ARR 8115548 (sz=96, trace=16, nelems=81, elem type=byte)
ARR 81156a0 (sz=24, trace=16, nelems=6, elem type=short)
ARR 8115750 (sz=48, trace=16, nelems=8, elem type=int)
CLS 81157a8 (name=sun.misc.URLClassPath$Loader, trace=16)
	super		808aef8
ARR 81157c8 (sz=32, trace=16, nelems=8, elem type=short)
ARR 8115ae0 (sz=72, trace=16, nelems=30, elem type=short)
ARR 8115b20 (sz=32, trace=16, nelems=4, elem type=int)
ARR 8115b40 (sz=64, trace=16, nelems=12, elem type=int)
ARR 8115b60 (sz=48, trace=16, nelems=8, elem type=int)
CLS 8115b80 (name=sun.misc.URLClassPath$JarLoader, trace=16)
	super		81157a8
ARR 8115ba0 (sz=56, trace=16, nelems=20, elem type=short)
ARR 81169c0 (sz=16, trace=21, nelems=1, elem type=char)
OBJ 8116a78 (sz=24, trace=21, class=java.lang.String@808a868)
	value		81169c0
ARR 8117c30 (sz=200, trace=38, nelems=188, elem type=byte)
ARR 8117b78 (sz=280, trace=38, nelems=266, elem type=byte)
ARR 8117c50 (sz=96, trace=38, nelems=78, elem type=byte)
ARR 8117d58 (sz=496, trace=38, nelems=240, elem type=short)
CLS 8117da0 (name=java.util.zip.ZipConstants, trace=38)
	super		808aef8
ARR 81187b0 (sz=112, trace=38, nelems=48, elem type=short)
ARR 8118828 (sz=64, trace=38, nelems=12, elem type=int)
ARR 8118848 (sz=48, trace=38, nelems=8, elem type=int)
ARR 8118868 (sz=48, trace=38, nelems=8, elem type=int)
CLS 8118888 (name=java.util.zip.ZipFile, trace=38)
	super		808aef8
ARR 81188a8 (sz=40, trace=38, nelems=12, elem type=short)
ARR 8119af8 (sz=96, trace=38, nelems=42, elem type=short)
ARR 8119b38 (sz=32, trace=38, nelems=4, elem type=int)
CLS 8119b58 (name=java.util.jar.JarFile, trace=38)
	super		8118888
	static MANIFEST_NAME	8119c28
ARR 8119b78 (sz=40, trace=38, nelems=12, elem type=short)
ARR 8119bd0 (sz=56, trace=38, nelems=20, elem type=char)
OBJ 8119c28 (sz=24, trace=38, class=java.lang.String@808a868)
	value		8119bd0
ARR 811a608 (sz=40, trace=39, nelems=27, elem type=byte)
ARR 811a6a8 (sz=24, trace=39, nelems=6, elem type=short)
CLS 811a720 (name=sun.security.action.LoadLibraryAction, trace=39)
	super		808aef8
ARR 811ce60 (sz=264, trace=64, nelems=250, elem type=byte)
ARR 811cea8 (sz=64, trace=64, nelems=24, elem type=short)
CLS 811cf58 (name=sun.misc.JarIndex, trace=64)
	super		808aef8
	static INDEX_NAME	811d028
ARR 811cf78 (sz=24, trace=64, nelems=4, elem type=short)
ARR 811cfd0 (sz=56, trace=64, nelems=19, elem type=char)
OBJ 811d028 (sz=24, trace=64, class=java.lang.String@808a868)
	value		811cfd0
ARR 811dd08 (sz=392, trace=70, nelems=376, elem type=byte)
ARR 811dd50 (sz=40, trace=70, nelems=12, elem type=short)
ARR 811de00 (sz=32, trace=70, nelems=4, elem type=int)
ARR 811de20 (sz=32, trace=70, nelems=4, elem type=int)
ARR 811de40 (sz=64, trace=70, nelems=12, elem type=int)
ARR 811de60 (sz=32, trace=70, nelems=4, elem type=int)
ARR 811de80 (sz=48, trace=70, nelems=8, elem type=int)
ARR 811dea0 (sz=48, trace=70, nelems=8, elem type=int)
CLS 811def8 (name=sun.misc.ExtensionDependency, trace=70)
	super		808aef8
ARR 811df18 (sz=56, trace=70, nelems=20, elem type=short)
ARR 811ec40 (sz=216, trace=71, nelems=204, elem type=byte)
ARR 811ece0 (sz=168, trace=71, nelems=78, elem type=short)
ARR 811ed58 (sz=32, trace=71, nelems=4, elem type=int)
CLS 811edb0 (name=java.util.zip.ZipEntry, trace=71)
	super		808aef8
ARR 8120458 (sz=80, trace=76, nelems=67, elem type=byte)
ARR 8120290 (sz=48, trace=76, nelems=33, elem type=byte)
ARR 81204c8 (sz=40, trace=76, nelems=12, elem type=short)
CLS 8120578 (name=java.util.jar.JarEntry, trace=76)
	super		811edb0
ARR 8120968 (sz=24, trace=76, nelems=6, elem type=short)
CLS 81209a8 (name=java.util.jar.JarFile$JarFileEntry, trace=76)
	super		8120578
ARR 81209c8 (sz=24, trace=76, nelems=4, elem type=short)
ARR 8120db8 (sz=160, trace=78, nelems=146, elem type=byte)
ARR 8120cf8 (sz=48, trace=78, nelems=36, elem type=byte)
ARR 8120d28 (sz=16, trace=78, nelems=0, elem type=short)
CLS 8120f00 (name=java.io.DataInput, trace=78)
	super		808aef8
ARR 8121658 (sz=24, trace=78, nelems=6, elem type=short)
CLS 8121698 (name=java.io.DataInputStream, trace=78)
	super		80a6f90
ARR 8121e80 (sz=88, trace=79, nelems=69, elem type=byte)
ARR 8121ec8 (sz=88, trace=79, nelems=36, elem type=short)
CLS 8121f78 (name=java.util.zip.ZipFile$ZipFileInputStream, trace=79)
	super		80a6d30
ARR 8121f98 (sz=24, trace=79, nelems=4, elem type=short)
ARR 8121dc8 (sz=104, trace=83, nelems=91, elem type=byte)
ARR 81223b0 (sz=152, trace=83, nelems=136, elem type=byte)
ARR 81223e0 (sz=88, trace=83, nelems=36, elem type=short)
ARR 8122958 (sz=32, trace=83, nelems=4, elem type=int)
CLS 81229b0 (name=java.util.zip.InflaterInputStream, trace=83)
	super		80a6f90
ARR 8122f30 (sz=48, trace=83, nelems=18, elem type=short)
CLS 8122f70 (name=java.util.zip.ZipFile$1, trace=83)
	super		81229b0
ARR 8122f90 (sz=24, trace=83, nelems=4, elem type=short)
ARR 8122880 (sz=128, trace=84, nelems=112, elem type=byte)
ARR 8123398 (sz=88, trace=84, nelems=36, elem type=short)
CLS 8123448 (name=java.util.zip.Inflater, trace=84)
	super		808aef8
ARR 8141648 (sz=224, trace=93, nelems=206, elem type=byte)
ARR 81416e8 (sz=40, trace=93, nelems=12, elem type=short)
CLS 8141760 (name=java.util.jar.Manifest, trace=93)
	super		808aef8
ARR 8141780 (sz=32, trace=93, nelems=8, elem type=short)
ARR 8141438 (sz=80, trace=93, nelems=61, elem type=byte)
ARR 8141458 (sz=64, trace=93, nelems=24, elem type=short)
CLS 8141f60 (name=java.io.ByteArrayInputStream, trace=93)
	super		80a6d30
ARR 8142448 (sz=208, trace=94, nelems=195, elem type=byte)
ARR 81424e8 (sz=24, trace=94, nelems=6, elem type=short)
ARR 8142560 (sz=32, trace=94, nelems=4, elem type=int)
CLS 81425b8 (name=java.util.jar.Attributes, trace=94)
	super		808aef8
ARR 81425d8 (sz=40, trace=94, nelems=12, elem type=short)
ARR 8143350 (sz=96, trace=99, nelems=77, elem type=byte)
ARR 8143398 (sz=48, trace=99, nelems=18, elem type=short)
CLS 8143448 (name=java.util.jar.Manifest$FastInputStream, trace=99)
	super		80a6f90
ARR 8143468 (sz=24, trace=99, nelems=4, elem type=short)
ARR 8143298 (sz=176, trace=106, nelems=160, elem type=byte)
ARR 8143e18 (sz=240, trace=106, nelems=114, elem type=short)
CLS 8143ec8 (name=java.util.jar.Attributes$Name, trace=106)
	super		808aef8
	static SPECIFICATION_VENDOR	8145f68
	static SPECIFICATION_VERSION	8145e00
	static SPECIFICATION_TITLE	8145c98
	static IMPLEMENTATION_URL	8145b30
	static IMPLEMENTATION_VENDOR_ID	81459c8
	static IMPLEMENTATION_VENDOR	8145860
	static IMPLEMENTATION_VERSION	81456f8
	static IMPLEMENTATION_TITLE	8145590
	static EXTENSION_INSTALLATION	8145428
	static EXTENSION_NAME	81452c0
	static EXTENSION_LIST	8144f88
	static SEALED	8144e20
	static MAIN_CLASS	8144cb8
	static CLASS_PATH	8144b50
	static CONTENT_TYPE	81449e8
	static SIGNATURE_VERSION	8144880
	static MANIFEST_VERSION	8144718
ARR 8143ee8 (sz=24, trace=106, nelems=4, elem type=short)
ARR 81447d0 (sz=48, trace=107, nelems=16, elem type=char)
OBJ 8144828 (sz=24, trace=107, class=java.lang.String@808a868)
	value		81447d0
ARR 8144938 (sz=48, trace=108, nelems=17, elem type=char)
OBJ 8144990 (sz=24, trace=108, class=java.lang.String@808a868)
	value		8144938
ARR 8144aa0 (sz=40, trace=109, nelems=12, elem type=char)
OBJ 8144af8 (sz=24, trace=109, class=java.lang.String@808a868)
	value		8144aa0
ARR 8144c08 (sz=32, trace=110, nelems=10, elem type=char)
OBJ 8144c60 (sz=24, trace=110, class=java.lang.String@808a868)
	value		8144c08
ARR 8144d70 (sz=32, trace=111, nelems=10, elem type=char)
OBJ 8144dc8 (sz=24, trace=111, class=java.lang.String@808a868)
	value		8144d70
ARR 8144ed8 (sz=24, trace=112, nelems=6, elem type=char)
OBJ 8144f30 (sz=24, trace=112, class=java.lang.String@808a868)
	value		8144ed8
ARR 8145040 (sz=40, trace=113, nelems=14, elem type=char)
OBJ 8145098 (sz=24, trace=113, class=java.lang.String@808a868)
	value		8145040
ARR 8145378 (sz=40, trace=114, nelems=14, elem type=char)
OBJ 81453d0 (sz=24, trace=114, class=java.lang.String@808a868)
	value		8145378
ARR 81454e0 (sz=56, trace=115, nelems=22, elem type=char)
OBJ 8145538 (sz=24, trace=115, class=java.lang.String@808a868)
	value		81454e0
ARR 8145648 (sz=56, trace=116, nelems=20, elem type=char)
OBJ 81456a0 (sz=24, trace=116, class=java.lang.String@808a868)
	value		8145648
ARR 81457b0 (sz=56, trace=117, nelems=22, elem type=char)
OBJ 8145808 (sz=24, trace=117, class=java.lang.String@808a868)
	value		81457b0
ARR 8145918 (sz=56, trace=118, nelems=21, elem type=char)
OBJ 8145970 (sz=24, trace=118, class=java.lang.String@808a868)
	value		8145918
ARR 8145a80 (sz=64, trace=119, nelems=24, elem type=char)
OBJ 8145ad8 (sz=24, trace=119, class=java.lang.String@808a868)
	value		8145a80
ARR 8145be8 (sz=48, trace=120, nelems=18, elem type=char)
OBJ 8145c40 (sz=24, trace=120, class=java.lang.String@808a868)
	value		8145be8
ARR 8145d50 (sz=56, trace=121, nelems=19, elem type=char)
OBJ 8145da8 (sz=24, trace=121, class=java.lang.String@808a868)
	value		8145d50
ARR 8145eb8 (sz=56, trace=122, nelems=21, elem type=char)
OBJ 8145f10 (sz=24, trace=122, class=java.lang.String@808a868)
	value		8145eb8
ARR 8146020 (sz=56, trace=123, nelems=20, elem type=char)
OBJ 8146078 (sz=24, trace=123, class=java.lang.String@808a868)
	value		8146020
ARR 8146240 (sz=16, trace=125, nelems=2, elem type=char)
OBJ 81462f8 (sz=24, trace=125, class=java.lang.String@808a868)
	value		8146240
ARR 8146658 (sz=32, trace=129, nelems=10, elem type=char)
OBJ 8146730 (sz=24, trace=129, class=java.lang.String@808a868)
	value		8146658
ARR 8146ef8 (sz=40, trace=129, nelems=11, elem type=char)
OBJ 8146f18 (sz=24, trace=129, class=java.lang.String@808a868)
	value		8146ef8
ARR 8147088 (sz=144, trace=141, nelems=126, elem type=byte)
ARR 81470d0 (sz=72, trace=141, nelems=30, elem type=short)
CLS 8147180 (name=java.lang.Math, trace=141)
	super		808aef8
ARR 8147c08 (sz=24, trace=142, nelems=6, elem type=char)
OBJ 8147ce0 (sz=24, trace=142, class=java.lang.String@808a868)
	value		8147c08
ARR 8157e10 (sz=296, trace=144, nelems=282, elem type=byte)
ARR 8157e98 (sz=168, trace=144, nelems=78, elem type=short)
ARR 8157f48 (sz=112, trace=144, nelems=24, elem type=int)
CLS 8157fa0 (name=java.util.jar.JarVerifier, trace=144)
	super		808aef8
ARR 8157fc0 (sz=24, trace=144, nelems=4, elem type=short)
ARR 8159050 (sz=104, trace=153, nelems=90, elem type=byte)
ARR 8159098 (sz=40, trace=153, nelems=12, elem type=short)
CLS 8159148 (name=java.io.ByteArrayOutputStream, trace=153)
	super		80a6e90
ARR 81d2080 (sz=72, trace=9, nelems=56, elem type=byte)
ARR 81d20c8 (sz=40, trace=9, nelems=12, elem type=short)
CLS 81d2178 (name=java.security.PrivilegedActionException, trace=9)
	super		809f8d0
ARR 81d2058 (sz=112, trace=160, nelems=98, elem type=byte)
ARR 81d2868 (sz=24, trace=160, nelems=6, elem type=short)
ARR 81d2918 (sz=32, trace=160, nelems=4, elem type=int)
CLS 81d2970 (name=sun.misc.URLClassPath$FileLoader, trace=160)
	super		81157a8
ARR 81d2990 (sz=40, trace=160, nelems=12, elem type=short)
ARR 81d32f0 (sz=24, trace=171, nelems=4, elem type=char)
OBJ 81d33c8 (sz=24, trace=171, class=java.lang.String@808a868)
	value		81d32f0
ARR 81d3700 (sz=24, trace=176, nelems=3, elem type=char)
OBJ 81d37b8 (sz=24, trace=176, class=java.lang.String@808a868)
	value		81d3700
ARR 81d3810 (sz=24, trace=177, nelems=4, elem type=char)
OBJ 81d38c8 (sz=24, trace=177, class=java.lang.String@808a868)
	value		81d3810
ARR 81d3920 (sz=24, trace=178, nelems=3, elem type=char)
OBJ 81d39d8 (sz=24, trace=178, class=java.lang.String@808a868)
	value		81d3920
ARR 81d3a30 (sz=16, trace=179, nelems=2, elem type=char)
OBJ 81d3ae8 (sz=24, trace=179, class=java.lang.String@808a868)
	value		81d3a30
ARR 81d3b40 (sz=16, trace=180, nelems=2, elem type=char)
OBJ 81d3bf8 (sz=24, trace=180, class=java.lang.String@808a868)
	value		81d3b40
ARR 81d27b0 (sz=80, trace=187, nelems=66, elem type=byte)
ARR 81d4460 (sz=72, trace=187, nelems=55, elem type=byte)
ARR 81d4490 (sz=16, trace=187, nelems=0, elem type=short)
ARR 81d4628 (sz=48, trace=187, nelems=8, elem type=int)
CLS 81d4680 (name=sun.misc.Resource, trace=187)
	super		808aef8
ARR 81d4a60 (sz=64, trace=187, nelems=24, elem type=short)
CLS 81d4aa0 (name=sun.misc.URLClassPath$6, trace=187)
	super		81d4680
ARR 81d4ac0 (sz=32, trace=187, nelems=8, elem type=short)
ARR 81d5008 (sz=312, trace=189, nelems=296, elem type=byte)
ARR 81d5050 (sz=144, trace=189, nelems=66, elem type=short)
ARR 81d5100 (sz=48, trace=189, nelems=8, elem type=int)
ARR 81d5120 (sz=48, trace=189, nelems=8, elem type=int)
ARR 81d5140 (sz=32, trace=189, nelems=4, elem type=int)
CLS 81d5198 (name=java.lang.Package, trace=189)
	super		808aef8
	static mans	81d6508
	static urls	81d63b8
	static pkgs	81d6268
ARR 81d51b8 (sz=32, trace=189, nelems=8, elem type=short)
ARR 81d70b8 (sz=248, trace=208, nelems=234, elem type=byte)
ARR 81d7158 (sz=48, trace=208, nelems=18, elem type=short)
ARR 81d71d0 (sz=32, trace=208, nelems=4, elem type=int)
ARR 81d71f0 (sz=64, trace=208, nelems=12, elem type=int)
CLS 81d7248 (name=java.security.CodeSource, trace=208)
	super		808aef8
ARR 81d7960 (sz=160, trace=209, nelems=144, elem type=byte)
ARR 81d7840 (sz=80, trace=209, nelems=61, elem type=byte)
ARR 81d7a38 (sz=24, trace=209, nelems=6, elem type=short)
ARR 81d7ab0 (sz=32, trace=209, nelems=4, elem type=int)
CLS 81d7b08 (name=java.security.PermissionCollection, trace=209)
	super		808aef8
ARR 81d7e38 (sz=24, trace=209, nelems=3, elem type=int)
ARR 81d7e78 (sz=48, trace=209, nelems=18, elem type=short)
ARR 81d7eb8 (sz=48, trace=209, nelems=8, elem type=int)
ARR 81d7ed8 (sz=32, trace=209, nelems=4, elem type=int)
CLS 81d7ef8 (name=java.security.Permissions, trace=209)
	super		81d7b08
	static class$java$security$UnresolvedPermission	81e00d0
ARR 81d79b8 (sz=296, trace=218, nelems=283, elem type=byte)
ARR 81d8a50 (sz=160, trace=218, nelems=148, elem type=byte)
ARR 81d8b28 (sz=464, trace=218, nelems=445, elem type=byte)
ARR 81d8b58 (sz=208, trace=218, nelems=96, elem type=short)
ARR 81d8c58 (sz=32, trace=218, nelems=4, elem type=int)
ARR 81d8c78 (sz=32, trace=218, nelems=4, elem type=int)
ARR 81d8c98 (sz=48, trace=218, nelems=8, elem type=int)
ARR 81d8cb8 (sz=48, trace=218, nelems=8, elem type=int)
CLS 81d8d10 (name=java.net.URLConnection, trace=218)
	super		808aef8
	static contentPathProp	81d8e20
	static contentClassPrefix	81d8de0
	static UnknownContentHandlerP	81dc290
	static handlers	81dbb50
ARR 81d8d30 (sz=24, trace=218, nelems=4, elem type=short)
ARR 81d8d88 (sz=56, trace=218, nelems=19, elem type=char)
OBJ 81d8de0 (sz=24, trace=218, class=java.lang.String@808a868)
	value		81d8d88
ARR 81d8e00 (sz=64, trace=218, nelems=25, elem type=char)
OBJ 81d8e20 (sz=24, trace=218, class=java.lang.String@808a868)
	value		81d8e00
ARR 81dad58 (sz=48, trace=218, nelems=18, elem type=short)
ARR 81dad98 (sz=32, trace=218, nelems=4, elem type=int)
ARR 81dadb8 (sz=32, trace=218, nelems=4, elem type=int)
ARR 81dadd8 (sz=32, trace=218, nelems=4, elem type=int)
ARR 81dadf8 (sz=32, trace=218, nelems=4, elem type=int)
ARR 81dae18 (sz=48, trace=218, nelems=8, elem type=int)
CLS 81dae38 (name=sun.net.www.URLConnection, trace=218)
	super		81d8d10
ARR 81db440 (sz=192, trace=218, nelems=90, elem type=short)
ARR 81db480 (sz=32, trace=218, nelems=4, elem type=int)
ARR 81db4a0 (sz=32, trace=218, nelems=4, elem type=int)
CLS 81db4c0 (name=sun.net.www.protocol.file.FileURLConnection, trace=218)
	super		81dae38
	static LAST_MODIFIED	81dc6d0
	static TEXT_PLAIN	81dc5c0
	static CONTENT_TYPE	81dc4b0
	static CONTENT_LENGTH	81dc3a0
ARR 81dbd48 (sz=40, trace=221, nelems=24, elem type=byte)
ARR 81dbc80 (sz=40, trace=221, nelems=27, elem type=byte)
ARR 81dbdb8 (sz=16, trace=221, nelems=0, elem type=short)
CLS 81dbe68 (name=java.net.ContentHandler, trace=221)
	super		808aef8
ARR 81dc0d8 (sz=16, trace=221, nelems=0, elem type=short)
CLS 81dc118 (name=java.net.UnknownContentHandler, trace=221)
	super		81dbe68
ARR 81dc2e8 (sz=40, trace=222, nelems=14, elem type=char)
OBJ 81dc3a0 (sz=24, trace=222, class=java.lang.String@808a868)
	value		81dc2e8
ARR 81dc3f8 (sz=40, trace=223, nelems=12, elem type=char)
OBJ 81dc4b0 (sz=24, trace=223, class=java.lang.String@808a868)
	value		81dc3f8
ARR 81dc508 (sz=32, trace=224, nelems=10, elem type=char)
OBJ 81dc5c0 (sz=24, trace=224, class=java.lang.String@808a868)
	value		81dc508
ARR 81dc618 (sz=40, trace=225, nelems=13, elem type=char)
OBJ 81dc6d0 (sz=24, trace=225, class=java.lang.String@808a868)
	value		81dc618
ARR 81dc840 (sz=192, trace=226, nelems=179, elem type=byte)
ARR 81dc888 (sz=48, trace=226, nelems=18, elem type=short)
ARR 81dc938 (sz=48, trace=226, nelems=8, elem type=int)
CLS 81dc990 (name=sun.net.www.MessageHeader, trace=226)
	super		808aef8
ARR 81dd810 (sz=232, trace=233, nelems=215, elem type=byte)
ARR 81dd878 (sz=24, trace=233, nelems=3, elem type=int)
ARR 81dd8f0 (sz=208, trace=233, nelems=96, elem type=short)
CLS 81dd968 (name=java.io.FilePermission, trace=233)
	super		80a26b0
	static SEP_WILD	81de748
	static SEP_RECURSIVE	81de560
	static WILD	80a28b0
	static RECURSIVE	81dda38
ARR 81dd988 (sz=24, trace=233, nelems=4, elem type=short)
ARR 81dd9e0 (sz=16, trace=233, nelems=1, elem type=char)
OBJ 81dda38 (sz=24, trace=233, class=java.lang.String@808a868)
	value		81dd9e0
ARR 81de800 (sz=24, trace=233, nelems=4, elem type=char)
OBJ 81de820 (sz=24, trace=233, class=java.lang.String@808a868)
	value		81de800
ARR 81de950 (sz=40, trace=241, nelems=13, elem type=char)
OBJ 81dea08 (sz=24, trace=241, class=java.lang.String@808a868)
	value		81de950
ARR 81deb00 (sz=80, trace=242, nelems=66, elem type=byte)
ARR 81deba0 (sz=24, trace=242, nelems=6, elem type=short)
ARR 81dec18 (sz=32, trace=242, nelems=4, elem type=int)
CLS 81dec70 (name=java.io.FilePermission$1, trace=242)
	super		808aef8
ARR 81dec90 (sz=24, trace=242, nelems=4, elem type=short)
ARR 81dfc68 (sz=80, trace=258, nelems=34, elem type=char)
OBJ 81dfd80 (sz=24, trace=258, class=java.lang.String@808a868)
	value		81dfc68
ARR 81dfec0 (sz=296, trace=259, nelems=280, elem type=byte)
ARR 81dff28 (sz=24, trace=259, nelems=3, elem type=int)
ARR 81dffa0 (sz=120, trace=259, nelems=54, elem type=short)
ARR 81e0018 (sz=96, trace=259, nelems=20, elem type=int)
ARR 81e0038 (sz=32, trace=259, nelems=4, elem type=int)
ARR 81e0058 (sz=64, trace=259, nelems=12, elem type=int)
ARR 81e0078 (sz=32, trace=259, nelems=4, elem type=int)
CLS 81e00d0 (name=java.security.UnresolvedPermission, trace=259)
	super		80a26b0
	static class$java$lang$String	808a868
	static PARAMS2	82030e8
	static PARAMS1	81df800
	static PARAMS0	82030c8
ARR 81e0758 (sz=40, trace=260, nelems=13, elem type=char)
OBJ 81e0810 (sz=24, trace=260, class=java.lang.String@808a868)
	value		81e0758
ARR 81e0830 (sz=56, trace=260, nelems=20, elem type=char)
OBJ 81e0850 (sz=24, trace=260, class=java.lang.String@808a868)
	value		81e0830
ARR 81e0a18 (sz=48, trace=262, nelems=16, elem type=char)
OBJ 81e0a70 (sz=24, trace=262, class=java.lang.String@808a868)
	value		81e0a18
ARR 81dfdf0 (sz=96, trace=264, nelems=83, elem type=byte)
ARR 81e0c90 (sz=24, trace=264, nelems=3, elem type=int)
ARR 81e0d08 (sz=24, trace=264, nelems=6, elem type=short)
CLS 81e0d80 (name=java.io.FilePermissionCollection, trace=264)
	super		81d7b08
ARR 81e12e8 (sz=24, trace=268, nelems=6, elem type=char)
OBJ 81e1340 (sz=24, trace=268, class=java.lang.String@808a868)
	value		81e12e8
ARR 81e0b98 (sz=160, trace=269, nelems=146, elem type=byte)
ARR 81e1490 (sz=24, trace=269, nelems=3, elem type=int)
ARR 81e1508 (sz=64, trace=269, nelems=24, elem type=short)
CLS 81e1580 (name=java.security.BasicPermissionCollection, trace=269)
	super		81d7b08
ARR 81e13b0 (sz=32, trace=275, nelems=14, elem type=byte)
ARR 81e1cf0 (sz=16, trace=275, nelems=0, elem type=short)
CLS 81e1da0 (name=java.security.Principal, trace=275)
	super		808aef8
ARR 81e2100 (sz=24, trace=277, nelems=5, elem type=char)
OBJ 81e21b8 (sz=24, trace=277, class=java.lang.String@808a868)
	value		81e2100
ARR 81e2390 (sz=96, trace=279, nelems=80, elem type=byte)
ARR 81e2430 (sz=24, trace=279, nelems=6, elem type=short)
ARR 81e24a8 (sz=32, trace=279, nelems=4, elem type=int)
ARR 81e24c8 (sz=32, trace=279, nelems=4, elem type=int)
ARR 81e24e8 (sz=32, trace=279, nelems=4, elem type=int)
CLS 81e2540 (name=java.security.cert.Certificate, trace=279)
	super		808aef8
ARR 81e2560 (sz=24, trace=279, nelems=4, elem type=short)
ARR 81e3158 (sz=80, trace=281, nelems=66, elem type=byte)
ARR 81e34a0 (sz=16, trace=281, nelems=0, elem type=short)
CLS 81e3550 (name=edu.jhu.htm.app.echoDomain, trace=281)
	super		808aef8
	loader		809e9b8
	domain		82032e0
ARR 81e6e28 (sz=32, trace=281, nelems=15, elem type=byte)
ARR 81e6e48 (sz=16, trace=281, nelems=0, elem type=short)
CLS 81e6e88 (name=edu.jhu.htm.parsers.DomainParser, trace=281)
	super		808aef8
	loader		809e9b8
	domain		82032e0
ARR 81e2d10 (sz=24, trace=1, nelems=9, elem type=int)
ARR 81e2f68 (sz=72, trace=283, nelems=28, elem type=char)
OBJ 81e2fc0 (sz=24, trace=283, class=java.lang.String@808a868)
	value		81e2f68
ARR 81e4720 (sz=144, trace=281, nelems=130, elem type=byte)
ARR 81e4740 (sz=40, trace=281, nelems=12, elem type=short)
CLS 81e4780 (name=edu.jhu.htm.core.Domain, trace=281)
	super		808aef8
	loader		809e9b8
	domain		82032e0
ARR 8203fc8 (sz=48, trace=0, nelems=9, elem type=int)
ARR 81e7ac0 (sz=88, trace=281, nelems=74, elem type=byte)
ARR 81e7b00 (sz=16, trace=281, nelems=0, elem type=short)
ARR 81e7b68 (sz=32, trace=281, nelems=4, elem type=int)
CLS 81e7b88 (name=edu.jhu.htm.parsers.LegacyParser, trace=281)
	super		808aef8
	loader		809e9b8
	domain		82032e0
ARR 81e2300 (sz=104, trace=6, nelems=87, elem type=byte)
ARR 81e9cb8 (sz=64, trace=6, nelems=24, elem type=short)
ARR 81e9d68 (sz=64, trace=6, nelems=12, elem type=int)
ARR 81e9d88 (sz=80, trace=6, nelems=16, elem type=int)
ARR 81e9da8 (sz=64, trace=6, nelems=12, elem type=int)
ARR 81e9dc8 (sz=48, trace=6, nelems=8, elem type=int)
ARR 81e9de8 (sz=48, trace=6, nelems=8, elem type=int)
ARR 81e9e08 (sz=48, trace=6, nelems=8, elem type=int)
CLS 81e9e60 (name=java.io.StringReader, trace=6)
	super		80a9b50
ARR 81eb668 (sz=32, trace=281, nelems=18, elem type=byte)
ARR 81eb688 (sz=16, trace=281, nelems=0, elem type=short)
CLS 81eb6c8 (name=edu.jhu.htm.parsers.ParseException, trace=281)
	super		809f8d0
	loader		809e9b8
	domain		82032e0
ARR 81e9c38 (sz=40, trace=6, nelems=27, elem type=byte)
ARR 81e9c58 (sz=16, trace=6, nelems=0, elem type=short)
CLS 81eb820 (name=java.io.FileReader, trace=6)
	super		80a9d50
ARR 81e9480 (sz=200, trace=281, nelems=187, elem type=byte)
ARR 81e94a0 (sz=16, trace=281, nelems=0, elem type=short)
CLS 81e94e0 (name=edu.jhu.htm.parsers.Htmio, trace=281)
	super		808aef8
	loader		809e9b8
	domain		82032e0
ARR 81f80c8 (sz=504, trace=281, nelems=488, elem type=byte)
ARR 81f9400 (sz=64, trace=281, nelems=50, elem type=byte)
ARR 81f9420 (sz=72, trace=281, nelems=30, elem type=short)
CLS 81f9460 (name=edu.jhu.htm.core.Sign, trace=281)
	super		808aef8
	loader		809e9b8
	domain		82032e0
ARR 81f90a8 (sz=64, trace=281, nelems=24, elem type=short)
ARR 81f90e8 (sz=32, trace=281, nelems=4, elem type=int)
CLS 81f9108 (name=edu.jhu.htm.core.Convex, trace=281)
	super		81f9460
	loader		809e9b8
	domain		82032e0
ARR 81f9128 (sz=24, trace=281, nelems=4, elem type=short)
ARR 81f5890 (sz=144, trace=281, nelems=129, elem type=byte)
ARR 81f58b0 (sz=88, trace=281, nelems=36, elem type=short)
CLS 81f58f0 (name=edu.jhu.htm.core.Vector3d, trace=281)
	super		808aef8
	loader		809e9b8
	domain		82032e0
ARR 81eb7e0 (sz=208, trace=6, nelems=191, elem type=byte)
ARR 81eb640 (sz=328, trace=6, nelems=156, elem type=short)
CLS 81f6738 (name=java.io.StreamTokenizer, trace=6)
	super		808aef8
ARR 81ec268 (sz=32, trace=314, nelems=8, elem type=char)
OBJ 81ec2c0 (sz=24, trace=314, class=java.lang.String@808a868)
	value		81ec268
ARR 81ec3d0 (sz=32, trace=315, nelems=9, elem type=char)
OBJ 81ec428 (sz=24, trace=315, class=java.lang.String@808a868)
	value		81ec3d0
ARR 81ec538 (sz=40, trace=316, nelems=14, elem type=char)
OBJ 81ec590 (sz=24, trace=316, class=java.lang.String@808a868)
	value		81ec538
ARR 81ec6a0 (sz=48, trace=317, nelems=15, elem type=char)
OBJ 81ec6f8 (sz=24, trace=317, class=java.lang.String@808a868)
	value		81ec6a0
ARR 81f2250 (sz=336, trace=281, nelems=318, elem type=byte)
ARR 81f2270 (sz=192, trace=281, nelems=90, elem type=short)
CLS 81f22b0 (name=edu.jhu.htm.core.HTMfunc, trace=281)
	super		808aef8
	loader		809e9b8
	domain		82032e0
	static bases	8203b58
	static N_indexes	8203a60
	static S_indexes	8203988
	static anchor	81e33b8
ARR 81f30f0 (sz=32, trace=326, nelems=7, elem type=char)
OBJ 81ebfa0 (sz=24, trace=326, class=java.lang.String@808a868)
	value		81f30f0
ARR 81ec948 (sz=48, trace=281, nelems=36, elem type=byte)
ARR 81ec968 (sz=72, trace=281, nelems=30, elem type=short)
CLS 81ec9a8 (name=edu.jhu.htm.core.Base, trace=281)
	super		808aef8
	loader		809e9b8
	domain		82032e0
ARR 81f00c8 (sz=16, trace=344, nelems=2, elem type=char)
OBJ 81f00e8 (sz=24, trace=344, class=java.lang.String@808a868)
	value		81f00c8
ARR 81f0128 (sz=16, trace=344, nelems=2, elem type=char)
OBJ 81f0148 (sz=24, trace=344, class=java.lang.String@808a868)
	value		81f0128
ARR 81f0188 (sz=16, trace=344, nelems=2, elem type=char)
OBJ 81f01a8 (sz=24, trace=344, class=java.lang.String@808a868)
	value		81f0188
ARR 81f01e8 (sz=16, trace=344, nelems=2, elem type=char)
OBJ 81f0208 (sz=24, trace=344, class=java.lang.String@808a868)
	value		81f01e8
ARR 81f0248 (sz=16, trace=344, nelems=2, elem type=char)
OBJ 81f0268 (sz=24, trace=344, class=java.lang.String@808a868)
	value		81f0248
ARR 81f02a8 (sz=16, trace=344, nelems=2, elem type=char)
OBJ 81f02c8 (sz=24, trace=344, class=java.lang.String@808a868)
	value		81f02a8
ARR 81f0308 (sz=16, trace=344, nelems=2, elem type=char)
OBJ 81f0328 (sz=24, trace=344, class=java.lang.String@808a868)
	value		81f0308
ARR 81f0368 (sz=16, trace=344, nelems=2, elem type=char)
OBJ 81f0388 (sz=24, trace=344, class=java.lang.String@808a868)
	value		81f0368
ARR 81ece00 (sz=120, trace=281, nelems=102, elem type=byte)
ARR 81ece20 (sz=48, trace=281, nelems=18, elem type=short)
CLS 81ece60 (name=edu.jhu.htm.core.Constraint, trace=281)
	super		81f9460
	loader		809e9b8
	domain		82032e0
ARR 81fba20 (sz=32, trace=402, nelems=8, elem type=char)
OBJ 81fba40 (sz=24, trace=402, class=java.lang.String@808a868)
	value		81fba20
ARR 81fbea0 (sz=32, trace=407, nelems=8, elem type=char)
OBJ 81fbef8 (sz=24, trace=407, class=java.lang.String@808a868)
	value		81fbea0
ARR 81fbff0 (sz=16, trace=407, nelems=1, elem type=char)
OBJ 81fc010 (sz=24, trace=407, class=java.lang.String@808a868)
	value		81fbff0
ARR 81fc068 (sz=24, trace=409, nelems=4, elem type=char)
OBJ 81fc120 (sz=24, trace=409, class=java.lang.String@808a868)
	value		81fc068
ARR 81fc6e0 (sz=536, trace=417, nelems=519, elem type=byte)
ARR 81fc728 (sz=592, trace=417, nelems=288, elem type=short)
ARR 81fc7d8 (sz=32, trace=417, nelems=4, elem type=int)
CLS 81fc830 (name=java.lang.FloatingDecimal, trace=417)
	super		808aef8
	static zero	8203e40
	static notANumber	8203e20
	static infinity	81e6168
	static n5bits	8203e00
	static long5pow	8203de0
	static small5pow	8203d88
	static tiny10pow	8203d68
	static big10pow	8203d48
	static singleSmall10pow	8203d28
	static small10pow	8203cd0
	static b5p	8203e98
ARR 81feae0 (sz=152, trace=433, nelems=137, elem type=byte)
ARR 81feb28 (sz=40, trace=433, nelems=12, elem type=short)
CLS 81febd8 (name=java.lang.FDBigInt, trace=433)
	super		808aef8
HEAP DUMP END
SITES BEGIN (ordered by live bytes) Thu Feb 13 09:50:04 2003
          percent         live       alloc'ed  stack class
 rank   self  accum    bytes objs   bytes objs trace name
    1 54.17% 54.17%   605512  268  605512  268     1 [I
    2  6.37% 60.54%    71240  552   71240  552     1 [C
    3  4.54% 65.08%    50704  242   50704  242     1 [B
    4  3.98% 69.06%    44536   12   44536   12   207 [B
    5  2.94% 72.00%    32832    4   32832    4   100 [B
    6  2.25% 74.25%    25160  325   25160  325     1 [S
    7  1.62% 75.87%    18096  333   18096  333     1 java.lang.Object
    8  1.47% 77.34%    16400    1   16400    1   300 [C
    9  1.34% 78.68%    15008  268   15008  268     1 java.lang.Class
   10  0.73% 79.42%     8208    1    8208    1   298 [B
   11  0.73% 80.15%     8184  341    8184  341     1 java.lang.String
   12  0.61% 80.76%     6824   48    6824   48   174 [C
   13  0.59% 81.35%     6592    4    6592    4    77 [B
   14  0.57% 81.91%     6336   64    6336   64    68 [C
   15  0.54% 82.46%     6064   63    6064   63   131 [C
   16  0.50% 82.96%     5584   69    5584   69    34 [B
   17  0.41% 83.36%     4536   63    4536   63   139 [C
   18  0.38% 83.74%     4224   24    4224   24   185 [C
   19  0.36% 84.10%     4032   48    4032   48     7 java.lang.Object
   20  0.30% 84.40%     3312   69    3312   69    35 java.nio.HeapByteBuffer
   21  0.30% 84.69%     3312   69    3312   69    36 java.nio.HeapCharBuffer
   22  0.29% 84.98%     3208   78    3208   78   124 [C
   23  0.29% 85.27%     3208   78    3208   78   127 [C
   24  0.28% 85.54%     3096   27    3096   27   184 [C
   25  0.23% 85.77%     2520   63    2520   63   137 [C
   26  0.23% 86.00%     2520   63    2520   63   133 java.util.HashMap
   27  0.22% 86.22%     2496   52    2496   52    67 [C
   28  0.22% 86.44%     2448  102    2448  102     1 [C
   29  0.20% 86.64%     2272    4    2272    4   463 [C
   30  0.19% 86.83%     2112    4    2112    4    90 [B
   31  0.19% 87.02%     2112   66    2112   66     1 java.util.TreeMap$Entry
   32  0.19% 87.21%     2112    4    2112    4   101 [B
   33  0.18% 87.39%     2016   24    2016   24   158 java.lang.Object
   34  0.17% 87.56%     1920   24    1920   24     7 [S
   35  0.17% 87.73%     1904   24    1904   24    13 [C
   36  0.17% 87.90%     1872   78    1872   78   126 java.lang.String
   37  0.17% 88.06%     1848   77    1848   77   128 java.util.HashMap$Entry
   38  0.16% 88.22%     1792   12    1792   12   281 [B
   39  0.15% 88.37%     1672   29    1672   29     4 [C
   40  0.15% 88.52%     1672   29    1672   29     5 [C
   41  0.15% 88.67%     1632   34    1632   34   309 java.nio.HeapCharBuffer
   42  0.14% 88.81%     1616   24    1616   24    10 [C
   43  0.14% 88.96%     1584   66    1584   66     1 java.util.Hashtable$Entry
   44  0.14% 89.09%     1520    8    1520    8   460 [C
   45  0.14% 89.23%     1512   63    1512   63   136 java.lang.String
   46  0.14% 89.36%     1512   63    1512   63   138 java.lang.String
   47  0.14% 89.50%     1512   63    1512   63   135 java.util.HashMap$Entry
   48  0.14% 89.63%     1512   63    1512   63   134 java.util.HashMap$Entry
   49  0.14% 89.77%     1512   63    1512   63   130 java.lang.String
   50  0.12% 89.89%     1344   24    1344   24   170 java.net.URL
   51  0.11% 90.00%     1248   52    1248   52    69 java.lang.String
   52  0.10% 90.10%     1152   48    1152   48   156 java.lang.StringBuffer
   53  0.10% 90.21%     1152   24    1152   24   173 [C
   54  0.10% 90.31%     1152   24    1152   24   183 [C
   55  0.10% 90.41%     1136    4    1136    4   412 [C
   56  0.10% 90.51%     1120    4    1120    4    25 [C
   57  0.09% 90.60%     1008   63    1008   63   132 java.util.jar.Attributes
   58  0.09% 90.69%     1008   63    1008   63   140 java.util.jar.Attributes$Name
   59  0.09% 90.78%      960   12     960   12   158 [S
   60  0.09% 90.86%      960   12     960   12     1 java.util.HashMap$Entry
   61  0.08% 90.95%      944    3     944    3   143 java.util.HashMap$Entry
   62  0.08% 91.03%      944   16     944   16   429 [C
   63  0.08% 91.11%      928    8     928    8    30 [C
   64  0.08% 91.20%      928    8     928    8   432 [C
   65  0.08% 91.28%      920    3     920    3   218 [B
   66  0.07% 91.35%      816   14     816   14   105 [C
   67  0.07% 91.43%      808   12     808   12     6 [C
   68  0.07% 91.50%      784    8     784    8     1 java.util.Hashtable$Entry
   69  0.07% 91.57%      784    5     784    5    38 [S
   70  0.07% 91.63%      744   31     744   31    37 java.lang.String
   71  0.07% 91.70%      728   16     728   16   431 [C
   72  0.06% 91.76%      704   29     704   29   454 [I
   73  0.06% 91.82%      696   29     696   29     4 java.lang.String
   74  0.06% 91.88%      696   29     696   29     5 java.lang.String
   75  0.06% 91.95%      696   29     696   29   456 [I
   76  0.06% 92.01%      680   13     680   13   281 [S
   77  0.06% 92.07%      672   12     672   12   281 java.lang.Class
   78  0.06% 92.13%      656   14     656   14   103 [C
   79  0.06% 92.18%      648   13     648   13   281 java.lang.Object
   80  0.06% 92.24%      624    3     624    3    45 [C
   81  0.06% 92.30%      616    1     616    1   466 [C
   82  0.06% 92.35%      616    6     616    6    52 [C
   83  0.05% 92.40%      608   10     608   10   287 [C
   84  0.05% 92.46%      592    1     592    1   417 [S
   85  0.05% 92.51%      584    4     584    4    24 [C
   86  0.05% 92.56%      584    4     584    4    22 [C
   87  0.05% 92.61%      576   24     576   24   175 java.lang.String
   88  0.05% 92.67%      576   24     576   24   172 java.lang.StringBuffer
   89  0.05% 92.72%      576   12     576   12   428 [C
   90  0.05% 92.77%      576    3     576    3    38 [B
   91  0.05% 92.82%      576   24     576   24    11 java.lang.String
   92  0.05% 92.87%      576   24     576   24    14 java.lang.String
   93  0.05% 92.92%      576   24     576   24   186 java.lang.String
   94  0.05% 92.97%      576   24     576   24   182 java.lang.StringBuffer
   95  0.05% 93.02%      552    9     552    9     0 [D
   96  0.05% 93.07%      544   34     544   34   308 [C
   97  0.05% 93.12%      536    1     536    1   417 [B
   98  0.05% 93.17%      528   22     528   22     1 java.util.Locale
   99  0.04% 93.21%      496   31     496   31    33 sun.security.action.GetPropertyAction
  100  0.04% 93.26%      480   15     480   15     1 java.lang.String
  101  0.04% 93.30%      480   12     480   12   417 java.lang.FloatingDecimal
  102  0.04% 93.34%      480   12     480   12     1 java.util.HashMap
  103  0.04% 93.38%      472    4     472    4   218 [S
  104  0.04% 93.42%      464    4     464    4   163 [C
  105  0.04% 93.47%      464    5     464    5   167 [C
  106  0.04% 93.51%      464   29     464   29   457 java.lang.FDBigInt
  107  0.04% 93.55%      448    8     448    8   399 edu.jhu.htm.core.Vector3d
  108  0.04% 93.59%      448   12     448   12     0 [I
  109  0.04% 93.63%      448    8     448    8   383 edu.jhu.htm.core.Vector3d
  110  0.04% 93.67%      440    2     440    2    16 [B
  111  0.04% 93.71%      432   27     432   27   455 java.lang.FDBigInt
  112  0.04% 93.74%      424    1     424    1     1 [[C
  113  0.04% 93.78%      408    3     408    3     6 [S
  114  0.04% 93.82%      400   11     400   11   218 [I
  115  0.04% 93.85%      392    7     392    7     1 java.lang.Class
  116  0.04% 93.89%      392    1     392    1    70 [B
  117  0.03% 93.92%      384    6     384    6   304 [C
  118  0.03% 93.96%      384   24     384   24   181 java.io.File
  119  0.03% 93.99%      384   12     384   12     6 java.lang.ClassNotFoundException
  120  0.03% 94.02%      384   12     384   12     9 java.security.PrivilegedActionException
  121  0.03% 94.06%      384    8     384    8     1 java.lang.reflect.Constructor
  122  0.03% 94.09%      384   12     384   12   203 java.lang.ref.Finalizer
  123  0.03% 94.13%      384   16     384   16   430 java.lang.String
  124  0.03% 94.16%      384   12     384   12   157 java.lang.ClassNotFoundException
  125  0.03% 94.19%      352    4     352    4    76 java.util.jar.JarFile$JarFileEntry
  126  0.03% 94.22%      352    3     352    3   218 java.lang.Object
  127  0.03% 94.26%      352    3     352    3     6 [B
  128  0.03% 94.29%      352    6     352    6     6 [I
  129  0.03% 94.32%      352    1     352    1   464 [C
  130  0.03% 94.35%      336   14     336   14   104 java.lang.String
  131  0.03% 94.38%      336    6     336    6   374 edu.jhu.htm.core.Vector3d
  132  0.03% 94.41%      336    6     336    6   375 edu.jhu.htm.core.Vector3d
  133  0.03% 94.44%      336    3     336    3    44 [C
  134  0.03% 94.47%      336    6     336    6     1 java.net.URL
  135  0.03% 94.50%      336    6     336    6   390 edu.jhu.htm.core.Vector3d
  136  0.03% 94.53%      336   14     336   14   102 java.lang.String
  137  0.03% 94.56%      336    6     336    6   363 edu.jhu.htm.core.Vector3d
  138  0.03% 94.59%      336    6     336    6   391 edu.jhu.htm.core.Vector3d
  139  0.03% 94.62%      320   10     320   10     0 java.lang.ref.Finalizer
  140  0.03% 94.65%      320    4     320    4    96 java.util.HashMap$Entry
  141  0.03% 94.68%      320    4     320    4    98 java.util.HashMap$Entry
  142  0.03% 94.70%      312    1     312    1   189 [B
  143  0.03% 94.73%      304    6     304    6   196 [C
  144  0.03% 94.76%      304    6     304    6   198 [C
  145  0.03% 94.78%      304    2     304    2    93 [B
  146  0.03% 94.81%      296    1     296    1   144 [B
  147  0.03% 94.84%      296    1     296    1   259 [B
  148  0.03% 94.86%      288   12     288   12   188 java.lang.String
  149  0.03% 94.89%      288    4     288    4    71 java.util.zip.ZipEntry
  150  0.03% 94.91%      288   12     288   12   187 sun.misc.URLClassPath$6
  151  0.03% 94.94%      288   12     288   12   208 java.security.CodeSource
  152  0.03% 94.97%      288   12     288   12   278 java.lang.String
  153  0.03% 94.99%      288    4     288    4     1 java.lang.Thread
  154  0.03% 95.02%      288    6     288    6    53 java.nio.HeapByteBuffer
  155  0.03% 95.04%      288   12     288   12     6 java.lang.String
  156  0.03% 95.07%      288    6     288    6    54 java.nio.HeapCharBuffer
  157  0.03% 95.10%      288    9     288    9     1 java.lang.ref.SoftReference
  158  0.02% 95.12%      272    1     272    1   354 [B
  159  0.02% 95.14%      272    1     272    1   307 [B
  160  0.02% 95.17%      272    1     272    1   348 [B
  161  0.02% 95.19%      272    1     272    1   351 [B
  162  0.02% 95.22%      272    1     272    1   324 [B
  163  0.02% 95.24%      264    2     264    2   106 [S
  164  0.02% 95.26%      264    1     264    1    64 [B
  165  0.02% 95.29%      256    2     256    2    83 [B
  166  0.02% 95.31%      256    8     256    8   344 edu.jhu.htm.core.Base
  167  0.02% 95.33%      256    6     256    6    70 [I
  168  0.02% 95.36%      256    3     256    3    38 java.lang.Object
  169  0.02% 95.38%      248    2     248    2   248 [C
  170  0.02% 95.40%      248    1     248    1   208 [B
  171  0.02% 95.42%      240    5     240    5     0 java.lang.Object
  172  0.02% 95.44%      240   10     240   10   344 [C
  173  0.02% 95.46%      240   10     240   10   287 java.lang.String
  174  0.02% 95.49%      240   10     240   10   344 java.lang.String
  175  0.02% 95.51%      240    6     240    6     1 java.util.Hashtable
  176  0.02% 95.53%      240    2     240    2   209 [B
  177  0.02% 95.55%      232    5     232    5     0 [C
  178  0.02% 95.57%      232    1     232    1     0 [J
  179  0.02% 95.59%      232    2     232    2   256 [C
  180  0.02% 95.61%      232    2     232    2   231 [C
  181  0.02% 95.63%      232    1     232    1   423 [J
  182  0.02% 95.65%      232    1     232    1   233 [B
  183  0.02% 95.67%      232    2     232    2   233 [S
  184  0.02% 95.70%      232    2     232    2   215 [C
  185  0.02% 95.72%      224    4     224    4   152 java.lang.Object
  186  0.02% 95.74%      224    4     224    4   146 java.util.Hashtable$Entry
  187  0.02% 95.76%      224    4     224    4   400 edu.jhu.htm.core.Vector3d
  188  0.02% 95.78%      224    4     224    4   148 java.util.Hashtable$Entry
  189  0.02% 95.80%      224    4     224    4   150 java.util.Hashtable$Entry
  190  0.02% 95.82%      224    4     224    4    17 java.net.URL
  191  0.02% 95.84%      224    4     224    4    59 java.lang.Object
  192  0.02% 95.86%      224    4     224    4   259 [I
  193  0.02% 95.88%      224    4     224    4   384 edu.jhu.htm.core.Vector3d
  194  0.02% 95.90%      224   14     224   14   106 java.util.jar.Attributes$Name
  195  0.02% 95.92%      224    4     224    4    20 [C
  196  0.02% 95.93%      216    3     216    3    50 [B
  197  0.02% 95.95%      216    9     216    9     1 java.util.logging.Level
  198  0.02% 95.97%      216    1     216    1    71 [B
  199  0.02% 95.99%      208    2     208    2    78 [B
  200  0.02% 96.01%      208    4     208    4   281 [C
  201  0.02% 96.03%      208    4     208    4   284 [C
  202  0.02% 96.05%      208    1     208    1    94 [B
  203  0.02% 96.07%      208   13     208   13   205 sun.security.action.GetPropertyAction
  204  0.02% 96.09%      208    4     208    4   325 [C
  205  0.02% 96.10%      200    1     200    1   418 [D
  206  0.02% 96.12%      192   12     192   12   159 java.net.URLClassLoader$1
  207  0.02% 96.14%      192    4     192    4   414 [C
  208  0.02% 96.15%      192    4     192    4   416 [C
  209  0.02% 96.17%      192    4     192    4   144 java.util.jar.JarVerifier
  210  0.02% 96.19%      192    4     192    4    29 [C
  211  0.02% 96.21%      192    4     192    4    38 java.util.jar.JarFile
  212  0.02% 96.22%      192    6     192    6   362 [D
  213  0.02% 96.24%      192    6     192    6     0 edu.jhu.htm.core.Base
  214  0.02% 96.26%      192    1     192    1   226 [B
  215  0.02% 96.27%      192    3     192    3     1 sun.nio.cs.ISO_8859_15$Encoder
  216  0.02% 96.29%      192   12     192   12   202 java.io.FileInputStream
  217  0.02% 96.31%      192    2     192    2   144 [S
  218  0.02% 96.33%      192   12     192   12     8 java.net.URLClassLoader$1
  219  0.02% 96.34%      192   12     192   12   204 java.io.FileDescriptor
  220  0.02% 96.36%      192    4     192    4    38 [I
  221  0.02% 96.38%      192   12     192   12   206 sun.security.action.GetPropertyAction
  222  0.02% 96.40%      192    4     192    4    18 [C
  223  0.02% 96.41%      192    4     192    4   154 [B
  224  0.02% 96.43%      192    4     192    4    16 [I
  225  0.02% 96.45%      184    4     184    4    16 [S
  226  0.02% 96.46%      176    1     176    1   106 [B
  227  0.02% 96.48%      176    2     176    2   189 [S
  228  0.02% 96.49%      176   11     176   11     0 java.io.FileInputStream
  229  0.02% 96.51%      176    3     176    3    78 java.lang.Object
  230  0.02% 96.52%      176    3     176    3     6 java.lang.Object
  231  0.02% 96.54%      168    3     168    3   218 java.lang.Class
  232  0.02% 96.55%      168    3     168    3     6 java.lang.Class
  233  0.02% 96.57%      168    3     168    3    38 java.lang.Class
  234  0.02% 96.58%      168    1     168    1    71 [S
  235  0.01% 96.60%      160    1     160    1   269 [B
  236  0.01% 96.61%      160    4     160    4   145 java.util.Hashtable
  237  0.01% 96.63%      160    4     160    4   147 java.util.Hashtable
  238  0.01% 96.64%      160    6     160    6   209 java.lang.Object
  239  0.01% 96.66%      160    4     160    4   149 java.util.Hashtable
  240  0.01% 96.67%      160    5     160    5     1 java.lang.ref.Finalizer
  241  0.01% 96.68%      160    4     160    4    95 java.util.HashMap
  242  0.01% 96.70%      160    3     160    3    83 [S
  243  0.01% 96.71%      160    4     160    4    97 java.util.HashMap
  244  0.01% 96.73%      160    4     160    4    83 java.util.zip.ZipFile$1
  245  0.01% 96.74%      160    4     160    4     1 java.util.TreeMap
  246  0.01% 96.76%      160    4     160    4    79 java.util.zip.ZipFile$ZipFileInputStream
  247  0.01% 96.77%      160    4     160    4   461 java.lang.FloatingDecimal
  248  0.01% 96.78%      152    2     152    2   187 [B
  249  0.01% 96.80%      152    2     152    2    71 java.lang.Object
  250  0.01% 96.81%      152    1     152    1   141 java.lang.Object
  251  0.01% 96.83%      152    1     152    1   433 [B
  252  0.01% 96.84%      144    9     144    9     0 java.io.FileDescriptor
  253  0.01% 96.85%      144    6     144    6   304 java.lang.String
  254  0.01% 96.86%      144    2     144    2   364 [C
  255  0.01% 96.88%      144    1     144    1   141 [B
  256  0.01% 96.89%      144    6     144    6   197 java.lang.String
  257  0.01% 96.90%      144    6     144    6   199 java.lang.String
  258  0.01% 96.92%      144    6     144    6     1 java.util.Vector
  259  0.01% 96.93%      144    6     144    6   155 java.util.HashMap$Entry
  260  0.01% 96.94%      144    6     144    6     1 java.util.ArrayList
  261  0.01% 96.95%      144    3     144    3   402 [C
  262  0.01% 96.97%      144    3     144    3    43 [C
  263  0.01% 96.98%      144    1     144    1   191 java.util.HashMap$Entry
  264  0.01% 96.99%      144    3     144    3    93 java.lang.Object
  265  0.01% 97.01%      144    6     144    6     0 java.util.Hashtable$Entry
  266  0.01% 97.02%      144    4     144    4   233 java.lang.Object
  267  0.01% 97.03%      136    3     136    3    93 [S
  268  0.01% 97.04%      136    2     136    2    94 java.lang.Object
  269  0.01% 97.05%      128    2     128    2    76 [B
  270  0.01% 97.07%      128    4     128    4   364 edu.jhu.htm.core.Constraint
  271  0.01% 97.08%      128    3     128    3   189 [I
  272  0.01% 97.09%      128    2     128    2   305 [C
  273  0.01% 97.10%      128    4     128    4    56 java.lang.ref.Finalizer
  274  0.01% 97.11%      128    1     128    1    84 [B
  275  0.01% 97.12%      128    4     128    4    87 java.lang.ref.Finalizer
  276  0.01% 97.13%      128    1     128    1   189 java.lang.Object
  277  0.01% 97.15%      128    4     128    4    16 sun.misc.URLClassPath$JarLoader
  278  0.01% 97.16%      128    1     128    1    84 java.lang.Object
  279  0.01% 97.17%      128    4     128    4    84 java.util.zip.Inflater
  280  0.01% 97.18%      128    4     128    4   259 java.lang.Object
  281  0.01% 97.19%      128    3     128    3   326 [C
  282  0.01% 97.20%      120    2     120    2   218 [C
  283  0.01% 97.21%      120    5     120    5   168 java.lang.String
  284  0.01% 97.22%      120    5     120    5   169 java.lang.String
  285  0.01% 97.23%      120    1     120    1   424 [I
  286  0.01% 97.25%      120    1     120    1   259 [S
  287  0.01% 97.26%      120    3     120    3   404 [C
  288  0.01% 97.27%      120    3     120    3   200 java.lang.Package
  289  0.01% 97.28%      112    2     112    2   373 java.lang.Object
  290  0.01% 97.29%      112    2     112    2   365 edu.jhu.htm.core.Vector3d
  291  0.01% 97.30%      112    2     112    2    78 java.lang.Class
  292  0.01% 97.31%      112    1     112    1   160 [B
  293  0.01% 97.32%      112    3     112    3   187 [S
  294  0.01% 97.33%      112    2     112    2   468 [C
  295  0.01% 97.34%      112    2     112    2    16 java.lang.Object
  296  0.01% 97.35%      112    2     112    2   275 java.lang.Class
  297  0.01% 97.36%      112    2     112    2    79 [S
  298  0.01% 97.37%      112    2     112    2   221 java.lang.Class
  299  0.01% 97.38%      112    2     112    2    83 java.lang.Class
  300  0.01% 97.39%      112    2     112    2   279 java.lang.Class
  301  0.01% 97.40%      112    7     112    7     1 java.lang.Class
  302  0.01% 97.41%      112    2     112    2     1 sun.nio.cs.StreamEncoder$CharsetSE
  303  0.01% 97.42%      112    2     112    2   285 [C
  304  0.01% 97.43%      112    1     112    1     9 [C
  305  0.01% 97.44%      112    1     112    1   144 [I
  306  0.01% 97.45%      112    2     112    2    93 java.lang.Class
  307  0.01% 97.46%      112    2     112    2   209 java.lang.Class
  308  0.01% 97.47%      112    2     112    2   367 java.lang.Object
  309  0.01% 97.48%      112    2     112    2    16 java.lang.Class
  310  0.01% 97.49%      112    2     112    2   369 java.lang.Object
  311  0.01% 97.50%      112    3     112    3   209 [I
  312  0.01% 97.51%      112    2     112    2   371 java.lang.Object
  313  0.01% 97.52%      112    2     112    2    76 java.lang.Class
  314  0.01% 97.53%      112    2     112    2   299 [C
  315  0.01% 97.54%      112    2     112    2   187 java.lang.Class
SITES END
